 WaterSimDCDC_model_6

 Timestamp is 5d7bd233 (Fri Sep 13 10:30:27 2019)

 Preferred load address is 10000000

 Start         Length     Name                   Class
 0001:00000000 000bf54eH .text                   CODE
 0002:00000000 00000148H .idata$5                DATA
 0002:00000150 00054534H .rdata                  DATA
 0002:00054684 00000028H .idata$2                DATA
 0002:000546ac 00000014H .idata$3                DATA
 0002:000546c0 00000148H .idata$4                DATA
 0002:00054808 000005d2H .idata$6                DATA
 0002:00054de0 00002a18H .edata                  DATA
 0003:00000000 00000004H .CRT$XCA                DATA
 0003:00000004 00000000H .CRT$XCU                DATA
 0003:00000004 00000004H .CRT$XCZ                DATA
 0003:00000008 00000004H .CRT$XIA                DATA
 0003:0000000c 00000008H .CRT$XIC                DATA
 0003:00000014 00000004H .CRT$XIZ                DATA
 0003:00000018 00000004H .CRT$XPA                DATA
 0003:0000001c 0000000cH .CRT$XPX                DATA
 0003:00000028 00000004H .CRT$XPZ                DATA
 0003:0000002c 00000004H .CRT$XTA                DATA
 0003:00000030 00000004H .CRT$XTZ                DATA
 0003:00000040 00054e80H .data                   DATA
 0003:00054ec0 003ced4cH .bss                    DATA

  Address         Publics by Value              Rva+Base     Lib:Object

 0001:00000000       _lm_river_ba_              10004000 f   WaterShed_CO.obj
 0001:00000011       _lm_river_ba@_initwsb_     10004011 f   WaterShed_CO.obj
 0001:00000039       _lm_river_ba@_openfiles_b_ 10004039 f   WaterShed_CO.obj
 0001:000003e6       _lm_river_ba@_readfiles_b_ 100043e6 f   WaterShed_CO.obj
 0001:00000bf2       _lm_river_ba@_readparms_b_ 10004bf2 f   WaterShed_CO.obj
 0001:00000cf8       _lm_river_ba@_initialstate_b_ 10004cf8 f   WaterShed_CO.obj
 0001:00000de8       _lms_river_ba_             10004de8 f   WaterShed_CO.obj
 0001:00000df9       _lms_river_ba@_initial_co_ 10004df9 f   WaterShed_CO.obj
 0001:00000f27       _lms_river_ba@_aflow_b_    10004f27 f   WaterShed_CO.obj
 0001:00001a87       _lms_river_ba@_amodifyflow_ba_ 10005a87 f   WaterShed_CO.obj
 0001:00001f47       _lms_river_ba@_amodifyflow_bb_ 10005f47 f   WaterShed_CO.obj
 0001:00001f5b       _lms_river_ba@_amodifyflow_bc_ 10005f5b f   WaterShed_CO.obj
 0001:000021f7       _lms_river_ba@_upperbasinempirical_ 100061f7 f   WaterShed_CO.obj
 0001:0000228c       _lms_river_ba@_aouttointerface_ 1000628c f   WaterShed_CO.obj
 0001:000022d8       _lms_river_ba@_reservoirs_b_ 100062d8 f   WaterShed_CO.obj
 0001:00002378       _lms_river_ba@_initializecosensitivity_ 10006378 f   WaterShed_CO.obj
 0001:000023d4       _lms_river_ba@_expectedstorage_ba_ 100063d4 f   WaterShed_CO.obj
 0001:000024db       _lms_river_ba@_initialstorage_b_ 100064db f   WaterShed_CO.obj
 0001:00002526       _lms_river_ba@_expectedstorage_bb_ 10006526 f   WaterShed_CO.obj
 0001:00002633       _lms_river_ba@_fbankstoragepowell_ 10006633 f   WaterShed_CO.obj
 0001:00002666       _lms_river_ba@_fbankstoragemead_ 10006666 f   WaterShed_CO.obj
 0001:00002699       _lms_river_ba@_amodifystorage_ba_ 10006699 f   WaterShed_CO.obj
 0001:00002af2       _lms_river_ba@_actualrelease_ 10006af2 f   WaterShed_CO.obj
 0001:00002c31       _lms_river_ba@_overriderelease_ 10006c31 f   WaterShed_CO.obj
 0001:00002cfd       _lms_river_ba@_adwrrelease_ 10006cfd f   WaterShed_CO.obj
 0001:00003372       _lms_river_ba@_actualstorage_ 10007372 f   WaterShed_CO.obj
 0001:0000351b       _lms_river_ba@_threshold_b_ 1000751b f   WaterShed_CO.obj
 0001:00003c42       _lms_river_ba@_targetamount_ 10007c42 f   WaterShed_CO.obj
 0001:00003da6       _lms_river_ba@_equalizationtier_ 10007da6 f   WaterShed_CO.obj
 0001:0000441d       _lms_river_ba@_upperelevationtier_ 1000841d f   WaterShed_CO.obj
 0001:0000467a       _lms_river_ba@_targetelevations_ 1000867a f   WaterShed_CO.obj
 0001:00004869       _lms_river_ba@_balancecontent_ 10008869 f   WaterShed_CO.obj
 0001:00004cb3       _lms_river_ba@_elevationspowell_ 10008cb3 f   WaterShed_CO.obj
 0001:00004de4       _lms_river_ba@_statefromelevationpowell_ 10008de4 f   WaterShed_CO.obj
 0001:00004e26       _lms_river_ba@_elevationsmead_ 10008e26 f   WaterShed_CO.obj
 0001:00004f2f       _lms_river_ba@_amodifystorage_bb_ 10008f2f f   WaterShed_CO.obj
 0001:00005ef3       _lms_river_ba@_statesshortageratios_ 10009ef3 f   WaterShed_CO.obj
 0001:00005fc4       _lms_river_ba@_sevenstates_ 10009fc4 f   WaterShed_CO.obj
 0001:0000617f       _lms_river_ba@_designations_b_ 1000a17f f   WaterShed_CO.obj
 0001:000062f9       _lms_river_ba@_updatestate_b_ 1000a2f9 f   WaterShed_CO.obj
 0001:000066f4       _lms_river_ba@_outinitialb_ 1000a6f4 f   WaterShed_CO.obj
 0001:00006720       _lms_river_ba@_outputsb_   1000a720 f   WaterShed_CO.obj
 0001:0000684e       _initializecolorado_       1000a84e f   WaterShed_CO.obj
 0001:00006862       _pflowsreservoirscolorado_ 1000a862 f   WaterShed_CO.obj
 0001:00006970       _lm_agwaterbudgets_        1000a970 f   Agriculture.obj
 0001:00006981       _lm_agwaterbudgets@_initag_ 1000a981 f   Agriculture.obj
 0001:0000699f       _lm_agwaterbudgets@_openfiles_ag_ 1000a99f f   Agriculture.obj
 0001:00006abd       _lm_agwaterbudgets@_readfiles_ag_ 1000aabd f   Agriculture.obj
 0001:00006d4b       _lms_agwaterbudgets_       1000ad4b f   Agriculture.obj
 0001:00006d5c       _lms_agwaterbudgets@_agriculturedemand_ 1000ad5c f   Agriculture.obj
 0001:00007431       _lms_agwaterbudgets@_agricultureproduction_ 1000b431 f   Agriculture.obj
 0001:000079f1       _lms_agwaterbudgets@_agriculturalbudgets_ 1000b9f1 f   Agriculture.obj
 0001:0000827f       _lms_agwaterbudgets@_creditchanges_ 1000c27f f   Agriculture.obj
 0001:00008409       _initializeagriculture_    1000c409 f   Agriculture.obj
 0001:0000842c       _sagdemand_                1000c42c f   Agriculture.obj
 0001:0000844f       _sagprovider_              1000c44f f   Agriculture.obj
 0001:0000847e       _sagproductionstatic_      1000c47e f   Agriculture.obj
 0001:0000849d       _saginitialize_water_      1000c49d f   Agriculture.obj
 0001:00008780       _sagpumpingses_            1000c780 f   Agriculture.obj
 0001:00008acb       _sagsurfaceses_            1000cacb f   Agriculture.obj
 0001:00008c60       _lm_buildnotes_            1000cc60 f   BuildNotes.obj
 0001:00008c71       _lm_buildnotes@_buildnumk_ 1000cc71 f   BuildNotes.obj
 0001:00008c96       _lm_buildnotes@_buildverk_ 1000cc96 f   BuildNotes.obj
 0001:00008cbb       _lm_buildnotes@_buildsubverk_ 1000ccbb f   BuildNotes.obj
 0001:00008ce0       _lm_buildnotes@_monthk_    1000cce0 f   BuildNotes.obj
 0001:00008d05       _lm_buildnotes@_dayk_      1000cd05 f   BuildNotes.obj
 0001:00008d2a       _lm_buildnotes@_yeark_     1000cd2a f   BuildNotes.obj
 0001:00008d4f       _lm_buildnotes@_hourk_     1000cd4f f   BuildNotes.obj
 0001:00008d74       _lm_buildnotes@_mink_      1000cd74 f   BuildNotes.obj
 0001:00008da0       _pstartup_k_               1000cda0 f   Demand.obj
 0001:00008dd1       _snonpotableavail_         1000cdd1 f   Demand.obj
 0001:00008fa7       _pgraywater_               1000cfa7 f   Demand.obj
 0001:0000931a       _pstormwaterharvest_       1000d31a f   Demand.obj
 0001:00009701       _prainwaterharvest_        1000d701 f   Demand.obj
 0001:00009c05       _srainfallharvesting_      1000dc05 f   Demand.obj
 0001:0000a8e0       _sdemandwrap_              1000e8e0 f   Demand.obj
 0001:0000ac96       _soutdooraccounting_       1000ec96 f   Demand.obj
 0001:0000ae89       _pwaterbanking_k_          1000ee89 f   Demand.obj
 0001:0000b1e4       _pwaterfordirectinject_s_  1000f1e4 f   Demand.obj
 0001:0000b8c8       _pwaterreclaimed_s_        1000f8c8 f   Demand.obj
 0001:0000be49       _prowaterreclaimed_s_      1000fe49 f   Demand.obj
 0001:0000c107       _pwaterforvadose_s_        10010107 f   Demand.obj
 0001:0000c8fa       _pnewwatersupplies_k_      100108fa f   Demand.obj
 0001:0000cc66       _pcleanup_k_               10010c66 f   Demand.obj
 0001:0000cc72       _punusednonpotable_        10010c72 f   Demand.obj
 0001:0000cd4f       _scwaccounting_            10010d4f f   Demand.obj
 0001:0000d121       _soptimize_                10011121 f   Demand.obj
 0001:0000d499       _soptimize_off_            10011499 f   Demand.obj
 0001:0000d69b       _son_inrounding_           1001169b f   Demand.obj
 0001:0000d765       _son_outrounding_          10011765 f   Demand.obj
 0001:0000d82f       _son_rounding_             1001182f f   Demand.obj
 0001:0000d9b7       _soff_rounding_            100119b7 f   Demand.obj
 0001:0000db41       _scwaccountingindoorout_   10011b41 f   Demand.obj
 0001:0000eef0       _lm_designationsdaily_a_   10012ef0 f   DesignationsDaily.obj
 0001:0000ef01       _lm_designationsdaily_a@_initadesignationsdaily_ 10012f01 f   DesignationsDaily.obj
 0001:0000ef1f       _lm_designationsdaily_a@_openfiles_adesignationsd_ 10012f1f f   DesignationsDaily.obj
 0001:0000f0a0       _lm_designationsdaily_a@_readfiles_adesignationsd_ 100130a0 f   DesignationsDaily.obj
 0001:0000f43b       _lms_designationsdaily_a_  1001343b f   DesignationsDaily.obj
 0001:0000f44c       _lms_designationsdaily_a@_extract_ 1001344c f   DesignationsDaily.obj
 0001:0000f605       _lms_designationsdaily_a@_flow_ 10013605 f   DesignationsDaily.obj
 0001:0000f676       _lms_designationsdaily_a@_fmodflowsvtdaily_ 10013676 f   DesignationsDaily.obj
 0001:0000f6df       _lms_designationsdaily_a@_designations_ 100136df f   DesignationsDaily.obj
 0001:000101cf       _lms_designationsdaily_a@_leapyear_ 100141cf f   DesignationsDaily.obj
 0001:00010338       _initializedailydesig_     10014338 f   DesignationsDaily.obj
 0001:0001034c       _extractdaily_             1001434c f   DesignationsDaily.obj
 0001:00010380       _lm_designations_b_        10014380 f   Designations_CO.obj
 0001:00010391       _lm_designations_b@_initbdesignations_ 10014391 f   Designations_CO.obj
 0001:000103b4       _lm_designations_b@_openfiles_bdesignations_ 100143b4 f   Designations_CO.obj
 0001:00010521       _lm_designations_b@_readparms_pvd_ 10014521 f   Designations_CO.obj
 0001:000105de       _lm_designations_b@_readfiles_bdesignations_ 100145de f   Designations_CO.obj
 0001:00010727       _lms_designations_b_       10014727 f   Designations_CO.obj
 0001:00010738       _lms_designations_b@_apartition_b_ 10014738 f   Designations_CO.obj
 0001:00010d20       _lms_designations_b@_aallocate_b_ 10014d20 f   Designations_CO.obj
 0001:00010dca       _lms_designations_b@_maxcapdesignations_ 10014dca f   Designations_CO.obj
 0001:00010f28       _lms_designations_b@_capneeded_ 10014f28 f   Designations_CO.obj
 0001:0001102b       _lms_designations_b@_reductionsindesignations_ 1001502b f   Designations_CO.obj
 0001:0001240b       _lms_designations_b@_capout_ 1001640b f   Designations_CO.obj
 0001:000126a6       _lms_designations_b@_waterbank_ 100166a6 f   Designations_CO.obj
 0001:000127ba       _lms_designations_b@_capprioritywater_ 100167ba f   Designations_CO.obj
 0001:00012815       _lms_designations_b@_deltacapwater_ 10016815 f   Designations_CO.obj
 0001:000128c7       _lms_designations_b@_coriverdeltawater_ 100168c7 f   Designations_CO.obj
 0001:00012c7f       _lms_designations_b@_atypeconvert_ 10016c7f f   Designations_CO.obj
 0001:00012d3b       _initializecoloradodesig_  10016d3b f   Designations_CO.obj
 0001:00012d4f       _pcap_water_               10016d4f f   Designations_CO.obj
 0001:00012eb0       _lm_designations_a_        10016eb0 f   Designations_STV.obj
 0001:00012ec1       _lm_designations_a@_initadesignations_ 10016ec1 f   Designations_STV.obj
 0001:00012edf       _lm_designations_a@_openfiles_adesignations_ 10016edf f   Designations_STV.obj
 0001:0001309b       _lm_designations_a@_readfiles_adesignations_ 1001709b f   Designations_STV.obj
 0001:000133df       _lms_designations_a_       100173df f   Designations_STV.obj
 0001:000133f0       _lms_designations_a@_aclear_ 100173f0 f   Designations_STV.obj
 0001:000134bb       _lms_designations_a@_adesignations_classbcmax_a_ 100174bb f   Designations_STV.obj
 0001:0001368f       _lms_designations_a@_adesignations_classbc_storage_ 1001768f f   Designations_STV.obj
 0001:00013cb4       _initializestvdesignations_ 10017cb4 f   Designations_STV.obj
 0001:00013cc8       _adesignationsclassbcmax_  10017cc8 f   Designations_STV.obj
 0001:00013cef       _dsalttontoverde_          10017cef f   Designations_STV.obj
 0001:00013d32       _sbookkeeping_             10017d32 f   Designations_STV.obj
 0001:00013db7       _classadesignations_a_     10017db7 f   Designations_STV.obj
 0001:00013df9       _ssrp_classbc_             10017df9 f   Designations_STV.obj
 0001:00014550       _lms_climatefactor_        10018550 f   Functions.obj
 0001:00014561       _lms_climatefactor@_fclimatefactorco_ 10018561 f   Functions.obj
 0001:0001465a       _lms_climatefactor@_fclimatefactorsvt_ 1001865a f   Functions.obj
 0001:00014753       _lms_climatefactor@_flinear_ 10018753 f   Functions.obj
 0001:00014792       _lms_climatefactor@_climateparms_ 10018792 f   Functions.obj
 0001:0001481b       _lms_climatefactor@_slope_ 1001881b f   Functions.obj
 0001:000148bb       _lms_climatefactor@_intercept_ 100188bb f   Functions.obj
 0001:0001494c       _lms_agricultureretirement_ 1001894c f   Functions.obj
 0001:0001495d       _lms_agricultureretirement@_fagretirementfactor_ 1001895d f   Functions.obj
 0001:00014a6b       _lms_agricultureretirement@_agricparms_ 10018a6b f   Functions.obj
 0001:00014af4       _lms_agricultureretirement@_slope_ 10018af4 f   Functions.obj
 0001:00014b94       _lms_agricultureretirement@_intercept_ 10018b94 f   Functions.obj
 0001:00014c1f       _lms_agricultureretirement@_flinear_ 10018c1f f   Functions.obj
 0001:00014c5e       _lms_rainfallfactor_       10018c5e f   Functions.obj
 0001:00014c6f       _lms_rainfallfactor@_frainfallfactor_ 10018c6f f   Functions.obj
 0001:00014d85       _lms_rainfallfactor@_flinear_ 10018d85 f   Functions.obj
 0001:00014dc4       _lms_rainfallfactor@_rainfallparms_ 10018dc4 f   Functions.obj
 0001:00014e4d       _lms_rainfallfactor@_slope_ 10018e4d f   Functions.obj
 0001:00014eed       _lms_rainfallfactor@_intercept_ 10018eed f   Functions.obj
 0001:00014f78       _fvariablefactorx_         10018f78 f   Functions.obj
 0001:00014fc1       _agretirement_             10018fc1 f   Functions.obj
 0001:00015081       _climatefactorco_          10019081 f   Functions.obj
 0001:00015110       _climatefactorsvt_         10019110 f   Functions.obj
 0001:0001519f       _fround_                   1001919f f   Functions.obj
 0001:00015292       _feffectivegpcd_           10019292 f   Functions.obj
 0001:000152d6       _fincrementfloat_          100192d6 f   Functions.obj
 0001:00015305       _fincrementdouble_         10019305 f   Functions.obj
 0001:00015334       _fstoragerelease_          10019334 f   Functions.obj
 0001:00015498       _fmodifynormalflow_        10019498 f   Functions.obj
 0001:00015502       _fmodifytrottnormalflow_   10019502 f   Functions.obj
 0001:0001553a       _fstates_                  1001953a f   Functions.obj
 0001:000155fb       _flogicaltointeger_        100195fb f   Functions.obj
 0001:00015639       _fdconvert_                10019639 f   Functions.obj
 0001:000156b4       _froundtoaf_               100196b4 f   Functions.obj
 0001:0001570c       _fsesgpcd_alpha_           1001970c f   Functions.obj
 0001:00015ca3       _fminmaxalpha_             10019ca3 f   Functions.obj
 0001:00015cfe       _fsesgpcd_gamma_           10019cfe f   Functions.obj
 0001:0001610b       _fsesgpcd_discount_        1001a10b f   Functions.obj
 0001:000161af       _fsesgpcd_equalweight_     1001a1af f   Functions.obj
 0001:0001625c       _fgamma_                   1001a25c f   Functions.obj
 0001:000162e0       _fsesgpcd_increase_        1001a2e0 f   Functions.obj
 0001:000163ab       _fevaporation_             1001a3ab f   Functions.obj
 0001:00016422       _fevaporationmonthly_      1001a422 f   Functions.obj
 0001:00016476       _fevaporation_reach_       1001a476 f   Functions.obj
 0001:000164b7       _fbankstoragereach_        1001a4b7 f   Functions.obj
 0001:000164e7       _fevaporation_powell_      1001a4e7 f   Functions.obj
 0001:000165c2       _fevaporation_mead_        1001a5c2 f   Functions.obj
 0001:0001669d       _fhorsepowercap_           1001a69d f   Functions.obj
 0001:000166f2       _fkilowatthrsfromhp_       1001a6f2 f   Functions.obj
 0001:00016753       _fcftstoacftperannum_      1001a753 f   Functions.obj
 0001:000167ac       _facftperannumtocfts_      1001a7ac f   Functions.obj
 0001:000167fd       _fleapyear_                1001a7fd f   Functions.obj
 0001:00016959       _fmonthsfromdoy_           1001a959 f   Functions.obj
 0001:00016ecd       _fstverdereservoirf_       1001aecd f   Functions.obj
 0001:00016f2c       _fses_alpha_               1001af2c f   Functions.obj
 0001:0001740d       _fses_discount_            1001b40d f   Functions.obj
 0001:000174a7       _fdemandfrompopgpcd_       1001b4a7 f   Functions.obj
 0001:000174e3       _fcreatetarget_            1001b4e3 f   Functions.obj
 0001:00017554       _fhyperbola_               1001b554 f   Functions.obj
 0001:00017638       _finversehyperbola_        1001b638 f   Functions.obj
 0001:00017694       _fhyperbolarunoff_         1001b694 f   Functions.obj
 0001:00017701       _fhyperbollclustatic_      1001b701 f   Functions.obj
 0001:00017755       _sspanandinflection_       1001b755 f   Functions.obj
 0001:00018633       _srampparameters_          1001c633 f   Functions.obj
 0001:00018755       _flogistic_                1001c755 f   Functions.obj
 0001:00018915       _finverselogistic_         1001c915 f   Functions.obj
 0001:00018a5a       _flogisticlclustatic_      1001ca5a f   Functions.obj
 0001:00018ac0       _flogisticlcluspan_        1001cac0 f   Functions.obj
 0001:00018c54       _fsumlcludemand_           1001cc54 f   Functions.obj
 0001:00018cd7       _flcluefficiencies_        1001ccd7 f   Functions.obj
 0001:00018db5       _rainfallfactor_           1001cdb5 f   Functions.obj
 0001:00018e40       _gm_globaldata_            1001ce40 f   Global.obj
 0001:00018e47       _gm_versioncontrol_        1001ce47 f   Global.obj
 0001:00018e4e       _gm_modelcontrol_          1001ce4e f   Global.obj
 0001:00018e55       _gm_dataandsensitivity_    1001ce55 f   Global.obj
 0001:00018e5c       _gm_exception_             1001ce5c f   Global.obj
 0001:00018e70       _int2charact_              1001ce70 f   GlobalSubroutines.obj
 0001:00018eb3       _sdatetimebuild_           1001ceb3 f   GlobalSubroutines.obj
 0001:0001957b       _openfiles_                1001d57b f   GlobalSubroutines.obj
 0001:000198de       _serrorcodes_              1001d8de f   GlobalSubroutines.obj
 0001:0001992b       _daysintheyear_            1001d92b f   GlobalSubroutines.obj
 0001:00019983       _scomparecontrol_          1001d983 f   GlobalSubroutines.obj
 0001:000199f3       _seightypercentcap_        1001d9f3 f   GlobalSubroutines.obj
 0001:00019a82       _seightypercentsrp_        1001da82 f   GlobalSubroutines.obj
 0001:00019ae2       _seightypercent_           1001dae2 f   GlobalSubroutines.obj
 0001:00019c94       _saggroundwater_           1001dc94 f   GlobalSubroutines.obj
 0001:0001a83d       _sagsurfacewaterother_     1001e83d f   GlobalSubroutines.obj
 0001:0001b7af       _spopulationmask_          1001f7af f   GlobalSubroutines.obj
 0001:0001b97b       _scapmaskcredits_          1001f97b f   GlobalSubroutines.obj
 0001:0001b9f4       _sesrunningt_              1001f9f4 f   GlobalSubroutines.obj
 0001:0001bbe2       _gpcd_eight_               1001fbe2 f   GlobalSubroutines.obj
 0001:0001c470       _gpcd_                     10020470 f   GlobalSubroutines.obj
 0001:0001c5e2       _smasksrp_                 100205e2 f   GlobalSubroutines.obj
 0001:0001c860       _smask_                    10020860 f   GlobalSubroutines.obj
 0001:0001c947       _smaskcap_                 10020947 f   GlobalSubroutines.obj
 0001:0001cd70       _smasksrog_                10020d70 f   GlobalSubroutines.obj
 0001:0001ceea       _smaskagriculture_         10020eea f   GlobalSubroutines.obj
 0001:0001cf92       _snewmaskagriculture_      10020f92 f   GlobalSubroutines.obj
 0001:0001d062       _agacerageandcredits_      10021062 f   GlobalSubroutines.obj
 0001:0001d691       _agacerageandcreditscap_   10021691 f   GlobalSubroutines.obj
 0001:0001d92f       _sproviders_               1002192f f   GlobalSubroutines.obj
 0001:0001dbd9       _smodifynormalflow_        10021bd9 f   GlobalSubroutines.obj
 0001:0001dd40       _lms_gpcddemand_           10021d40 f   GPCDdemand.obj
 0001:0001dd51       _lms_gpcddemand@_mysub_    10021d51 f   GPCDdemand.obj
 0001:0001e19f       _lms_gpcddemand@_fcalcindoor_ 1002219f f   GPCDdemand.obj
 0001:0001e2cf       _lms_gpcddemand@_fcalcoutdoor_ 100222cf f   GPCDdemand.obj
 0001:0001e3d3       _gpcdfrommetrics_          100223d3 f   GPCDdemand.obj
 0001:0001e400       _lm_groundwater_a_         10022400 f   Groundwater.obj
 0001:0001e411       _lm_groundwater_a@_initgw_ 10022411 f   Groundwater.obj
 0001:0001e439       _lm_groundwater_a@_openfiles_g_ 10022439 f   Groundwater.obj
 0001:0001e5a6       _lm_groundwater_a@_readfiles_g_ 100225a6 f   Groundwater.obj
 0001:0001e88d       _lm_groundwater_a@_readparms_g_ 1002288d f   Groundwater.obj
 0001:0001e909       _lm_groundwater_a@_initialstate_g_ 10022909 f   Groundwater.obj
 0001:0001e935       _lms_groundwater_a_        10022935 f   Groundwater.obj
 0001:0001e946       _lms_groundwater_a@_initstate_g_ 10022946 f   Groundwater.obj
 0001:0001e96d       _lms_groundwater_a@_deltastate_g_ 1002296d f   Groundwater.obj
 0001:0001ebdd       _lms_groundwater_a@_outinitialg_ 10022bdd f   Groundwater.obj
 0001:0001ec09       _initializegwaterdata_     10022c09 f   Groundwater.obj
 0001:0001ec1d       _sinitialgroundwater_      10022c1d f   Groundwater.obj
 0001:0001ec38       _pprovidergroundwater_     10022c38 f   Groundwater.obj
 0001:0001f4d3       _pproviderdefaultgroundwater_ 100234d3 f   Groundwater.obj
 0001:0001f612       _modflowgroundwater_       10023612 f   Groundwater.obj
 0001:0001f790       _lm_kernel_                10023790 f   Kernel.obj
 0001:0001f7a1       _lm_kernel@_runoneyearkernel_ 100237a1 f   Kernel.obj
 0001:0001f8d6       _lm_kernel@_runmanyyearkernel_ 100238d6 f   Kernel.obj
 0001:0001f8ea       _lm_kernel@_skernalcode_   100238ea f   Kernel.obj
 0001:0001fb16       _lm_kernel@_upstreamk_     10023b16 f   Kernel.obj
 0001:0001fec7       _lm_kernel@_datetime_      10023ec7 f   Kernel.obj
 0001:0001ff1d       _lm_kernel@_downstreamk_   10023f1d f   Kernel.obj
 0001:00020043       _lm_kernel@_int2char_      10024043 f   Kernel.obj
 0001:00020089       _lm_kernel@_startupk_      10024089 f   Kernel.obj
 0001:0002117e       _lm_kernel@_readfilescheckk_ 1002517e f   Kernel.obj
 0001:00021348       _lm_kernel@_teardownk_     10025348 f   Kernel.obj
 0001:00021532       _lm_kernel@_testing_       10025532 f   Kernel.obj
 0001:00021546       _lm_initialize_            10025546 f   Kernel.obj
 0001:00021557       _lm_initialize@_initk_     10025557 f   Kernel.obj
 0001:000215bc       _lm_initialize@_global_    100255bc f   Kernel.obj
 0001:000215f2       _lm_initialize@_openrelease_ 100255f2 f   Kernel.obj
 0001:00021f71       _lm_initialize@_closek_    10025f71 f   Kernel.obj
 0001:00021fe6       _daysintheyeark_           10025fe6 f   Kernel.obj
 0001:0002203e       _lm_start_                 1002603e f   Kernel.obj
 0001:0002204f       _lm_start@_openfilesk_     1002604f f   Kernel.obj
 0001:00022068       _lm_start@_errorcheckreadk_ 10026068 f   Kernel.obj
 0001:00022081       _lm_terminate_             10026081 f   Kernel.obj
 0001:00022092       _lm_terminate@_closefilesk_ 10026092 f   Kernel.obj
 0001:000220ab       _test_                     100260ab f   Kernel.obj
 0001:000220b7       _outputpath_               100260b7 f   Kernel.obj
 0001:00022200       _SetStringData_            10026200 f   KernelInterface.obj
 0001:0002228f       _SetStringOutput_          1002628f f   KernelInterface.obj
 0001:0002231e       _BuildNum_                 1002631e f   KernelInterface.obj
 0001:00022359       _BuildVer_                 10026359 f   KernelInterface.obj
 0001:00022394       _BuildSubVer_              10026394 f   KernelInterface.obj
 0001:000223cf       _TestMonth_                100263cf f   KernelInterface.obj
 0001:0002240a       _TestDay_                  1002640a f   KernelInterface.obj
 0001:00022445       _TestYear_                 10026445 f   KernelInterface.obj
 0001:00022480       _TestHour_                 10026480 f   KernelInterface.obj
 0001:000224bb       _TestMin_                  100264bb f   KernelInterface.obj
 0001:000224f6       _Init_                     100264f6 f   KernelInterface.obj
 0001:0002252a       _CloseFortran_             1002652a f   KernelInterface.obj
 0001:0002255e       _getStatus_                1002655e f   KernelInterface.obj
 0001:0002259a       _RunOneYear_               1002659a f   KernelInterface.obj
 0001:000225ce       _RunManyYears_             100265ce f   KernelInterface.obj
 0001:00022602       _OpenFiles_                10026602 f   KernelInterface.obj
 0001:00022636       _ReadFilesErr_             10026636 f   KernelInterface.obj
 0001:0002266a       _getReadFileError_         1002666a f   KernelInterface.obj
 0001:000226aa       _CloseFiles_               100266aa f   KernelInterface.obj
 0001:000226de       _getStartSimulation_       100266de f   KernelInterface.obj
 0001:0002271a       _setStartSimulation_       1002671a f   KernelInterface.obj
 0001:00022754       _getEndSimulation_         10026754 f   KernelInterface.obj
 0001:00022790       _setEndSimulation_         10026790 f   KernelInterface.obj
 0001:000227ca       _getWriteStatus_           100267ca f   KernelInterface.obj
 0001:0002280a       _setWriteStatus_           1002680a f   KernelInterface.obj
 0001:0002285e       _getWriteLog_              1002685e f   KernelInterface.obj
 0001:0002289e       _setWriteLog_              1002689e f   KernelInterface.obj
 0001:000228f2       _getErrorCode_             100268f2 f   KernelInterface.obj
 0001:00022932       _getAPIcode_               10026932 f   KernelInterface.obj
 0001:00022972       _setAPIcode_               10026972 f   KernelInterface.obj
 0001:000229b0       _setBaseYear_              100269b0 f   KernelInterface.obj
 0001:00022a05       _getClimateFactorEndYear_  10026a05 f   KernelInterface.obj
 0001:00022a41       _setClimateFactorEndYear_  10026a41 f   KernelInterface.obj
 0001:00022a96       _getModifyNormalFlow_      10026a96 f   KernelInterface.obj
 0001:00022ba4       _setModifyNormalFlow_      10026ba4 f   KernelInterface.obj
 0001:00022e45       _getSTVtrace_              10026e45 f   KernelInterface.obj
 0001:00022e81       _setSVTtrace_              10026e81 f   KernelInterface.obj
 0001:00022ed6       _getSVTHistData_           10026ed6 f   KernelInterface.obj
 0001:00022f1d       _setSVTHistData_           10026f1d f   KernelInterface.obj
 0001:00022f72       _getSVHistExtractionStartYear_ 10026f72 f   KernelInterface.obj
 0001:00022fae       _setSVHistExtractionStartYear_ 10026fae f   KernelInterface.obj
 0001:00022fe8       _getSVClimateAdjustmentPercent_ 10026fe8 f   KernelInterface.obj
 0001:00023050       _setSVClimateAdjustmentPercent_ 10027050 f   KernelInterface.obj
 0001:0002309f       _getSVUserAdjustmentStartYear_ 1002709f f   KernelInterface.obj
 0001:000230db       _setSVUserAdjustmentStartYear_ 100270db f   KernelInterface.obj
 0001:00023130       _getSVUserAdjustmentStopYear_ 10027130 f   KernelInterface.obj
 0001:0002316c       _setSVUserAdjustmentStopYear_ 1002716c f   KernelInterface.obj
 0001:000231a6       _getSVUserAdjustmentPercent_ 100271a6 f   KernelInterface.obj
 0001:0002320e       _setSVUserAdjustmentPercent_ 1002720e f   KernelInterface.obj
 0001:0002325d       _setCOtrace_               1002725d f   KernelInterface.obj
 0001:000232b2       _getCOHistData_            100272b2 f   KernelInterface.obj
 0001:000232ee       _setCOHistData_            100272ee f   KernelInterface.obj
 0001:00023343       _getCOHistExtractionStartYear_ 10027343 f   KernelInterface.obj
 0001:0002337f       _setCOHistExtractionStartYear_ 1002737f f   KernelInterface.obj
 0001:000233d4       _getCOClimateAdjustmentPercent_ 100273d4 f   KernelInterface.obj
 0001:00023440       _setCOClimateAdjustmentPercent_ 10027440 f   KernelInterface.obj
 0001:0002348f       _getCOUserAdjustmentStartYear_ 1002748f f   KernelInterface.obj
 0001:000234cb       _setCOUserAdjustmentStartYear_ 100274cb f   KernelInterface.obj
 0001:00023520       _getCOUserAdjustmentStopYear_ 10027520 f   KernelInterface.obj
 0001:0002355c       _setCOUserAdjustmentStopYear_ 1002755c f   KernelInterface.obj
 0001:00023596       _getCOUserAdjustmentPercent_ 10027596 f   KernelInterface.obj
 0001:000235fe       _setCOUserAdjustmentPercent_ 100275fe f   KernelInterface.obj
 0001:0002364d       _setWaterToCOdelta_        1002764d f   KernelInterface.obj
 0001:000236a1       _setCODeltaBurden_         100276a1 f   KernelInterface.obj
 0001:000236f7       _getRatioCOdeltaBurden_    100276f7 f   KernelInterface.obj
 0001:00023733       _getAZshareCOdeltaWater_   10027733 f   KernelInterface.obj
 0001:0002376f       _getCAshareCOdeltaWater_   1002776f f   KernelInterface.obj
 0001:000237ab       _getNVshareCOdeltaWater_   100277ab f   KernelInterface.obj
 0001:000237e7       _getMXshareCOdeltaWater_   100277e7 f   KernelInterface.obj
 0001:00023823       _getNaturalRechargeSwitch_ 10027823 f   KernelInterface.obj
 0001:0002385f       _setNaturalRechargeSwitch_ 1002785f f   KernelInterface.obj
 0001:00023899       _getSVDelivery_            10027899 f   KernelInterface.obj
 0001:000238d5       _getSVRiverFlow_           100278d5 f   KernelInterface.obj
 0001:00023911       _getSVStorage_             10027911 f   KernelInterface.obj
 0001:0002394d       _getSVTspillage_           1002794d f   KernelInterface.obj
 0001:00023989       _getVerdeFlow_             10027989 f   KernelInterface.obj
 0001:000239c5       _getVerdeStorage_          100279c5 f   KernelInterface.obj
 0001:00023a01       _getVerdeClassAused_acft_  10027a01 f   KernelInterface.obj
 0001:00023a3d       _getverdeclassbcused_acft_ 10027a3d f   KernelInterface.obj
 0001:00023a56       _getSaltTontoFlow_         10027a56 f   KernelInterface.obj
 0001:00023a92       _getSaltTontoStorage_      10027a92 f   KernelInterface.obj
 0001:00023ace       _getOtherSaltStorage_      10027ace f   KernelInterface.obj
 0001:00023b0a       _getRooseveltStorage_      10027b0a f   KernelInterface.obj
 0001:00023b46       _getSaltTontoClassAused_acft_ 10027b46 f   KernelInterface.obj
 0001:00023b82       _getSaltTontoClassBCused_acft_ 10027b82 f   KernelInterface.obj
 0001:00023bbe       _getAZshareCO_             10027bbe f   KernelInterface.obj
 0001:00023bfa       _getCAP_                   10027bfa f   KernelInterface.obj
 0001:00023c36       _getPowellElevation_       10027c36 f   KernelInterface.obj
 0001:00023c72       _getMeadElevation_         10027c72 f   KernelInterface.obj
 0001:00023cae       _getUpperBasinDeliveries_  10027cae f   KernelInterface.obj
 0001:00023cea       _setUpperBasinDeliveriesIndex_ 10027cea f   KernelInterface.obj
 0001:00023d4d       _getCODelivery_            10027d4d f   KernelInterface.obj
 0001:00023d89       _getCORiverFlow_           10027d89 f   KernelInterface.obj
 0001:00023dc5       _getCOStorage_             10027dc5 f   KernelInterface.obj
 0001:00023e01       _getPowellStorage_         10027e01 f   KernelInterface.obj
 0001:00023e3d       _getMeadStorage_           10027e3d f   KernelInterface.obj
 0001:00023e79       _setAgPumpingCurve_        10027e79 f   KernelInterface.obj
 0001:00023ece       _setAgCreditTransferPCT_   10027ece f   KernelInterface.obj
 0001:00023f23       _setProviderAgCreditCurvePCT_ 10027f23 f   KernelInterface.obj
 0001:000241af       _getWaterFromAgPumping_    100281af f   KernelInterface.obj
 0001:00024294       _setWaterFromAgPumping_    10028294 f   KernelInterface.obj
 0001:0002453f       _setWaterToAgricultureAF_  1002853f f   KernelInterface.obj
 0001:000247e4       _getWaterToAgricultureAF_  100287e4 f   KernelInterface.obj
 0001:000248c9       _getWaterFromAgPumpingMax_ 100288c9 f   KernelInterface.obj
 0001:000249ae       _getWaterFromAgPumpingTotal_ 100289ae f   KernelInterface.obj
 0001:00024a93       _getWaterFromAgSurface_    10028a93 f   KernelInterface.obj
 0001:00024b99       _setWaterFromAgSurface_    10028b99 f   KernelInterface.obj
 0001:00024e3e       _getWaterFromAgSurfaceMax_ 10028e3e f   KernelInterface.obj
 0001:00024f44       _getGrossAgricultureWaterAF_ 10028f44 f   KernelInterface.obj
 0001:00025029       _getNetAgricultureWaterAF_ 10029029 f   KernelInterface.obj
 0001:0002510e       _getAgProductionPCT_       1002910e f   KernelInterface.obj
 0001:0002514a       _getAgCreditTransPCT_      1002914a f   KernelInterface.obj
 0001:0002522f       _getProviderMaxAgPumping_  1002922f f   KernelInterface.obj
 0001:00025314       _getProviderMaxAgSurface_  10029314 f   KernelInterface.obj
 0001:000253f9       _geteightyPctRule_         100293f9 f   KernelInterface.obj
 0001:000254de       _getPopGrowthRateAdjustPct_ 100294de f   KernelInterface.obj
 0001:000255ec       _setPopGrowthRateAdjustPct_ 100295ec f   KernelInterface.obj
 0001:0002588b       _getPopGrowthRateOnProjectPct_ 1002988b f   KernelInterface.obj
 0001:000259a2       _setPopGrowthRateOnProjectPct_ 100299a2 f   KernelInterface.obj
 0001:00025c41       _getPopGrowthRateOtherPct_ 10029c41 f   KernelInterface.obj
 0001:00025d58       _setPopGrowthRateOtherPct_ 10029d58 f   KernelInterface.obj
 0001:00025ff7       _PopulationOnProject_      10029ff7 f   KernelInterface.obj
 0001:000260e5       _PopulationOther_          1002a0e5 f   KernelInterface.obj
 0001:000261d3       _getTotalDemands_          1002a1d3 f   KernelInterface.obj
 0001:000262b8       _getPopulations_           1002a2b8 f   KernelInterface.obj
 0001:0002639d       _getPopGrowthRate_         1002a39d f   KernelInterface.obj
 0001:00026482       _setPopulationsOn_         1002a482 f   KernelInterface.obj
 0001:00026727       _setPopulationsOther_      1002a727 f   KernelInterface.obj
 0001:000269cc       _getProviderDeliveriesUsed_ 1002a9cc f   KernelInterface.obj
 0001:00026ab1       _getCOAnnualDeliveries_    1002aab1 f   KernelInterface.obj
 0001:00026b96       _getCAPMandI_              1002ab96 f   KernelInterface.obj
 0001:00026bd2       _getCOMaxDeliveries_       1002abd2 f   KernelInterface.obj
 0001:00026cb7       _getSRPAnnualDeliveries_   1002acb7 f   KernelInterface.obj
 0001:00026d9c       _getSVMaxDeliveriesSRP_    1002ad9c f   KernelInterface.obj
 0001:00026e81       _getSVClassADesignations_  1002ae81 f   KernelInterface.obj
 0001:00026f66       _getSVClassBCDesignations_ 1002af66 f   KernelInterface.obj
 0001:0002704b       _getSVClassBCmax_          1002b04b f   KernelInterface.obj
 0001:00027130       _getSVTclassBCstorage_     1002b130 f   KernelInterface.obj
 0001:00027215       _getSVTclassBCstorageMax_  1002b215 f   KernelInterface.obj
 0001:000272fa       _getSTClassAwaterUsed_     1002b2fa f   KernelInterface.obj
 0001:00027336       _getSaltTontoClassBCwaterUsed_ 1002b336 f   KernelInterface.obj
 0001:00027372       _getVerdeClassAwaterUsed_  1002b372 f   KernelInterface.obj
 0001:000273ae       _getVerdeClassBCwaterUsed_ 1002b3ae f   KernelInterface.obj
 0001:000273ea       _getProviderGWDesignations_ 1002b3ea f   KernelInterface.obj
 0001:000274cf       _setProviderAnnualCredits_ 1002b4cf f   KernelInterface.obj
 0001:00027766       _getProviderGWstored_      1002b766 f   KernelInterface.obj
 0001:00027859       _getProviderSWDesignations_ 1002b859 f   KernelInterface.obj
 0001:0002793e       _getAnnualProviderGroundW_ 1002b93e f   KernelInterface.obj
 0001:00027a23       _setProviderGroundWater_   1002ba23 f   KernelInterface.obj
 0001:00027cad       _getProviderGWPumpageMuni_ 1002bcad f   KernelInterface.obj
 0001:00027d92       _getProviderGWPumpageSRP_  1002bd92 f   KernelInterface.obj
 0001:00027e77       _getProviderGWRecharge_    1002be77 f   KernelInterface.obj
 0001:00027f5c       _setAlterGPCDPct_          1002bf5c f   KernelInterface.obj
 0001:00027fa0       _getProviderAlterGPCDPct_  1002bfa0 f   KernelInterface.obj
 0001:0002808e       _setProviderAlterGPCDPct_  1002c08e f   KernelInterface.obj
 0001:00028306       _setProviderMinGPCD_       1002c306 f   KernelInterface.obj
 0001:000284de       _getProviderMinGPCD_       1002c4de f   KernelInterface.obj
 0001:000285cc       _setDemandOption_          1002c5cc f   KernelInterface.obj
 0001:00028606       _getDemandOption_          1002c606 f   KernelInterface.obj
 0001:00028642       _getWaterBankingOption_    1002c642 f   KernelInterface.obj
 0001:00028727       _setWaterBankingOption_    1002c727 f   KernelInterface.obj
 0001:000289b1       _setDemandPercent_         1002c9b1 f   KernelInterface.obj
 0001:000289f6       _getDemandPercent_         1002c9f6 f   KernelInterface.obj
 0001:00028a32       _getDemandMultiplier_      1002ca32 f   KernelInterface.obj
 0001:00028a8f       _getOnProjectDemand_       1002ca8f f   KernelInterface.obj
 0001:00028b74       _getOffProjectDemand_      1002cb74 f   KernelInterface.obj
 0001:00028c59       _getTimeLagVadoseYears_    1002cc59 f   KernelInterface.obj
 0001:00028d3e       _setTimeLagVadoseYears_    1002cd3e f   KernelInterface.obj
 0001:00028fc9       _getParmReclaimedToVadosePct_ 1002cfc9 f   KernelInterface.obj
 0001:000290d7       _setParmReclaimedToVadosePct_ 1002d0d7 f   KernelInterface.obj
 0001:00029376       _getParmReclaimedToDirectInjPct_ 1002d376 f   KernelInterface.obj
 0001:00029484       _setParmReclaimedToDirectInjPct_ 1002d484 f   KernelInterface.obj
 0001:00029723       _getParmReclaimedToOutputPct_ 1002d723 f   KernelInterface.obj
 0001:00029831       _setParmReclaimedToOutputPct_ 1002d831 f   KernelInterface.obj
 0001:00029adf       _getParmReclaimedToInputPct_ 1002dadf f   KernelInterface.obj
 0001:00029bed       _setParmReclaimedToInputPct_ 1002dbed f   KernelInterface.obj
 0001:00029e9b       _getReclaimedOutdoorUse_   1002de9b f   KernelInterface.obj
 0001:00029fa9       _setReclaimedOutdoorUse_   1002dfa9 f   KernelInterface.obj
 0001:0002a257       _getParmRWWToROPct_        1002e257 f   KernelInterface.obj
 0001:0002a365       _setParmRWWToROPct_        1002e365 f   KernelInterface.obj
 0001:0002a604       _getParmROToOutputPct_     1002e604 f   KernelInterface.obj
 0001:0002a712       _setParmROToOutputPct_     1002e712 f   KernelInterface.obj
 0001:0002a9c0       _getParmOutDoorResPct_     1002e9c0 f   KernelInterface.obj
 0001:0002aace       _setParmOutDoorResPct_     1002eace f   KernelInterface.obj
 0001:0002ad7c       _getParmOutDoorComPct_     1002ed7c f   KernelInterface.obj
 0001:0002ae8a       _setParmOutDoorComPct_     1002ee8a f   KernelInterface.obj
 0001:0002b138       _getParmOutDoorIndPct_     1002f138 f   KernelInterface.obj
 0001:0002b246       _setParmOutDoorIndPct_     1002f246 f   KernelInterface.obj
 0001:0002b4f4       _getParmWStoResPct_        1002f4f4 f   KernelInterface.obj
 0001:0002b602       _setParmWStoResPct_        1002f602 f   KernelInterface.obj
 0001:0002b8b0       _getParmWStoComPct_        1002f8b0 f   KernelInterface.obj
 0001:0002b9be       _setParmWStoComPct_        1002f9be f   KernelInterface.obj
 0001:0002bc6c       _getParmWStoIndPct_        1002fc6c f   KernelInterface.obj
 0001:0002bd7a       _setParmWStoIndPct_        1002fd7a f   KernelInterface.obj
 0001:0002c028       _getParmWWtoRWWTPPct_      10030028 f   KernelInterface.obj
 0001:0002c136       _setParmWWtoRWWTPPct_      10030136 f   KernelInterface.obj
 0001:0002c3d5       _getParmWWtoEffluentPct_   100303d5 f   KernelInterface.obj
 0001:0002c4e3       _setParmWWtoEffluentPct_   100304e3 f   KernelInterface.obj
 0001:0002c791       _getParmSWtoWBankPct_      10030791 f   KernelInterface.obj
 0001:0002c89f       _setParmSWtoWBankPct_      1003089f f   KernelInterface.obj
 0001:0002cb3e       _getParmSWtoWBankAmt_      10030b3e f   KernelInterface.obj
 0001:0002cc47       _setParmSWtoWBankAmt_      10030c47 f   KernelInterface.obj
 0001:0002cee9       _getParmSWtoVadoseAmt_     10030ee9 f   KernelInterface.obj
 0001:0002cff2       _setParmSWtoVadoseAmt_     10030ff2 f   KernelInterface.obj
 0001:0002d294       _getParmWStoDIAmt_         10031294 f   KernelInterface.obj
 0001:0002d39d       _setParmWStoDIAmt_         1003139d f   KernelInterface.obj
 0001:0002d63f       _getParmEffluentToPPlantPct_ 1003163f f   KernelInterface.obj
 0001:0002d74d       _setParmEffluentToPPlantPct_ 1003174d f   KernelInterface.obj
 0001:0002d9ec       _getParmEffluenttoVadosePct_ 100319ec f   KernelInterface.obj
 0001:0002dafa       _setParmEffluenttoVadosePct_ 10031afa f   KernelInterface.obj
 0001:0002dd99       _getParmGWtoGWTPPct_       10031d99 f   KernelInterface.obj
 0001:0002dea7       _setParmGWtoGWTPPct_       10031ea7 f   KernelInterface.obj
 0001:0002e146       _setParmIncludeMeteo_      10032146 f   KernelInterface.obj
 0001:0002e19a       _getGrayWaterResidential_  1003219a f   KernelInterface.obj
 0001:0002e299       _getGrayWaterCommercial_   10032299 f   KernelInterface.obj
 0001:0002e398       _getGrayWaterIndustrial_   10032398 f   KernelInterface.obj
 0001:0002e497       _getGWbankedUsed_          10032497 f   KernelInterface.obj
 0001:0002e57c       _getGWbanked_              1003257c f   KernelInterface.obj
 0001:0002e661       _getReclaimedWaterTotal_   10032661 f   KernelInterface.obj
 0001:0002e746       _getReclaimedWaterOut_     10032746 f   KernelInterface.obj
 0001:0002e82b       _getReclaimedWaterUsed_    1003282b f   KernelInterface.obj
 0001:0002e910       _getReclaimedWaterToVadose_ 10032910 f   KernelInterface.obj
 0001:0002e9f5       _getReclaimedWaterDischarged_ 100329f5 f   KernelInterface.obj
 0001:0002eada       _getReclaimedWaterDInject_ 10032ada f   KernelInterface.obj
 0001:0002ebbf       _getROReclaimedWaterOut_   10032bbf f   KernelInterface.obj
 0001:0002eca4       _getROReclaimedWaterUsed_  10032ca4 f   KernelInterface.obj
 0001:0002ed89       _getROReclaimedWaterDI_    10032d89 f   KernelInterface.obj
 0001:0002ee6e       _getEffluentCreated_       10032e6e f   KernelInterface.obj
 0001:0002ef53       _getTWWTPCreated_          10032f53 f   KernelInterface.obj
 0001:0002f038       _getEffluentToPowerPlant_  10033038 f   KernelInterface.obj
 0001:0002f11d       _getEffluentToVadose_      1003311d f   KernelInterface.obj
 0001:0002f202       _getEffluentToDischarge_   10033202 f   KernelInterface.obj
 0001:0002f2e7       _getEffluentToAg_          100332e7 f   KernelInterface.obj
 0001:0002f323       _getNonPotableOutdoorUse_  10033323 f   KernelInterface.obj
 0001:0002f372       _getFlushesPCD_            10033372 f   KernelInterface.obj
 0001:0002f480       _getParmBlackWaterPct_     10033480 f   KernelInterface.obj
 0001:0002f58e       _setParmBlackWaterPct_     1003358e f   KernelInterface.obj
 0001:0002f83c       _getShowerBathPCD_         1003383c f   KernelInterface.obj
 0001:0002f945       _setShowerBathPCT_         10033945 f   KernelInterface.obj
 0001:0002f9a8       _getDemandDeficit_         100339a8 f   KernelInterface.obj
 0001:0002fa8d       _setParmAllStraws_         10033a8d f   KernelInterface.obj
 0001:0002facb       _getNewWaterSupplies_      10033acb f   KernelInterface.obj
 0001:0002fbb0       _setNewWaterSupplies_      10033bb0 f   KernelInterface.obj
 0001:0002fe55       _getNewWaterSuppliesUsed_  10033e55 f   KernelInterface.obj
 0001:0002ff3a       _getCreditDeficits_        10033f3a f   KernelInterface.obj
 0001:00030043       _getTotalCredits_          10034043 f   KernelInterface.obj
 0001:00030128       _getIncidentalCredits_     10034128 f   KernelInterface.obj
 0001:0003020d       _getAgToMuniAddedCredits_  1003420d f   KernelInterface.obj
 0001:000302f2       _getTotalAddedCredits_     100342f2 f   KernelInterface.obj
 0001:000303d7       _getNormalFlowEmpiricalMax_ 100343d7 f   KernelInterface.obj
 0001:000304c5       _setNormalFlowEmpiricalMax_ 100344c5 f   KernelInterface.obj
 0001:00030758       _getRegionalGroundwater_   10034758 f   KernelInterface.obj
 0001:000307a7       _getAgAndOtherPumping_     100347a7 f   KernelInterface.obj
 0001:000307f6       _getRegionalInflow_        100347f6 f   KernelInterface.obj
 0001:00030845       _getRegionalOutflow_       10034845 f   KernelInterface.obj
 0001:00030894       _getRegionalRecharge_      10034894 f   KernelInterface.obj
 0001:000308e3       _getNaturalRecharge_       100348e3 f   KernelInterface.obj
 0001:00030932       _getfluxVadoseToAquifer_   10034932 f   KernelInterface.obj
 0001:00030a17       _getAgToVadoseFlux_        10034a17 f   KernelInterface.obj
 0001:00030a66       _getCAGRD_                 10034a66 f   KernelInterface.obj
 0001:00030aa2       _setCAGRD_                 10034aa2 f   KernelInterface.obj
 0001:00030af6       _set_parmVinze_Johnston_   10034af6 f   KernelInterface.obj
 0001:00030b47       _getProviderGPCD_          10034b47 f   KernelInterface.obj
 0001:00030c2c       _setProviderGPCD_          10034c2c f   KernelInterface.obj
 0001:00030ed1       _getProviderGPCDraw_       10034ed1 f   KernelInterface.obj
 0001:00030fbf       _getProviderGPCDres_       10034fbf f   KernelInterface.obj
 0001:000310ad       _getProviderGPCDind_       100350ad f   KernelInterface.obj
 0001:0003119b       _setWaterCommercialTurf_   1003519b f   KernelInterface.obj
 0001:00031204       _getGPCDResBehavior_       10035204 f   KernelInterface.obj
 0001:000314fb       _setGPCDResBehavior_       100354fb f   KernelInterface.obj
 0001:000317f6       _get_APIinterFaceStatus_   100357f6 f   KernelInterface.obj
 0001:00031836       _set_APIinterFaceStatus_   10035836 f   KernelInterface.obj
 0001:0003188a       _setProviderFlowToCOdelta_AF_ 1003588a f   KernelInterface.obj
 0001:00031b14       _getProviderCOdelataRatioAZ_ 10035b14 f   KernelInterface.obj
 0001:00031bf9       _setDefaultPumpingMandIPct_ 10035bf9 f   KernelInterface.obj
 0001:00031e83       _getDefaultPumpingMandIPct_ 10035e83 f   KernelInterface.obj
 0001:00031f68       _getCAPlossPotentialPriority4_AF_ 10035f68 f   KernelInterface.obj
 0001:0003204d       _getCAPlossPotentialPiority5_AF_ 1003604d f   KernelInterface.obj
 0001:00032132       _getCAPpriority4NotUsed_AF_ 10036132 f   KernelInterface.obj
 0001:00032217       _getCAPpriority5NotUsed_AF_ 10036217 f   KernelInterface.obj
 0001:000322fc       _setParmGrayWater_         100362fc f   KernelInterface.obj
 0001:00032350       _setParmGrayWaterCompliance_ 10036350 f   KernelInterface.obj
 0001:0003239f       _setParmYearsToAdopt_      1003639f f   KernelInterface.obj
 0001:000323e6       _setParmRainWaterHarvesting_ 100363e6 f   KernelInterface.obj
 0001:00032431       _setParmRainWaterHarvestResOnly_ 10036431 f   KernelInterface.obj
 0001:0003247c       _setParmRainWaterHarvestComOnly_ 1003647c f   KernelInterface.obj
 0001:000324c7       _setParmStormWaterHarvesting_ 100364c7 f   KernelInterface.obj
 0001:00032512       _setStormWaterCapacity_m3_ 10036512 f   KernelInterface.obj
 0001:0003279c       _getStormWaterCapacity_m3_ 1003679c f   KernelInterface.obj
 0001:00032881       _setParmIwaniecPPtoAgEffluent_ 10036881 f   KernelInterface.obj
 0001:000328cc       _setParmIwaniecLeaks_      100368cc f   KernelInterface.obj
 0001:00032917       _getGPCD_resGrayWater_     10036917 f   KernelInterface.obj
 0001:000329fc       _getGPCD_comGrayWater_     100369fc f   KernelInterface.obj
 0001:00032ae1       _getGPCD_indGrayWater_     10036ae1 f   KernelInterface.obj
 0001:00032bc6       _setparmIwaniecScenarios_  10036bc6 f   KernelInterface.obj
 0001:00032c1a       _getparmIwaniecScenarios_  10036c1a f   KernelInterface.obj
 0001:00032c58       _setparmWaterSim5_         10036c58 f   KernelInterface.obj
 0001:00032ca9       _getparmWaterSim5_         10036ca9 f   KernelInterface.obj
 0001:00032ce3       _setScenario_              10036ce3 f   KernelInterface.obj
 0001:00032d38       _getScenario_              10036d38 f   KernelInterface.obj
 0001:00032d72       _get_harvestedStormWater_  10036d72 f   KernelInterface.obj
 0001:00032e57       _setAgEfficiency_          10036e57 f   KernelInterface.obj
 0001:00032e91       _getAgPumpingTotal_        10036e91 f   KernelInterface.obj
 0001:00032f76       _getAgSurfaceTotal_        10036f76 f   KernelInterface.obj
 0001:0003305b       _get_effluentUsedAg_       1003705b f   KernelInterface.obj
 0001:00033140       _getUseLCLU_               10037140 f   KernelInterface.obj
 0001:00033180       _setUseLCLU_               10037180 f   KernelInterface.obj
 0001:000331be       _getRainWaterHarvested_    100371be f   KernelInterface.obj
 0001:000332b1       _getRainWaterHarvested_SF_ 100372b1 f   KernelInterface.obj
 0001:00033396       _getRainWaterHarvested_MF_ 10037396 f   KernelInterface.obj
 0001:0003347b       _getRainWaterHarvested_PU_ 1003747b f   KernelInterface.obj
 0001:00033560       _getRainWaterHarvested_COM_ 10037560 f   KernelInterface.obj
 0001:00033645       _getRainHarvestToTotalOutdoor_ 10037645 f   KernelInterface.obj
 0001:0003372a       _getGrayWaterToTotalOutdoor_ 1003772a f   KernelInterface.obj
 0001:0003380f       _getReclaimedToTotalOutdoor_ 1003780f f   KernelInterface.obj
 0001:000338f4       _getAnnualDemand_AG_AF_    100378f4 f   KernelInterface.obj
 0001:000339d9       _getAnnualDemand_MD_AF_    100379d9 f   KernelInterface.obj
 0001:00033abe       _getAnnualDemand_HD_AF_    10037abe f   KernelInterface.obj
 0001:00033ba3       _getAnnualDemand_LD_AF_    10037ba3 f   KernelInterface.obj
 0001:00033c88       _getAnnualDemand_Turf_AF_  10037c88 f   KernelInterface.obj
 0001:00033d72       _getAnnualDemand_GWay_AF_  10037d72 f   KernelInterface.obj
 0001:00033e5c       _getAnnualDemand_Tree_AF_  10037e5c f   KernelInterface.obj
 0001:00033f46       _getNonpotableTotalUsed_AF_ 10037f46 f   KernelInterface.obj
 0001:0003404f       _getResOutdoorGPCD_PU_     1003804f f   KernelInterface.obj
 0001:0003415d       _getResIndoorGPCD_PU_      1003815d f   KernelInterface.obj
 0001:0003426b       _getResOutdoorGPCD_MD_     1003826b f   KernelInterface.obj
 0001:00034379       _getResIndoorGPCD_MD_      10038379 f   KernelInterface.obj
 0001:00034487       _getResOutdoorGPCD_HD_     10038487 f   KernelInterface.obj
 0001:00034595       _getResIndoorGPCD_HD_      10038595 f   KernelInterface.obj
 0001:000346a3       _setRainFallFactor_        100386a3 f   KernelInterface.obj
 0001:000346ea       _setGPCDEfficiency_        100386ea f   KernelInterface.obj
 0001:00034724       _getResIndoorUse_          10038724 f   KernelInterface.obj
 0001:00034760       _getResOutdoorUse_         10038760 f   KernelInterface.obj
 0001:0003479c       _setRainHarvestCompliance_ 1003879c f   KernelInterface.obj
 0001:000347e3       _setInflectionPoint_       100387e3 f   KernelInterface.obj
 0001:0003482a       _getAgRetirementPct_       1003882a f   KernelInterface.obj
 0001:00034892       _setAgRetirementPct_       10038892 f   KernelInterface.obj
 0001:000348fb       _getGrossStormWater_AF_    100388fb f   KernelInterface.obj
 0001:000349e0       _lm_lulc_                  100389e0 f   LandUseLandCover.obj
 0001:000349f1       _lm_lulc@_initlulc_        100389f1 f   LandUseLandCover.obj
 0001:00034a0f       _lm_lulc@_openfiles_cm_    10038a0f f   LandUseLandCover.obj
 0001:00034bea       _lm_lulc@_readfiles_cm_    10038bea f   LandUseLandCover.obj
 0001:00034e63       _lms_lulc_                 10038e63 f   LandUseLandCover.obj
 0001:00034e74       _lms_lulc@_providerrcn_    10038e74 f   LandUseLandCover.obj
 0001:0003501c       _lms_lulc@_slcluarea_      1003901c f   LandUseLandCover.obj
 0001:00035064       _lms_lulc@_sproportionallandcover_ 10039064 f   LandUseLandCover.obj
 0001:0003528e       _lms_lulc@_slanduselandcoverarea_ 1003928e f   LandUseLandCover.obj
 0001:0003546a       _lms_lulc@_slanduselandcoverarea_5_ 1003946a f   LandUseLandCover.obj
 0001:00035537       _lms_lulc@_ssetwaterusebylclu_ 10039537 f   LandUseLandCover.obj
 0001:000359b0       _lms_lulc@_sgetwaterusebylclu_ 100399b0 f   LandUseLandCover.obj
 0001:00035b99       _lms_lulc@_sgetrawefficiencies_ 10039b99 f   LandUseLandCover.obj
 0001:00035c75       _lms_lulc@_sgetweighting_  10039c75 f   LandUseLandCover.obj
 0001:00035d88       _lms_lulc@_saddedoutdoorwater_ 10039d88 f   LandUseLandCover.obj
 0001:00035e26       _lms_lulc@_spartitionpopulation_ 10039e26 f   LandUseLandCover.obj
 0001:000372cc       _lms_lulc@_shouseholds_    1003b2cc f   LandUseLandCover.obj
 0001:00037632       _lms_lulc@_spplhousehold_  1003b632 f   LandUseLandCover.obj
 0001:000376d2       _lms_lulc@_sgpud_          1003b6d2 f   LandUseLandCover.obj
 0001:00037a61       _lms_lulc@_spph_           1003ba61 f   LandUseLandCover.obj
 0001:00037c76       _lms_lulc@_fratioproportion_ 1003bc76 f   LandUseLandCover.obj
 0001:00037d20       _lms_lulc@_sindoorgpcdperhhres_ 1003bd20 f   LandUseLandCover.obj
 0001:00037e08       _lms_lulc@_stotalgpcdperhhres_ 1003be08 f   LandUseLandCover.obj
 0001:0003807f       _lms_lulc@_sturfwateruse_  1003c07f f   LandUseLandCover.obj
 0001:000382f4       _lms_lulc@_streewateruse_  1003c2f4 f   LandUseLandCover.obj
 0001:00038505       _lms_lulc@_fhyperbolatree_ 1003c505 f   LandUseLandCover.obj
 0001:00038587       _lms_lulc@_smultiplymatricies_ 1003c587 f   LandUseLandCover.obj
 0001:000386c8       _lms_lulc@_getlclupct_     1003c6c8 f   LandUseLandCover.obj
 0001:00038a38       _lms_lulc@_setlinearlclu_  1003ca38 f   LandUseLandCover.obj
 0001:00038b9b       _lms_lulc@_getlinearlclu_  1003cb9b f   LandUseLandCover.obj
 0001:00038cde       _lms_lulc@_logisticlclu_   1003ccde f   LandUseLandCover.obj
 0001:00038fa6       _lms_lulc@_hyperbollclu_   1003cfa6 f   LandUseLandCover.obj
 0001:00039262       _lms_lulc@_sdefaultlandcover_ 1003d262 f   LandUseLandCover.obj
 0001:000392f7       _initializelulc_           1003d2f7 f   LandUseLandCover.obj
 0001:0003930b       _sdefaultrcn_              1003d30b f   LandUseLandCover.obj
 0001:0003945f       _sproviderrcn_             1003d45f f   LandUseLandCover.obj
 0001:00039482       _ssetlcludemand_           1003d482 f   LandUseLandCover.obj
 0001:000394a1       _sgetlcludemand_           1003d4a1 f   LandUseLandCover.obj
 0001:000394c0       _srunlcluarea_             1003d4c0 f   LandUseLandCover.obj
 0001:000394df       _srunlclu_                 1003d4df f   LandUseLandCover.obj
 0001:0003951e       _srunproplandcover_5_      1003d51e f   LandUseLandCover.obj
 0001:00039540       _lm_meteorology_           1003d540 f   Meteorology.obj
 0001:00039551       _lm_meteorology@_initmeteo_ 1003d551 f   Meteorology.obj
 0001:0003957f       _lm_meteorology@_openfiles_met_ 1003d57f f   Meteorology.obj
 0001:000396ce       _lm_meteorology@_readfiles_met_ 1003d6ce f   Meteorology.obj
 0001:0003a4ac       _initializemeteo_          1003e4ac f   Meteorology.obj
 0001:0003a4c0       _lm_parametercontrol_      1003e4c0 f   Parameter_control.obj
 0001:0003a4d1       _lm_parametercontrol@_initparmcontrol_ 1003e4d1 f   Parameter_control.obj
 0001:0003a4ef       _lm_parametercontrol@_openfiles_pc_ 1003e4ef f   Parameter_control.obj
 0001:0003a62c       _lm_parametercontrol@_readfiles_pc_ 1003e62c f   Parameter_control.obj
 0001:0003a7c2       _lm_parametercontrol@_initarrays_ 1003e7c2 f   Parameter_control.obj
 0001:0003ab9b       _lm_parametercontrol@_initparameters_ 1003eb9b f   Parameter_control.obj
 0001:0003ac68       _lm_parametercontrol@_initbaseparms_ 1003ec68 f   Parameter_control.obj
 0001:0003ad58       _lm_parametercontrol@_initglobal_ 1003ed58 f   Parameter_control.obj
 0001:0003af1e       _lm_parametercontrol@_initco_ 1003ef1e f   Parameter_control.obj
 0001:0003afa9       _lm_parametercontrol@_initsvt_ 1003efa9 f   Parameter_control.obj
 0001:0003b3b6       _lm_parametercontrol@_initpopanddemand_ 1003f3b6 f   Parameter_control.obj
 0001:0003b895       _lm_parametercontrol@_initcity_ 1003f895 f   Parameter_control.obj
 0001:0003c576       _lm_parametercontrol@_initgeneral_ 10040576 f   Parameter_control.obj
 0001:0003c8f9       _lm_parametercontrol@_initgwater_ 100408f9 f   Parameter_control.obj
 0001:0003ca7f       _lm_parametercontrol@_initgeneric_ 10040a7f f   Parameter_control.obj
 0001:0003ce46       _lm_parametercontrol@_initnew_ 10040e46 f   Parameter_control.obj
 0001:0003d314       _lm_parametercontrol@_initwatersim_6_ 10041314 f   Parameter_control.obj
 0001:0003d5ac       _lms_parametercontrol_     100415ac f   Parameter_control.obj
 0001:0003d5bd       _lms_parametercontrol@_modifydesignations_ 100415bd f   Parameter_control.obj
 0001:0003d779       _initializemodel_          10041779 f   Parameter_control.obj
 0001:0003d797       _pcityparametercontrol_a_  10041797 f   Parameter_control.obj
 0001:0003e1ea       _invokedefault_            100421ea f   Parameter_control.obj
 0001:0003e404       _checkdefault_             10042404 f   Parameter_control.obj
 0001:0003e7b7       _sparametercontrol_tstep_  100427b7 f   Parameter_control.obj
 0001:0003e896       _clearinclude_             10042896 f   Parameter_control.obj
 0001:0003e8b2       _sinputscity_              100428b2 f   Parameter_control.obj
 0001:0003ee00       _MAIN__                    10042e00 f   Program.obj
 0001:0003eeb9       _setparameters_            10042eb9 f   Program.obj
 0001:0003eef0       _lms_provider_             10042ef0 f   Provider.obj
 0001:0003ef01       _lms_provider@_writetodisk__ 10042f01 f   Provider.obj
 0001:0003ef5f       _lms_provider@_sprovider_  10042f5f f   Provider.obj
 0001:0003f15d       _lms_provider@_ademandsupply_ 1004315d f   Provider.obj
 0001:000415e9       _lms_provider@_waterbanking_ 100455e9 f   Provider.obj
 0001:0004185a       _lms_provider@_clearvariables_ 1004585a f   Provider.obj
 0001:00041934       _lms_provider@_sendtocitymodelnewvar_ 10045934 f   Provider.obj
 0001:00042a49       _lms_provider@_adifference_ 10046a49 f   Provider.obj
 0001:00042d87       _nexchangevariables_       10046d87 f   Provider.obj
 0001:00042e80       _pwaterproviders_          10046e80 f   Provider.obj
 0001:00042f40       _lm_providerpopulation_    10046f40 f   ProviderPopulationandDemand.obj
 0001:00042f51       _lm_providerpopulation@_initpop_ 10046f51 f   ProviderPopulationandDemand.obj
 0001:00042f74       _lm_providerpopulation@_openfiles_pop_ 10046f74 f   ProviderPopulationandDemand.obj
 0001:0004319e       _lm_providerpopulation@_readfiles_pop_ 1004719e f   ProviderPopulationandDemand.obj
 0001:000437ad       _lm_providerpopulation@_initialize_ 100477ad f   ProviderPopulationandDemand.obj
 0001:00043877       _lms_providerpopanddemand_ 10047877 f   ProviderPopulationandDemand.obj
 0001:00043888       _lms_providerpopanddemand@_calcdemand_ 10047888 f   ProviderPopulationandDemand.obj
 0001:00045df2       _lms_providerpopanddemand@_lulcdemand_ 10049df2 f   ProviderPopulationandDemand.obj
 0001:00045e16       _lms_providerpopanddemand@_foutdooruse_ 10049e16 f   ProviderPopulationandDemand.obj
 0001:00045ebe       _lms_providerpopanddemand@_primegpcd_ 10049ebe f   ProviderPopulationandDemand.obj
 0001:00046463       _lms_providerpopanddemand@_readnewgpcd_ 1004a463 f   ProviderPopulationandDemand.obj
 0001:00046513       _lms_providerpopanddemand@_gpcdses_ 1004a513 f   ProviderPopulationandDemand.obj
 0001:00046b62       _lms_providerpopanddemand@_calculatealpha_ 1004ab62 f   ProviderPopulationandDemand.obj
 0001:00046cad       _lms_providerpopanddemand@_gpcd_target_ 1004acad f   ProviderPopulationandDemand.obj
 0001:00046ce5       _lms_providerpopanddemand@_sholttarget_ 1004ace5 f   ProviderPopulationandDemand.obj
 0001:00046f58       _lms_providerpopanddemand@_fholt_ 1004af58 f   ProviderPopulationandDemand.obj
 0001:00047059       _lms_providerpopanddemand@_fminmaxalpha_ 1004b059 f   ProviderPopulationandDemand.obj
 0001:000470b7       _lms_providerpopanddemand@_fminmaxbeta_ 1004b0b7 f   ProviderPopulationandDemand.obj
 0001:00047114       _lms_providerpopanddemand@_sfindalphabetastart_ 1004b114 f   ProviderPopulationandDemand.obj
 0001:00047366       _lms_providerpopanddemand@_slinearregression_ 1004b366 f   ProviderPopulationandDemand.obj
 0001:00047522       _lms_providerpopanddemand@_sfindbetagamma_ 1004b522 f   ProviderPopulationandDemand.obj
 0001:00047843       _lms_providerpopanddemand@_ssetgpcd_ 1004b843 f   ProviderPopulationandDemand.obj
 0001:000478f3       _initializepopanddemand_   1004b8f3 f   ProviderPopulationandDemand.obj
 0001:00047907       _readgpcdglobal_           1004b907 f   ProviderPopulationandDemand.obj
 0001:00047926       _readprovidergpcd_         1004b926 f   ProviderPopulationandDemand.obj
 0001:00047945       _foutdoorestimate_         1004b945 f   ProviderPopulationandDemand.obj
 0001:000479fa       _fgpcdmethodvalues_        1004b9fa f   ProviderPopulationandDemand.obj
 0001:00047a72       _punmetdemand_             1004ba72 f   ProviderPopulationandDemand.obj
 0001:00047c42       _pdemand_                  1004bc42 f   ProviderPopulationandDemand.obj
 0001:00047fb6       _pglobaldemand_            1004bfb6 f   ProviderPopulationandDemand.obj
 0001:000480ae       _scleardemand_             1004c0ae f   ProviderPopulationandDemand.obj
 0001:000481ba       _providerarea2012_         1004c1ba f   ProviderPopulationandDemand.obj
 0001:00048243       _providerarea2012i_        1004c243 f   ProviderPopulationandDemand.obj
 0001:000482e2       _providerareaag_2012_      1004c2e2 f   ProviderPopulationandDemand.obj
 0001:00048417       _providerareaag_2012r_     1004c417 f   ProviderPopulationandDemand.obj
 0001:000484f0       _typefiveexpsrp_           1004c4f0 f   Regressions.obj
 0001:000487d3       _typefiveexp_              1004c7d3 f   Regressions.obj
 0001:00048af8       _typefiveexpres_           1004caf8 f   Regressions.obj
 0001:0004914d       _typefiveexpcio_           1004d14d f   Regressions.obj
 0001:00049786       _normal_                   1004d786 f   Regressions.obj
 0001:00049e60       _zdistribution_            1004de60 f   Regressions.obj
 0001:00049f0d       _donormal_                 1004df0d f   Regressions.obj
 0001:0004a04d       _demandnormal_             1004e04d f   Regressions.obj
 0001:0004a127       _nmodifier_                1004e127 f   Regressions.obj
 0001:0004a7bb       _catchexception_           1004e7bb f   Regressions.obj
 0001:0004aa0b       _catchminexception_        1004ea0b f   Regressions.obj
 0001:0004aab2       _gm_euler_                 1004eab2 f   Regressions.obj
 0001:0004aac3       _gm_euler@_seuler_         1004eac3 f   Regressions.obj
 0001:0004ac8a       _f_                        1004ec8a f   Regressions.obj
 0001:0004acb4       _ptypefiveexp_             1004ecb4 f   Regressions.obj
 0001:0004ad68       _gaussian_                 1004ed68 f   Regressions.obj
 0001:0004ae5e       _gaussianprime_            1004ee5e f   Regressions.obj
 0001:0004afb0       _lms_srpnewrelease_        1004efb0 f   SRPnewRelease.obj
 0001:0004afc1       _lms_srpnewrelease@_initialize_ 1004efc1 f   SRPnewRelease.obj
 0001:0004b0e4       _lms_srpnewrelease@_nrelease_ 1004f0e4 f   SRPnewRelease.obj
 0001:0004b2de       _lms_srpnewrelease@_areleaseout_ 1004f2de f   SRPnewRelease.obj
 0001:0004b33b       _lms_srpnewrelease@_updatestate_ 1004f33b f   SRPnewRelease.obj
 0001:0004b47a       _lms_srpnewrelease@_outputstointerface_ 1004f47a f   SRPnewRelease.obj
 0001:0004b510       _psrpnewrelease_           1004f510 f   SRPnewRelease.obj
 0001:0004b600       _lms_srpwateroperations_   1004f600 f   SRPwaterOperations.obj
 0001:0004b611       _lms_srpwateroperations@_classa_ 1004f611 f   SRPwaterOperations.obj
 0001:0004b847       _lms_srpwateroperations@_ncs_ 1004f847 f   SRPwaterOperations.obj
 0001:0004bcd3       _psrp_newclassa_           1004fcd3 f   SRPwaterOperations.obj
 0001:0004bed3       _psrp_newclassbc_          1004fed3 f   SRPwaterOperations.obj
 0001:0004c615       _psrp_newncs_              10050615 f   SRPwaterOperations.obj
 0001:0004c7a0       _sstrings_                 100507a0 f   Strings.obj
 0001:0004cee5       _soncethrough_             10050ee5 f   Strings.obj
 0001:0004d291       _swrite_                   10051291 f   Strings.obj
 0001:0004d2ff       _ewrite_                   100512ff f   Strings.obj
 0001:0004d380       _gm_typecontrol_           10051380 f   TypeConstructs.obj
 0001:0004d390       _lms_watershed_            10051390 f   WaterShed.obj
 0001:0004d3a1       _lms_watershed@_initgroundwater_ 100513a1 f   WaterShed.obj
 0001:0004d409       _lms_watershed@_initgw_    10051409 f   WaterShed.obj
 0001:0004d4de       _pinitgroundwater_         100514de f   WaterShed.obj
 0001:0004d574       _flows_                    10051574 f   WaterShed.obj
 0001:0004d5c1       _sflowforenvironment_      100515c1 f   WaterShed.obj
 0001:0004d979       _sflowssalttontoverde_     10051979 f   WaterShed.obj
 0001:0004d9cf       _pdesignate_               100519cf f   WaterShed.obj
 0001:0004db70       _lm_srpsalttonto_          10051b70 f   WaterShed_SaltTonto.obj
 0001:0004db81       _lm_srpsalttonto@_initwssalttonto_ 10051b81 f   WaterShed_SaltTonto.obj
 0001:0004db9f       _lm_srpsalttonto@_openfiles_st_ 10051b9f f   WaterShed_SaltTonto.obj
 0001:0004dc91       _lm_srpsalttonto@_readfiles_st_ 10051c91 f   WaterShed_SaltTonto.obj
 0001:0004de35       _lm_srpsalttonto@_initialstate_st_ 10051e35 f   WaterShed_SaltTonto.obj
 0001:0004de85       _lms_srpsalttonto_         10051e85 f   WaterShed_SaltTonto.obj
 0001:0004de96       _lms_srpsalttonto@_ainflow_salttonto_ 10051e96 f   WaterShed_SaltTonto.obj
 0001:0004e3db       _lms_srpsalttonto@_countyears_ 100523db f   WaterShed_SaltTonto.obj
 0001:0004e486       _lms_srpsalttonto@_monthlyflow_ 10052486 f   WaterShed_SaltTonto.obj
 0001:0004e54a       _lms_srpsalttonto@_expectedstoragesalt_ 1005254a f   WaterShed_SaltTonto.obj
 0001:0004e709       _lms_srpsalttonto@_normalflowavailablemonthly_ 10052709 f   WaterShed_SaltTonto.obj
 0001:0004e940       _lms_srpsalttonto@_monthlybc_ 10052940 f   WaterShed_SaltTonto.obj
 0001:0004e9db       _lms_srpsalttonto@_storagesaltmonthly_ 100529db f   WaterShed_SaltTonto.obj
 0001:0004f244       _lms_srpsalttonto@_storagerooseveltmonthly_ 10053244 f   WaterShed_SaltTonto.obj
 0001:0004f5ff       _lms_srpsalttonto@_initializeloop_ 100535ff f   WaterShed_SaltTonto.obj
 0001:0004f647       _lms_srpsalttonto@_outputstointerface_ 10053647 f   WaterShed_SaltTonto.obj
 0001:0004f766       _lms_srpsalttonto@_validate_ 10053766 f   WaterShed_SaltTonto.obj
 0001:0004f807       _lms_srpsalttonto@_updatestate_ 10053807 f   WaterShed_SaltTonto.obj
 0001:0004f8d8       _lms_srpsalttonto@_movingaveage_ 100538d8 f   WaterShed_SaltTonto.obj
 0001:0004fa5c       _initializesalttonto_      10053a5c f   WaterShed_SaltTonto.obj
 0001:0004fa70       _adjustedflowsalttonto_    10053a70 f   WaterShed_SaltTonto.obj
 0001:0004fa8f       _initializenormalflow_     10053a8f f   WaterShed_SaltTonto.obj
 0001:0004fb13       _normalflowsalttonto_      10053b13 f   WaterShed_SaltTonto.obj
 0001:00050070       _lm_river_aa_              10054070 f   WaterShed_STV.obj
 0001:00050081       _lm_river_aa@_initwsa_     10054081 f   WaterShed_STV.obj
 0001:000500be       _lm_river_aa@_openfiles_a_ 100540be f   WaterShed_STV.obj
 0001:0005024a       _lm_river_aa@_readfiles_a_ 1005424a f   WaterShed_STV.obj
 0001:00050409       _lm_river_aa@_readparms_a_ 10054409 f   WaterShed_STV.obj
 0001:000505c4       _lm_river_aa@_initialstate_a_ 100545c4 f   WaterShed_STV.obj
 0001:0005071a       _lms_river_aa_             1005471a f   WaterShed_STV.obj
 0001:0005072b       _lms_river_aa@_outinitiala_ 1005472b f   WaterShed_STV.obj
 0001:0005073f       _lms_river_aa@_sunintendedrecharge_ 1005473f f   WaterShed_STV.obj
 0001:00050852       _initializesalttontoverde_ 10054852 f   WaterShed_STV.obj
 0001:00050866       _psalttontoverde_          10054866 f   WaterShed_STV.obj
 0001:000508a0       _lm_srpverde_              100548a0 f   WaterShed_Verde.obj
 0001:000508b1       _lm_srpverde@_initwsverde_ 100548b1 f   WaterShed_Verde.obj
 0001:000508cf       _lm_srpverde@_openfiles_v_ 100548cf f   WaterShed_Verde.obj
 0001:000509a3       _lm_srpverde@_readfiles_v_ 100549a3 f   WaterShed_Verde.obj
 0001:00050b47       _lm_srpverde@_initialstate_v_ 10054b47 f   WaterShed_Verde.obj
 0001:00050b6f       _lms_srpverde_             10054b6f f   WaterShed_Verde.obj
 0001:00050b80       _lms_srpverde@_ainflow_verde_ 10054b80 f   WaterShed_Verde.obj
 0001:000510b8       _lms_srpverde@_countyears_ 100550b8 f   WaterShed_Verde.obj
 0001:00051163       _lms_srpverde@_monthlyflow_ 10055163 f   WaterShed_Verde.obj
 0001:00051227       _lms_srpverde@_expectedstorageverde_ 10055227 f   WaterShed_Verde.obj
 0001:00051365       _lms_srpverde@_normalflowavailablemonthly_ 10055365 f   WaterShed_Verde.obj
 0001:00051536       _lms_srpverde@_monthlybc_  10055536 f   WaterShed_Verde.obj
 0001:000517f9       _lms_srpverde@_storageverdemonthly_ 100557f9 f   WaterShed_Verde.obj
 0001:00051d7e       _lms_srpverde@_initializeloop_ 10055d7e f   WaterShed_Verde.obj
 0001:00051df4       _lms_srpverde@_transferout_ 10055df4 f   WaterShed_Verde.obj
 0001:00051e42       _lms_srpverde@_outputstointerface_ 10055e42 f   WaterShed_Verde.obj
 0001:00051f05       _lms_srpverde@_validate_   10055f05 f   WaterShed_Verde.obj
 0001:00052027       _lms_srpverde@_updatestate_ 10056027 f   WaterShed_Verde.obj
 0001:00052077       _initializeverde_          10056077 f   WaterShed_Verde.obj
 0001:0005208b       _adjustedflowverde_        1005608b f   WaterShed_Verde.obj
 0001:000520aa       _initializeverdemonthly_   100560aa f   WaterShed_Verde.obj
 0001:000520e8       _normalflowverde_          100560e8 f   WaterShed_Verde.obj
 0001:000523a2       _monthlydemand_            100563a2 f   WaterShed_Verde.obj
 0001:000524d8       _checkclassaflowavailable_ 100564d8 f   WaterShed_Verde.obj
 0001:00052570       _lm_citiwaterbudgets_      10056570 f   Water_CityModel.obj
 0001:00052581       _lm_citiwaterbudgets@_initcitymodel_ 10056581 f   Water_CityModel.obj
 0001:0005259f       _lm_citiwaterbudgets@_openfiles_cm_ 1005659f f   Water_CityModel.obj
 0001:00052621       _lm_citiwaterbudgets@_readfiles_cm_ 10056621 f   Water_CityModel.obj
 0001:0005268e       _lms_citiwaterbudgets_     1005668e f   Water_CityModel.obj
 0001:0005269f       _lms_citiwaterbudgets@_saquifer_ 1005669f f   Water_CityModel.obj
 0001:00052f7f       _lms_citiwaterbudgets@_scommercial_ 10056f7f f   Water_CityModel.obj
 0001:00053e3f       _lms_citiwaterbudgets@_sshowerminutes_ 10057e3f f   Water_CityModel.obj
 0001:00053e9e       _lms_citiwaterbudgets@_sindustrial_ 10057e9e f   Water_CityModel.obj
 0001:00054db4       _lms_citiwaterbudgets@_sdirectinjection_ 10058db4 f   Water_CityModel.obj
 0001:00054f7f       _lms_citiwaterbudgets@_seffluent_ 10058f7f f   Water_CityModel.obj
 0001:00055afc       _lms_citiwaterbudgets@_sgwtreatment_ 10059afc f   Water_CityModel.obj
 0001:00055c73       _lms_citiwaterbudgets@_sindustrialreuse_ 10059c73 f   Water_CityModel.obj
 0001:00055f24       _lms_citiwaterbudgets@_sreclaimed_ 10059f24 f   Water_CityModel.obj
 0001:00056463       _lms_citiwaterbudgets@_sresidential_ 1005a463 f   Water_CityModel.obj
 0001:00057433       _lms_citiwaterbudgets@_sroprocess_ 1005b433 f   Water_CityModel.obj
 0001:00057752       _lms_citiwaterbudgets@_srwwtp_ 1005b752 f   Water_CityModel.obj
 0001:00057a1e       _lms_citiwaterbudgets@_ssurfacewater_ 1005ba1e f   Water_CityModel.obj
 0001:00057e2a       _lms_citiwaterbudgets@_sswtp_ 1005be2a f   Water_CityModel.obj
 0001:00057f8d       _lms_citiwaterbudgets@_svadose_ 1005bf8d f   Water_CityModel.obj
 0001:00058a28       _lms_citiwaterbudgets@_slagvadose_ 1005ca28 f   Water_CityModel.obj
 0001:00058bf6       _lms_citiwaterbudgets@_storelaggedvadose_ 1005cbf6 f   Water_CityModel.obj
 0001:00058cab       _lms_citiwaterbudgets@_fvadoseinfiltration_ 1005ccab f   Water_CityModel.obj
 0001:00058d30       _lms_citiwaterbudgets@_fvadoseloss_ 1005cd30 f   Water_CityModel.obj
 0001:00058da9       _lms_citiwaterbudgets@_swsupply_ 1005cda9 f   Water_CityModel.obj
 0001:00059836       _lms_citiwaterbudgets@_swwtp_ 1005d836 f   Water_CityModel.obj
 0001:00059d92       _lms_citiwaterbudgets@_srampupparameters_ 1005dd92 f   Water_CityModel.obj
 0001:00059e72       _lms_citiwaterbudgets@_srampdnparameters_ 1005de72 f   Water_CityModel.obj
 0001:00059f26       _lms_citiwaterbudgets@_sagriculture_ 1005df26 f   Water_CityModel.obj
 0001:0005a118       _lms_citiwaterbudgets@_spowerplant_ 1005e118 f   Water_CityModel.obj
 0001:0005a1b7       _lms_citiwaterbudgets@_sbalancews_ 1005e1b7 f   Water_CityModel.obj
 0001:0005a5a2       _lms_citiwaterbudgets@_sproportionnew_ 1005e5a2 f   Water_CityModel.obj
 0001:0005a814       _lms_citiwaterbudgets@_sproportion_ 1005e814 f   Water_CityModel.obj
 0001:0005afc9       _lms_citiwaterbudgets@_srangecheck_ 1005efc9 f   Water_CityModel.obj
 0001:0005b0b9       _lms_citiwaterbudgets@_swaterfluxtoatmos_ 1005f0b9 f   Water_CityModel.obj
 0001:0005b14c       _lms_citiwaterbudgets@_supdatestate_ 1005f14c f   Water_CityModel.obj
 0001:0005b276       _lms_citiwaterbudgets@_sstepupdate_ 1005f276 f   Water_CityModel.obj
 0001:0005b43e       _lms_citiwaterbudgets@_sgraywater_ 1005f43e f   Water_CityModel.obj
 0001:0005b8bd       _lms_citiwaterbudgets@_sblackwater_ 1005f8bd f   Water_CityModel.obj
 0001:0005bc26       _lms_citiwaterbudgets@_srunoff_ 1005fc26 f   Water_CityModel.obj
 0001:0005bd12       _lms_citiwaterbudgets@_fpercolation_ 1005fd12 f   Water_CityModel.obj
 0001:0005bd7e       _lms_citiwaterbudgets@_fstormwaterstorage_ 1005fd7e f   Water_CityModel.obj
 0001:0005c0ce       _lms_citiwaterbudgets@_speakrainfall_ 100600ce f   Water_CityModel.obj
 0001:0005c11f       _lms_citiwaterbudgets@_srainfallrunoff_ 1006011f f   Water_CityModel.obj
 0001:0005c93b       _lms_citiwaterbudgets@_sconverge_ 1006093b f   Water_CityModel.obj
 0001:0005c94f       _lms_citiwaterbudgets@_svadosecurve_ 1006094f f   Water_CityModel.obj
 0001:0005c9be       _lms_citiwaterbudgets@_sclearvariables_ 100609be f   Water_CityModel.obj
 0001:0005ca0b       _lms_citiwaterbudgets@_typetransferin_ 10060a0b f   Water_CityModel.obj
 0001:0005d438       _lms_citiwaterbudgets@_typetransferout_ 10061438 f   Water_CityModel.obj
 0001:0005d97b       _lms_citiwaterbudgets@_soutputtointerface_ 1006197b f   Water_CityModel.obj
 0001:0005e6d5       _lms_citiwaterbudgets@_scitymodelwater_ 100626d5 f   Water_CityModel.obj
 0001:0005e901       _lms_citiwaterbudgets@_screditbalance_ 10062901 f   Water_CityModel.obj
 0001:0005eb52       _lms_citiwaterbudgets@_outputs_ 10062b52 f   Water_CityModel.obj
 0001:0005ebd2       _initializecitymodel_      10062bd2 f   Water_CityModel.obj
 0001:0005ebde       _loopend_                  10062bde f   Water_CityModel.obj
 0001:0005ec07       _loopstartend_             10062c07 f   Water_CityModel.obj
 0001:0005ec67       _pcitimodel_               10062c67 f   Water_CityModel.obj
 0001:0005ef78       _frainevaporationrate_     10062f78 f   Water_CityModel.obj
 0001:0005efc0       _f_dint                    10062fc0 f   fj90f:jwe_fdin.obj
 0001:0005f030       _f_trim                    10063030 f   fj90f:jwe_ftrm.obj
 0001:0005f080       _f_scmov                   10063080 f   fj90f:jwe_fcmv.obj
 0001:0005f0e0       _f_cmove                   100630e0 f   fj90f:jwe_fcmv.obj
 0001:0005f140       _f_dnint                   10063140 f   fj90f:jwe_fdni.obj
 0001:0005f250       _f_anint                   10063250 f   fj90f:jwe_fani.obj
 0001:0005f2d0       _f_aixi                    100632d0 f   fj90f:jwe_fixi.obj
 0001:0005f480       _f_index                   10063480 f   fj90f:jwe_fidx.obj
 0001:0005f4f0       _f_indexa                  100634f0 f   fj90f:jwe_fidx.obj
 0001:0005f5d0       _f_indexj                  100635d0 f   fj90f:jwe_fidx.obj
 0001:0005f670       _f_indxaj                  10063670 f   fj90f:jwe_fidx.obj
 0001:0005f7b0       _f_datim                   100637b0 f   fj90f:jwe_fdat.obj
 0001:0005fde0       _f_cshft                   10063de0 f   fj90f:jwe_fcsh.obj
 0001:000625d0       _jwe_fcsh1                 100665d0 f   fj90f:jwe_fcsh1.obj
 0001:000648b0       _jwe_fcsh8                 100688b0 f   fj90f:jwe_fcsh8.obj
 0001:00066fb0       _jwe_fcsh4                 1006afb0 f   fj90f:jwe_fcsh4.obj
 0001:00069220       _jwe_fcsh2                 1006d220 f   fj90f:jwe_fcsh2.obj
 0001:0006b4a0       _g_arxr                    1006f4a0 f   fj90g:jwe_grxr.obj
 0001:0006baea       _jwe_gpow                  1006faea f   fj90g:jwe_grxr.obj
 0001:0006bc80       _g_adxd                    1006fc80 f   fj90g:jwe_gdxd.obj
 0001:0006c160       _jwe_gpwd                  10070160 f   fj90g:jwe_gdxd.obj
 0001:0006c3c0       _g_exp                     100703c0 f   fj90g:jwe_gexp.obj
 0001:0006c4f0       _g_fract                   100704f0 f   fj90g:jwe_gfrr.obj
 0001:0006c530       _g_log                     10070530 f   fj90g:jwe_glog.obj
 0001:0006c650       _g_atan                    10070650 f   fj90g:jwe_gatn.obj
 0001:0006c670       _g_dexp                    10070670 f   fj90g:jwe_gdex.obj
 0001:0006c7b0       _jwe_gdex                  100707b0 f   fj90g:jwe_gdex.obj
 0001:0006c7d0       _g_dsqrt                   100707d0 f   fj90g:jwe_gdsq.obj
 0001:0006c8e0       _jwe_iocf                  100708e0 f   fj90i:jwe_iocf.obj
 0001:0006f0b0       _jwe_ifac                  100730b0 f   fj90i:jwe_iocf.obj
 0001:0006f2c0       _jwe_ilst                  100732c0 f   fj90i:jwe_ilst.obj
 0001:0006f880       _jwe_isfm                  10073880 f   fj90i:jwe_isfm.obj
 0001:00070110       _jwe_iinq                  10074110 f   fj90i:jwe_iinq.obj
 0001:00070360       _jwe_iiq0                  10074360 f   fj90i:jwe_iinq.obj
 0001:00070700       _jwe_iiq1                  10074700 f   fj90i:jwe_iinq.obj
 0001:000709f0       _jwe_iiq2                  100749f0 f   fj90i:jwe_iinq.obj
 0001:00070cd0       _jwe_iiq3                  10074cd0 f   fj90i:jwe_iinq.obj
 0001:00071230       _jwe_iiqs                  10075230 f   fj90i:jwe_iinq.obj
 0001:00071e80       _jwe_iiqe                  10075e80 f   fj90i:jwe_iinq.obj
 0001:00072130       _jwe_iiq4                  10076130 f   fj90i:jwe_iinq.obj
 0001:00072420       _jwe_iiq5                  10076420 f   fj90i:jwe_iinq.obj
 0001:00072ad0       _jwe_xalc                  10076ad0 f   fj90i:jwe_xalc.obj
 0001:00072f30       _jwe_x_alloc_trace         10076f30 f   fj90i:jwe_xalc.obj
 0001:00073060       _jwe_xdal                  10077060 f   fj90i:jwe_xdal.obj
 0001:00073410       _jwe_iinf                  10077410 f   fj90i:jwe_iinf.obj
 0001:00073eb0       _jwe_xstp                  10077eb0 f   fj90i:jwe_xstp.obj
 0001:00074000       _jwe_xadt                  10078000 f   fj90i:jwe_xadt.obj
 0001:000741e0       _jwe_xddt                  100781e0 f   fj90i:jwe_xadt.obj
 0001:00074420       _jwe_xopt                  10078420 f   fj90i:jwe_xopt.obj
 0001:000753e0       _jwe_xcop                  100793e0 f   fj90i:jwe_xopt.obj
 0001:00075640       _jwe_xrcp                  10079640 f   fj90i:jwe_xopt.obj
 0001:00075650       _jwe_ipsf                  10079650 f   fj90i:jwe_ipsf.obj
[...]
 0001:0007bd70       _jwe_iidp                  1007fd70 f   fj90i:jwe_iedi.obj
 0001:0007bf60       _jwe_idmv                  1007ff60 f   fj90i:jwe_iedi.obj
 0001:0007c030       _jwe_iiex                  10080030 f   fj90i:jwe_iedi.obj
 0001:0007c140       _jwe_iexp                  10080140 f   fj90i:jwe_iedi.obj
 0001:0007c270       _jwe_iied                  10080270 f   fj90i:jwe_iedi.obj
 0001:0007c390       _jwe_iiif                  10080390 f   fj90i:jwe_iedi.obj
 0001:0007c460       _jwe_iiec                  10080460 f   fj90i:jwe_iedi.obj
 0001:0007c4b0       _jwe_iieo                  100804b0 f   fj90i:jwe_iedi.obj
 0001:0007c550       _jwe_iiri                  10080550 f   fj90i:jwe_iedi.obj
 0001:0007c650       _jwe_iini                  10080650 f   fj90i:jwe_iedi.obj
 0001:0007c7b0       _jwe_iiie                  100807b0 f   fj90i:jwe_iedi.obj
 0001:0007cec0       _jwe_iile                  10080ec0 f   fj90i:jwe_iedi.obj
 0001:0007d1d0       _jwe_iize                  100811d0 f   fj90i:jwe_iedi.obj
 0001:0007d5f0       _jwe_iizs                  100815f0 f   fj90i:jwe_iedi.obj
 0001:0007d980       _jwe_iiae                  10081980 f   fj90i:jwe_iedi.obj
 0001:0007da20       _jwe_iiaw                  10081a20 f   fj90i:jwe_iedi.obj
 0001:0007db80       _jwe_iire                  10081b80 f   fj90i:jwe_iedi.obj
 0001:0007dd00       _jwe_iibe                  10081d00 f   fj90i:jwe_iedi.obj
 0001:0007e090       _jwe_iibs                  10082090 f   fj90i:jwe_iedi.obj
 0001:0007e370       _jwe_iioe                  10082370 f   fj90i:jwe_iedi.obj
 0001:0007e6e0       _jwe_iios                  100826e0 f   fj90i:jwe_iedi.obj
 0001:0007e9f0       _jwe_iige                  100829f0 f   fj90i:jwe_iedi.obj
 0001:0007ea10       _jwe_iine                  10082a10 f   fj90i:jwe_iedi.obj
 0001:0007ea20       _jwe_iief                  10082a20 f   fj90i:jwe_iedi.obj
 0001:0007ee10       _jwe_iiqe                  10082e10 f   fj90i:jwe_iedi.obj
 0001:00079f90       _jwe_ilor                  1007df90 f   fj90i:jwe_ildo.obj
 0001:0007b130       _jwe_il_c                  1007f130 f   fj90i:jwe_ildo.obj
 0001:0007b1f0       _jwe_il_r                  1007f1f0 f   fj90i:jwe_ildo.obj
 0001:0007b510       _jwe_iloc                  1007f510 f   fj90i:jwe_ildo.obj
 0001:0007b6c0       _jwe_iloe                  1007f6c0 f   fj90i:jwe_ildo.obj
 0001:00076eb0       _jwe_iofe                  1007aeb0 f   fj90i:jwe_iedo.obj
 0001:00077120       _jwe_ioed                  1007b120 f   fj90i:jwe_iedo.obj
 0001:00077aa0       _jwe_ior0                  1007baa0 f   fj90i:jwe_iedo.obj
 0001:00077c30       _jwe_ioni                  1007bc30 f   fj90i:jwe_iedo.obj
 0001:00077cf0       _jwe_ioic                  1007bcf0 f   fj90i:jwe_iedo.obj
 0001:00077f10       _jwe_ioge                  1007bf10 f   fj90i:jwe_iedo.obj
 0001:00077f50       _jwe_iocl                  1007bf50 f   fj90i:jwe_iedo.obj
 0001:00077f80       _jwe_ioie                  1007bf80 f   fj90i:jwe_iedo.obj
 0001:00078240       _jwe_ioig                  1007c240 f   fj90i:jwe_iedo.obj
 0001:000784e0       _jwe_iole                  1007c4e0 f   fj90i:jwe_iedo.obj
 0001:000785c0       _jwe_ioaw                  1007c5c0 f   fj90i:jwe_iedo.obj
 0001:00078650       _jwe_ioae                  1007c650 f   fj90i:jwe_iedo.obj
 0001:00078680       _jwe_iozs                  1007c680 f   fj90i:jwe_iedo.obj
 0001:000788d0       _jwe_ioze                  1007c8d0 f   fj90i:jwe_iedo.obj
 0001:00078ad0       _jwe_ioen                  1007cad0 f   fj90i:jwe_iedo.obj
 0001:00078f80       _jwe_ioes                  1007cf80 f   fj90i:jwe_iedo.obj
 0001:00079320       _jwe_iore                  1007d320 f   fj90i:jwe_iedo.obj
 0001:000793b0       _jwe_iobs                  1007d3b0 f   fj90i:jwe_iedo.obj
 0001:000796a0       _jwe_iobe                  1007d6a0 f   fj90i:jwe_iedo.obj
 0001:00079950       _jwe_ioos                  1007d950 f   fj90i:jwe_iedo.obj
 0001:00079d00       _jwe_iooe                  1007dd00 f   fj90i:jwe_iedo.obj
 0001:00079f10       _jwe_ione                  1007df10 f   fj90i:jwe_iedo.obj
 0001:000765a0       _jwe_errproc               1007a5a0 f   fj90i:jwe_iflc.obj
 0001:000758c0       _jwe_ipse                  100798c0 f   fj90i:jwe_ipsf.obj
 0001:00074630       _jwe_xsch                  10078630 f   fj90i:jwe_xopt.obj
 0001:000742e0       _err_end                   100782e0 f   fj90i:jwe_xadt.obj
 0001:00073ce0       _jwe_iifg                  10077ce0 f   fj90i:jwe_iinf.obj
 0001:00073da0       _jwe_iifp                  10077da0 f   fj90i:jwe_iinf.obj
 0001:000732a0       _jwe_error_call            100772a0 f   fj90i:jwe_xdal.obj
 0001:00072ce0       _jwe_error_call            10076ce0 f   fj90i:jwe_xalc.obj
 0001:000715e0       _jwe_iiqc                  100755e0 f   fj90i:jwe_iinq.obj
 0001:00071ca0       _jwe_iiqn                  10075ca0 f   fj90i:jwe_iinq.obj
 0001:00071da0       _jwe_iiqt                  10075da0 f   fj90i:jwe_iinq.obj
 0001:00072000       _jwe_iiqi                  10076000 f   fj90i:jwe_iinq.obj
 0001:00072070       _jwe_wiqt                  10076070 f   fj90i:jwe_iinq.obj
 0001:000720d0       _jwe_wiqf                  100760d0 f   fj90i:jwe_iinq.obj
 0001:00072980       _jwe_ifls                  10076980 f   fj90i:jwe_iinq.obj
 0001:00072a60       _jwe_ifse                  10076a60 f   fj90i:jwe_iinq.obj
 0001:00072aa0       _jwe_ifst                  10076aa0 f   fj90i:jwe_iinq.obj
 0001:00070080       _jwe_iser                  10074080 f   fj90i:jwe_isfm.obj
 0001:0006cf50       _jwe_iop0                  10070f50 f   fj90i:jwe_iocf.obj
 0001:0006d420       _jwe_iocl                  10071420 f   fj90i:jwe_iocf.obj
 0001:0006d640       _jwe_iop1                  10071640 f   fj90i:jwe_iocf.obj
 0001:0006e110       _jwe_iop2                  10072110 f   fj90i:jwe_iocf.obj
 0001:0006e2e0       _jwe_iop3                  100722e0 f   fj90i:jwe_iocf.obj
 0001:0006e350       _jwe_iop5                  10072350 f   fj90i:jwe_iocf.obj
 0001:0006e400       _jwe_iop4                  10072400 f   fj90i:jwe_iocf.obj
 0001:0006e4c0       _jwe_iop6                  100724c0 f   fj90i:jwe_iocf.obj
 0001:0006e540       _jwe_iop7                  10072540 f   fj90i:jwe_iocf.obj
 0001:0006e740       _jwe_iopc                  10072740 f   fj90i:jwe_iocf.obj
 0001:0006e810       _jwe_iopw                  10072810 f   fj90i:jwe_iocf.obj
 0001:0006ea90       _jwe_iope                  10072a90 f   fj90i:jwe_iocf.obj
 0001:0006ecb0       _jwe_iops                  10072cb0 f   fj90i:jwe_iocf.obj
 0001:0006ed60       _jwe_iop8                  10072d60 f   fj90i:jwe_iocf.obj
 0001:000bf32e       _xtoa                      100c332e f   libc:xtoa.obj
 0001:000bf400       _x64toa@20                 100c3400 f   libc:xtoa.obj
 0001:000bf13d       __stripquote               100c313d f   libc:tempnam.obj
 0001:000be7d1       _output                    100c27d1 f   libc:cprintf.obj
 0001:000beefe       _write_char                100c2efe f   libc:cprintf.obj
 0001:000bef18       _write_multi_char          100c2f18 f   libc:cprintf.obj
 0001:000bef44       _write_string              100c2f44 f   libc:cprintf.obj
 0001:000bef77       _get_int_arg               100c2f77 f   libc:cprintf.obj
 0001:000bef84       _get_int64_arg             100c2f84 f   libc:cprintf.obj
 0001:000bef94       _get_short_arg             100c2f94 f   libc:cprintf.obj
 0001:000bd2b9       __get_fname                100c12b9 f   libc:fpexcept.obj
 0001:000ba9b4       label0                     100be9b4 f   libc:adj_fdiv.obj
 0001:000ba9ba       label1                     100be9ba f   libc:adj_fdiv.obj
 0001:000ba9bf       label2                     100be9bf f   libc:adj_fdiv.obj
 0001:000ba9c5       label3                     100be9c5 f   libc:adj_fdiv.obj
 0001:000ba9ca       label4                     100be9ca f   libc:adj_fdiv.obj
 0001:000ba9d0       label5                     100be9d0 f   libc:adj_fdiv.obj
 0001:000ba9d6       label6                     100be9d6 f   libc:adj_fdiv.obj
 0001:000ba9dc       label7                     100be9dc f   libc:adj_fdiv.obj
 0001:000ba9e2       label8                     100be9e2 f   libc:adj_fdiv.obj
 0001:000ba9fe       label9                     100be9fe f   libc:adj_fdiv.obj
 0001:000baa03       label10                    100bea03 f   libc:adj_fdiv.obj
 0001:000baa19       label11                    100bea19 f   libc:adj_fdiv.obj
 0001:000baa1e       label12                    100bea1e f   libc:adj_fdiv.obj
 0001:000baa3a       label13                    100bea3a f   libc:adj_fdiv.obj
 0001:000baa4a       label14                    100bea4a f   libc:adj_fdiv.obj
 0001:000baa5e       label15                    100bea5e f   libc:adj_fdiv.obj
 0001:000baa6e       label16                    100bea6e f   libc:adj_fdiv.obj
 0001:000baa8e       label17                    100bea8e f   libc:adj_fdiv.obj
 0001:000baa93       label18                    100bea93 f   libc:adj_fdiv.obj
 0001:000baaad       label19                    100beaad f   libc:adj_fdiv.obj
 0001:000baab2       label20                    100beab2 f   libc:adj_fdiv.obj
 0001:000baad2       label21                    100bead2 f   libc:adj_fdiv.obj
 0001:000baae6       label22                    100beae6 f   libc:adj_fdiv.obj
 0001:000baafe       label23                    100beafe f   libc:adj_fdiv.obj
 0001:000bab12       label24                    100beb12 f   libc:adj_fdiv.obj
 0001:000bab32       label25                    100beb32 f   libc:adj_fdiv.obj
 0001:000bab37       label26                    100beb37 f   libc:adj_fdiv.obj
 0001:000bab51       label27                    100beb51 f   libc:adj_fdiv.obj
 0001:000bab56       label28                    100beb56 f   libc:adj_fdiv.obj
 0001:000bab76       label29                    100beb76 f   libc:adj_fdiv.obj
 0001:000bab8a       label30                    100beb8a f   libc:adj_fdiv.obj
 0001:000baba2       label31                    100beba2 f   libc:adj_fdiv.obj
 0001:000babb6       label32                    100bebb6 f   libc:adj_fdiv.obj
 0001:000babd6       label33                    100bebd6 f   libc:adj_fdiv.obj
 0001:000babdb       label34                    100bebdb f   libc:adj_fdiv.obj
 0001:000babf5       label35                    100bebf5 f   libc:adj_fdiv.obj
 0001:000babfa       label36                    100bebfa f   libc:adj_fdiv.obj
 0001:000bac1a       label37                    100bec1a f   libc:adj_fdiv.obj
 0001:000bac2e       label38                    100bec2e f   libc:adj_fdiv.obj
 0001:000bac46       label39                    100bec46 f   libc:adj_fdiv.obj
 0001:000bac5a       label40                    100bec5a f   libc:adj_fdiv.obj
 0001:000bac7a       label41                    100bec7a f   libc:adj_fdiv.obj
 0001:000bac7f       label42                    100bec7f f   libc:adj_fdiv.obj
 0001:000bac99       label43                    100bec99 f   libc:adj_fdiv.obj
 0001:000bac9e       label44                    100bec9e f   libc:adj_fdiv.obj
 0001:000bacbe       label45                    100becbe f   libc:adj_fdiv.obj
 0001:000bacd2       label46                    100becd2 f   libc:adj_fdiv.obj
 0001:000bacea       label47                    100becea f   libc:adj_fdiv.obj
 0001:000bacfe       label48                    100becfe f   libc:adj_fdiv.obj
 0001:000bad1e       label49                    100bed1e f   libc:adj_fdiv.obj
 0001:000bad23       label50                    100bed23 f   libc:adj_fdiv.obj
 0001:000bad3d       label51                    100bed3d f   libc:adj_fdiv.obj
 0001:000bad42       label52                    100bed42 f   libc:adj_fdiv.obj
 0001:000bad62       label53                    100bed62 f   libc:adj_fdiv.obj
 0001:000bad76       label54                    100bed76 f   libc:adj_fdiv.obj
 0001:000bad8e       label55                    100bed8e f   libc:adj_fdiv.obj
 0001:000bada2       label56                    100beda2 f   libc:adj_fdiv.obj
 0001:000badc2       label57                    100bedc2 f   libc:adj_fdiv.obj
 0001:000badc7       label58                    100bedc7 f   libc:adj_fdiv.obj
 0001:000bade1       label59                    100bede1 f   libc:adj_fdiv.obj
 0001:000bade6       label60                    100bede6 f   libc:adj_fdiv.obj
 0001:000bae06       label61                    100bee06 f   libc:adj_fdiv.obj
 0001:000bae1a       label62                    100bee1a f   libc:adj_fdiv.obj
 0001:000bae32       label63                    100bee32 f   libc:adj_fdiv.obj
 0001:000ba6cc       _gu_return                 100be6cc f   libc:exsup.obj
 0001:000ba6d4       __unwind_handler           100be6d4 f   libc:exsup.obj
 0001:000ba5f4       _findenv                   100be5f4 f   libc:setenv.obj
 0001:000ba64c       _copy_environ              100be64c f   libc:setenv.obj
 0001:000ba442       _strncnt                   100be442 f   libc:a_cmp.obj
 0001:000b9dce       _cvtdate                   100bddce f   libc:tzset.obj
 0001:000b8e79       _getSystemCP               100bce79 f   libc:mbctype.obj
 0001:000b8ec3       _CPtoLCID                  100bcec3 f   libc:mbctype.obj
 0001:000b8ef6       _setSBCS                   100bcef6 f   libc:mbctype.obj
 0001:000b8f1f       _setSBUpLow                100bcf1f f   libc:mbctype.obj
 0001:000b839a       _ctrlevent_capture@4       100bc39a f   libc:winsig.obj
 0001:000b84ff       _siglookup                 100bc4ff f   libc:winsig.obj
 0001:000b5fe1       fFEXP                      100b9fe1 f   libc:87tran.obj
 0001:000b6121       _rtforexpinf               100ba121 f   libc:87tran.obj
 0001:000b5ebe       _strncnt                   100b9ebe f   libc:a_map.obj
 0001:000b59db       _write_char                100b99db f   libc:output.obj
 0001:000b5a10       _write_multi_char          100b9a10 f   libc:output.obj
 0001:000b5a41       _write_string              100b9a41 f   libc:output.obj
 0001:000b5a79       _get_int_arg               100b9a79 f   libc:output.obj
 0001:000b5a86       _get_int64_arg             100b9a86 f   libc:output.obj
 0001:000b5a96       _get_short_arg             100b9a96 f   libc:output.obj
 0001:000b4f89       _xcptlookup                100b8f89 f   libc:winxfltr.obj
 0001:000b4a5b       _IsRootUNCName             100b8a5b f   libc:stat.obj
 0001:000b44c0       __cftoe_g                  100b84c0 f   libc:cvt.obj
 0001:000b44e7       __cftof_g                  100b84e7 f   libc:cvt.obj
 0001:000b455b       __shift                    100b855b f   libc:cvt.obj
 0001:000b3c09       _parse_cmdline             100b7c09 f   libc:stdargv.obj
 0001:000b238f       _doexit                    100b638f f   libc:crt0dat.obj
 0001:000b2428       __initterm                 100b6428 f   libc:crt0dat.obj
 0001:000b1ab0       LeadUp1                    100b5ab0 f   libc:memmove.obj
 0001:000b1adc       LeadUp2                    100b5adc f   libc:memmove.obj
 0001:000b1b00       LeadUp3                    100b5b00 f   libc:memmove.obj
 0001:000b1b7f       UnwindUp0                  100b5b7f f   libc:memmove.obj
 0001:000b1b6c       UnwindUp1                  100b5b6c f   libc:memmove.obj
 0001:000b1b64       UnwindUp2                  100b5b64 f   libc:memmove.obj
 0001:000b1b5c       UnwindUp3                  100b5b5c f   libc:memmove.obj
 0001:000b1b54       UnwindUp4                  100b5b54 f   libc:memmove.obj
 0001:000b1b4c       UnwindUp5                  100b5b4c f   libc:memmove.obj
 0001:000b1b44       UnwindUp6                  100b5b44 f   libc:memmove.obj
 0001:000b1b3c       UnwindUp7                  100b5b3c f   libc:memmove.obj
 0001:000b1b98       TrailUp0                   100b5b98 f   libc:memmove.obj
 0001:000b1ba0       TrailUp1                   100b5ba0 f   libc:memmove.obj
 0001:000b1bac       TrailUp2                   100b5bac f   libc:memmove.obj
 0001:000b1bc0       TrailUp3                   100b5bc0 f   libc:memmove.obj
 0001:000b1c38       LeadDown1                  100b5c38 f   libc:memmove.obj
 0001:000b1c58       LeadDown2                  100b5c58 f   libc:memmove.obj
 0001:000b1c80       LeadDown3                  100b5c80 f   libc:memmove.obj
 0001:000b1cd4       UnwindDown7                100b5cd4 f   libc:memmove.obj
 0001:000b1cdc       UnwindDown6                100b5cdc f   libc:memmove.obj
 0001:000b1ce4       UnwindDown5                100b5ce4 f   libc:memmove.obj
 0001:000b1cec       UnwindDown4                100b5cec f   libc:memmove.obj
 0001:000b1cf4       UnwindDown3                100b5cf4 f   libc:memmove.obj
 0001:000b1cfc       UnwindDown2                100b5cfc f   libc:memmove.obj
 0001:000b1d04       UnwindDown1                100b5d04 f   libc:memmove.obj
 0001:000b1d17       UnwindDown0                100b5d17 f   libc:memmove.obj
 0001:000b1d30       TrailDown0                 100b5d30 f   libc:memmove.obj
 0001:000b1d38       TrailDown1                 100b5d38 f   libc:memmove.obj
 0001:000b1d48       TrailDown2                 100b5d48 f   libc:memmove.obj
 0001:000b1d5c       TrailDown3                 100b5d5c f   libc:memmove.obj
 0001:000b15f2       _strtoxl                   100b55f2 f   libc:strtol.obj
 0001:000b13b6       _flsall                    100b53b6 f   libc:fflush.obj
 0001:000b11c6       __abstract_cw              100b51c6 f   libc:ieee87.obj
 0001:000b1258       __hw_cw                    100b5258 f   libc:ieee87.obj
 0001:000b12e1       __abstract_sw              100b52e1 f   libc:ieee87.obj
 0001:000b10ba       _IsRootUNCName             100b50ba f   libc:stati64.obj
 0001:000b07d0       LeadUp1                    100b47d0 f   libc:memcpy.obj
 0001:000b07fc       LeadUp2                    100b47fc f   libc:memcpy.obj
 0001:000b0820       LeadUp3                    100b4820 f   libc:memcpy.obj
 0001:000b089f       UnwindUp0                  100b489f f   libc:memcpy.obj
 0001:000b088c       UnwindUp1                  100b488c f   libc:memcpy.obj
 0001:000b0884       UnwindUp2                  100b4884 f   libc:memcpy.obj
 0001:000b087c       UnwindUp3                  100b487c f   libc:memcpy.obj
 0001:000b0874       UnwindUp4                  100b4874 f   libc:memcpy.obj
 0001:000b086c       UnwindUp5                  100b486c f   libc:memcpy.obj
 0001:000b0864       UnwindUp6                  100b4864 f   libc:memcpy.obj
 0001:000b085c       UnwindUp7                  100b485c f   libc:memcpy.obj
 0001:000b08b8       TrailUp0                   100b48b8 f   libc:memcpy.obj
 0001:000b08c0       TrailUp1                   100b48c0 f   libc:memcpy.obj
 0001:000b08cc       TrailUp2                   100b48cc f   libc:memcpy.obj
 0001:000b08e0       TrailUp3                   100b48e0 f   libc:memcpy.obj
 0001:000b0958       LeadDown1                  100b4958 f   libc:memcpy.obj
 0001:000b0978       LeadDown2                  100b4978 f   libc:memcpy.obj
 0001:000b09a0       LeadDown3                  100b49a0 f   libc:memcpy.obj
 0001:000b09f4       UnwindDown7                100b49f4 f   libc:memcpy.obj
 0001:000b09fc       UnwindDown6                100b49fc f   libc:memcpy.obj
 0001:000b0a04       UnwindDown5                100b4a04 f   libc:memcpy.obj
 0001:000b0a0c       UnwindDown4                100b4a0c f   libc:memcpy.obj
 0001:000b0a14       UnwindDown3                100b4a14 f   libc:memcpy.obj
 0001:000b0a1c       UnwindDown2                100b4a1c f   libc:memcpy.obj
 0001:000b0a24       UnwindDown1                100b4a24 f   libc:memcpy.obj
 0001:000b0a37       UnwindDown0                100b4a37 f   libc:memcpy.obj
 0001:000b0a50       TrailDown0                 100b4a50 f   libc:memcpy.obj
 0001:000b0a58       TrailDown1                 100b4a58 f   libc:memcpy.obj
 0001:000b0a68       TrailDown2                 100b4a68 f   libc:memcpy.obj
 0001:000b0a7c       TrailDown3                 100b4a7c f   libc:memcpy.obj
