 WaterSim_5

 Timestamp is 5c5377ad (Thu Jan 31 15:33:17 2019)

 Preferred load address is 00400000

 Start         Length     Name                   Class
 0001:00000000 005125beH .text                   CODE
 0002:00000000 00000144H .idata$5                DATA
 0002:00000150 00053150H .rdata                  DATA
 0002:000532a0 00000028H .idata$2                DATA
 0002:000532c8 00000014H .idata$3                DATA
 0002:000532dc 00000144H .idata$4                DATA
 0002:00053420 000005b6H .idata$6                DATA
 0002:000539e0 0000298dH .edata                  DATA
 0003:00000000 00000004H .CRT$XCA                DATA
 0003:00000004 00000000H .CRT$XCU                DATA
 0003:00000004 00000004H .CRT$XCZ                DATA
 0003:00000008 00000004H .CRT$XIA                DATA
 0003:0000000c 00000008H .CRT$XIC                DATA
 0003:00000014 00000004H .CRT$XIZ                DATA
 0003:00000018 00000004H .CRT$XPA                DATA
 0003:0000001c 0000000cH .CRT$XPX                DATA
 0003:00000028 00000004H .CRT$XPZ                DATA
 0003:0000002c 00000004H .CRT$XTA                DATA
 0003:00000030 00000004H .CRT$XTZ                DATA
 0003:00000040 01f5fb20H .data                   DATA
 0003:01f5fb60 003cbf68H .bss                    DATA

  Address         Publics by Value              Rva+Base     Lib:Object

 0001:00000000       _lm_river_ba_              00404000 f   WaterShed_CO.obj
 0001:00000011       _lm_river_ba@_initwsb_     00404011 f   WaterShed_CO.obj
 0001:00000094       _lm_river_ba@_openfiles_b_ 00404094 f   WaterShed_CO.obj
 0001:000005f3       _lm_river_ba@_readfiles_b_ 004045f3 f   WaterShed_CO.obj
 0001:0000184a       _lm_river_ba@_readparms_b_ 0040584a f   WaterShed_CO.obj
 0001:00001bda       _lm_river_ba@_initialstate_b_ 00405bda f   WaterShed_CO.obj
 0001:00001da2       _lms_river_ba_             00405da2 f   WaterShed_CO.obj
 0001:00001db3       _lms_river_ba@_initial_co_ 00405db3 f   WaterShed_CO.obj
 0001:0000201a       _lms_river_ba@_aflow_b_    0040601a f   WaterShed_CO.obj
 0001:00003639       _lms_river_ba@_amodifyflow_ba_ 00407639 f   WaterShed_CO.obj
 0001:000040d4       _lms_river_ba@_amodifyflow_bb_ 004080d4 f   WaterShed_CO.obj
 0001:0000411b       _lms_river_ba@_amodifyflow_bc_ 0040811b f   WaterShed_CO.obj
 0001:00004686       _lms_river_ba@_upperbasinempirical_ 00408686 f   WaterShed_CO.obj
 0001:00004948       _lms_river_ba@_aouttointerface_ 00408948 f   WaterShed_CO.obj
 0001:000049ff       _lms_river_ba@_reservoirs_b_ 004089ff f   WaterShed_CO.obj
 0001:00004bfc       _lms_river_ba@_initializecosensitivity_ 00408bfc f   WaterShed_CO.obj
 0001:00004c7f       _lms_river_ba@_expectedstorage_ba_ 00408c7f f   WaterShed_CO.obj
 0001:00004fb8       _lms_river_ba@_initialstorage_b_ 00408fb8 f   WaterShed_CO.obj
 0001:000050cf       _lms_river_ba@_expectedstorage_bb_ 004090cf f   WaterShed_CO.obj
 0001:000053b7       _lms_river_ba@_fbankstoragepowell_ 004093b7 f   WaterShed_CO.obj
 0001:00005456       _lms_river_ba@_fbankstoragemead_ 00409456 f   WaterShed_CO.obj
 0001:000054f5       _lms_river_ba@_amodifystorage_ba_ 004094f5 f   WaterShed_CO.obj
 0001:00005f30       _lms_river_ba@_actualrelease_ 00409f30 f   WaterShed_CO.obj
 0001:0000629c       _lms_river_ba@_overriderelease_ 0040a29c f   WaterShed_CO.obj
 0001:000064d7       _lms_river_ba@_adwrrelease_ 0040a4d7 f   WaterShed_CO.obj
 0001:00007615       _lms_river_ba@_actualstorage_ 0040b615 f   WaterShed_CO.obj
 0001:00007e29       _lms_river_ba@_threshold_b_ 0040be29 f   WaterShed_CO.obj
 0001:00008a74       _lms_river_ba@_targetamount_ 0040ca74 f   WaterShed_CO.obj
 0001:00008da3       _lms_river_ba@_equalizationtier_ 0040cda3 f   WaterShed_CO.obj
 0001:00009913       _lms_river_ba@_upperelevationtier_ 0040d913 f   WaterShed_CO.obj
 0001:00009db4       _lms_river_ba@_targetelevations_ 0040ddb4 f   WaterShed_CO.obj
 0001:0000a1bd       _lms_river_ba@_balancecontent_ 0040e1bd f   WaterShed_CO.obj
 0001:0000a9b1       _lms_river_ba@_elevationspowell_ 0040e9b1 f   WaterShed_CO.obj
 0001:0000abb7       _lms_river_ba@_statefromelevationpowell_ 0040ebb7 f   WaterShed_CO.obj
 0001:0000ac51       _lms_river_ba@_elevationsmead_ 0040ec51 f   WaterShed_CO.obj
 0001:0000adfd       _lms_river_ba@_amodifystorage_bb_ 0040edfd f   WaterShed_CO.obj
 0001:0000cb67       _lms_river_ba@_statesshortageratios_ 00410b67 f   WaterShed_CO.obj
 0001:0000cd38       _lms_river_ba@_sevenstates_ 00410d38 f   WaterShed_CO.obj
 0001:0000d052       _lms_river_ba@_designations_b_ 00411052 f   WaterShed_CO.obj
 0001:0000d45f       _lms_river_ba@_updatestate_b_ 0041145f f   WaterShed_CO.obj
 0001:0000dc60       _lms_river_ba@_outinitialb_ 00411c60 f   WaterShed_CO.obj
 0001:0000dcfa       _lms_river_ba@_outputsb_   00411cfa f   WaterShed_CO.obj
 0001:0000df88       _initializecolorado_       00411f88 f   WaterShed_CO.obj
 0001:00010355       _pflowsreservoirscolorado_ 00414355 f   WaterShed_CO.obj
 0001:00012a90       _lm_agwaterbudgets_        00416a90 f   Agriculture.obj
 0001:00012aa1       _lm_agwaterbudgets@_initag_ 00416aa1 f   Agriculture.obj
 0001:00012b00       _lm_agwaterbudgets@_openfiles_ag_ 00416b00 f   Agriculture.obj
 0001:00012c94       _lm_agwaterbudgets@_readfiles_ag_ 00416c94 f   Agriculture.obj
 0001:0001333f       _lms_agwaterbudgets_       0041733f f   Agriculture.obj
 0001:00013350       _lms_agwaterbudgets@_agriculturedemand_ 00417350 f   Agriculture.obj
 0001:00014121       _lms_agwaterbudgets@_agricultureproduction_ 00418121 f   Agriculture.obj
 0001:00014db6       _lms_agwaterbudgets@_agriculturalbudgets_ 00418db6 f   Agriculture.obj
 0001:00015296       _initializeagriculture_    00419296 f   Agriculture.obj
 0001:0001762f       _sagdemand_                0041b62f f   Agriculture.obj
 0001:00019a39       _sagprovider_              0041da39 f   Agriculture.obj
 0001:0001be97       _sagproductionstatic_      0041fe97 f   Agriculture.obj
 0001:0001e285       _saginitialize_water_      00422285 f   Agriculture.obj
 0001:00020c22       _sagpumpingses_            00424c22 f   Agriculture.obj
 0001:000238b7       _sagsurfaceses_            004278b7 f   Agriculture.obj
 0001:00025e00       _lm_buildnotes_            00429e00 f   BuildNotes.obj
 0001:00025e11       _lm_buildnotes@_buildnumk_ 00429e11 f   BuildNotes.obj
 0001:00025e6a       _lm_buildnotes@_buildverk_ 00429e6a f   BuildNotes.obj
 0001:00025ec3       _lm_buildnotes@_buildsubverk_ 00429ec3 f   BuildNotes.obj
 0001:00025f1c       _lm_buildnotes@_monthk_    00429f1c f   BuildNotes.obj
 0001:00025f75       _lm_buildnotes@_dayk_      00429f75 f   BuildNotes.obj
 0001:00025fce       _lm_buildnotes@_yeark_     00429fce f   BuildNotes.obj
 0001:00026027       _lm_buildnotes@_hourk_     0042a027 f   BuildNotes.obj
 0001:00026080       _lm_buildnotes@_mink_      0042a080 f   BuildNotes.obj
 0001:000260e0       _pstartup_k_               0042a0e0 f   Demand.obj
 0001:0002843d       _snonpotableavail_         0042c43d f   Demand.obj
 0001:0002ae15       _pgraywater_               0042ee15 f   Demand.obj
 0001:0002dccd       _pstormwaterharvest_       00431ccd f   Demand.obj
 0001:00030d24       _prainwaterharvest_        00434d24 f   Demand.obj
 0001:000340b9       _srainfallharvesting_      004380b9 f   Demand.obj
 0001:00037bdb       _sdemandwrap_              0043bbdb f   Demand.obj
 0001:0003aa9f       _soutdooraccounting_       0043ea9f f   Demand.obj
 0001:0003d61a       _pwaterbanking_k_          0044161a f   Demand.obj
 0001:00040458       _pwaterfordirectinject_s_  00444458 f   Demand.obj
 0001:00043bda       _pwaterreclaimed_s_        00447bda f   Demand.obj
 0001:00046f1b       _prowaterreclaimed_s_      0044af1b f   Demand.obj
 0001:00049953       _pwaterforvadose_s_        0044d953 f   Demand.obj
 0001:0004d467       _pnewwatersupplies_k_      00451467 f   Demand.obj
 0001:00050171       _pcleanup_k_               00454171 f   Demand.obj
 0001:0005264b       _punusednonpotable_        0045664b f   Demand.obj
 0001:00054cd2       _scwaccounting_            00458cd2 f   Demand.obj
 0001:00057b7e       _soptimize_                0045bb7e f   Demand.obj
 0001:0005ab5f       _soptimize_off_            0045eb5f f   Demand.obj
 0001:0005d68d       _son_inrounding_           0046168d f   Demand.obj
 0001:0005fdee       _son_outrounding_          00463dee f   Demand.obj
 0001:0006254f       _son_rounding_             0046654f f   Demand.obj
 0001:00064f27       _soff_rounding_            00468f27 f   Demand.obj
 0001:00067907       _scwaccountingindoorout_   0046b907 f   Demand.obj
 0001:0006ce20       _lm_designationsdaily_a_   00470e20 f   DesignationsDaily.obj
 0001:0006ce31       _lm_designationsdaily_a@_initadesignationsdaily_ 00470e31 f   DesignationsDaily.obj
 0001:0006ce90       _lm_designationsdaily_a@_openfiles_adesignationsd_ 00470e90 f   DesignationsDaily.obj
 0001:0006d0c2       _lm_designationsdaily_a@_readfiles_adesignationsd_ 004710c2 f   DesignationsDaily.obj
 0001:0006d728       _lms_designationsdaily_a_  00471728 f   DesignationsDaily.obj
 0001:0006d739       _lms_designationsdaily_a@_extract_ 00471739 f   DesignationsDaily.obj
 0001:0006dae0       _lms_designationsdaily_a@_flow_ 00471ae0 f   DesignationsDaily.obj
 0001:0006dcd0       _lms_designationsdaily_a@_fmodflowsvtdaily_ 00471cd0 f   DesignationsDaily.obj
 0001:0006dde8       _lms_designationsdaily_a@_designations_ 00471de8 f   DesignationsDaily.obj
 0001:0006f5c5       _lms_designationsdaily_a@_leapyear_ 004735c5 f   DesignationsDaily.obj
 0001:0006f787       _initializedailydesig_     00473787 f   DesignationsDaily.obj
 0001:00071aea       _extractdaily_             00475aea f   DesignationsDaily.obj
 0001:00073ec0       _lm_designations_b_        00477ec0 f   Designations_CO.obj
 0001:00073ed1       _lm_designations_b@_initbdesignations_ 00477ed1 f   Designations_CO.obj
 0001:00073f42       _lm_designations_b@_openfiles_bdesignations_ 00477f42 f   Designations_CO.obj
 0001:00074146       _lm_designations_b@_readparms_pvd_ 00478146 f   Designations_CO.obj
 0001:00074536       _lm_designations_b@_readfiles_bdesignations_ 00478536 f   Designations_CO.obj
 0001:00074903       _lms_designations_b_       00478903 f   Designations_CO.obj
 0001:00074914       _lms_designations_b@_apartition_b_ 00478914 f   Designations_CO.obj
 0001:00075b2f       _lms_designations_b@_aallocate_b_ 00479b2f f   Designations_CO.obj
 0001:00075d10       _lms_designations_b@_maxcapdesignations_ 00479d10 f   Designations_CO.obj
 0001:0007604b       _lms_designations_b@_capneeded_ 0047a04b f   Designations_CO.obj
 0001:000762f9       _lms_designations_b@_reductionsindesignations_ 0047a2f9 f   Designations_CO.obj
 0001:000791bb       _lms_designations_b@_capout_ 0047d1bb f   Designations_CO.obj
 0001:00079863       _lms_designations_b@_waterbank_ 0047d863 f   Designations_CO.obj
 0001:00079b6f       _lms_designations_b@_capprioritywater_ 0047db6f f   Designations_CO.obj
 0001:00079c92       _lms_designations_b@_deltacapwater_ 0047dc92 f   Designations_CO.obj
 0001:00079e34       _lms_designations_b@_coriverdeltawater_ 0047de34 f   Designations_CO.obj
 0001:0007a4b6       _lms_designations_b@_atypeconvert_ 0047e4b6 f   Designations_CO.obj
 0001:0007a6e3       _initializecoloradodesig_  0047e6e3 f   Designations_CO.obj
 0001:0007ca46       _pcap_water_               00480a46 f   Designations_CO.obj
 0001:0007f140       _lm_designations_a_        00483140 f   Designations_STV.obj
 0001:0007f151       _lm_designations_a@_initadesignations_ 00483151 f   Designations_STV.obj
 0001:0007f1b0       _lm_designations_a@_openfiles_adesignations_ 004831b0 f   Designations_STV.obj
 0001:0007f424       _lm_designations_a@_readfiles_adesignations_ 00483424 f   Designations_STV.obj
 0001:0007fb85       _lms_designations_a_       00483b85 f   Designations_STV.obj
 0001:0007fb96       _lms_designations_a@_aclear_ 00483b96 f   Designations_STV.obj
 0001:0007fcfc       _lms_designations_a@_adesignations_classbcmax_a_ 00483cfc f   Designations_STV.obj
 0001:00080124       _lms_designations_a@_adesignations_classbc_storage_ 00484124 f   Designations_STV.obj
 0001:00080d68       _initializestvdesignations_ 00484d68 f   Designations_STV.obj
 0001:000830cb       _adesignationsclassbcmax_  004870cb f   Designations_STV.obj
 0001:000854a1       _dsalttontoverde_          004894a1 f   Designations_STV.obj
 0001:000878d9       _sbookkeeping_             0048b8d9 f   Designations_STV.obj
 0001:00089d0c       _classadesignations_a_     0048dd0c f   Designations_STV.obj
 0001:0008c119       _ssrp_classbc_             00490119 f   Designations_STV.obj
 0001:0008f9c0       _lms_climatefactor_        004939c0 f   Functions.obj
 0001:0008f9d1       _lms_climatefactor@_fclimatefactorco_ 004939d1 f   Functions.obj
 0001:0008fc94       _lms_climatefactor@_fclimatefactorsvt_ 00493c94 f   Functions.obj
 0001:0008ff57       _lms_climatefactor@_flinear_ 00493f57 f   Functions.obj
 0001:00090045       _lms_climatefactor@_climateparms_ 00494045 f   Functions.obj
 0001:000901a1       _lms_climatefactor@_slope_ 004941a1 f   Functions.obj
 0001:00090323       _lms_climatefactor@_intercept_ 00494323 f   Functions.obj
 0001:0009049c       _lms_agricultureretirement_ 0049449c f   Functions.obj
 0001:000904ad       _lms_agricultureretirement@_fagretirementfactor_ 004944ad f   Functions.obj
 0001:00090798       _lms_agricultureretirement@_agricparms_ 00494798 f   Functions.obj
 0001:000908f4       _lms_agricultureretirement@_slope_ 004948f4 f   Functions.obj
 0001:00090a76       _lms_agricultureretirement@_intercept_ 00494a76 f   Functions.obj
 0001:00090bef       _lms_agricultureretirement@_flinear_ 00494bef f   Functions.obj
 0001:00090cdd       _lms_rainfallfactor_       00494cdd f   Functions.obj
 0001:00090cee       _lms_rainfallfactor@_frainfallfactor_ 00494cee f   Functions.obj
 0001:00090fef       _lms_rainfallfactor@_flinear_ 00494fef f   Functions.obj
 0001:000910dd       _lms_rainfallfactor@_rainfallparms_ 004950dd f   Functions.obj
 0001:00091239       _lms_rainfallfactor@_slope_ 00495239 f   Functions.obj
 0001:000913bb       _lms_rainfallfactor@_intercept_ 004953bb f   Functions.obj
 0001:00091534       _fvariablefactorx_         00495534 f   Functions.obj
 0001:000915f9       _agretirement_             004955f9 f   Functions.obj
 0001:00093a75       _climatefactorco_          00497a75 f   Functions.obj
 0001:00095e96       _climatefactorsvt_         00499e96 f   Functions.obj
 0001:000982b7       _fround_                   0049c2b7 f   Functions.obj
 0001:00098468       _feffectivegpcd_           0049c468 f   Functions.obj
 0001:00098553       _fincrementfloat_          0049c553 f   Functions.obj
 0001:000985e5       _fincrementdouble_         0049c5e5 f   Functions.obj
 0001:00098677       _fstoragerelease_          0049c677 f   Functions.obj
 0001:000988bd       _fmodifynormalflow_        0049c8bd f   Functions.obj
 0001:0009899f       _fmodifytrottnormalflow_   0049c99f f   Functions.obj
 0001:00098a76       _fstates_                  0049ca76 f   Functions.obj
 0001:00098d16       _flogicaltointeger_        0049cd16 f   Functions.obj
 0001:00098dba       _fdconvert_                0049cdba f   Functions.obj
 0001:00098ec2       _froundtoaf_               0049cec2 f   Functions.obj
 0001:00098f7d       _fsesgpcd_alpha_           0049cf7d f   Functions.obj
 0001:00099c91       _fminmaxalpha_             0049dc91 f   Functions.obj
 0001:00099d4c       _fsesgpcd_gamma_           0049dd4c f   Functions.obj
 0001:0009a6b3       _fsesgpcd_discount_        0049e6b3 f   Functions.obj
 0001:0009a892       _fsesgpcd_equalweight_     0049e892 f   Functions.obj
 0001:0009aa2a       _fgamma_                   0049ea2a f   Functions.obj
 0001:0009ab26       _fsesgpcd_increase_        0049eb26 f   Functions.obj
 0001:0009add5       _fevaporation_             0049edd5 f   Functions.obj
 0001:0009afdc       _fevaporationmonthly_      0049efdc f   Functions.obj
 0001:0009b094       _fevaporation_reach_       0049f094 f   Functions.obj
 0001:0009b135       _fbankstoragereach_        0049f135 f   Functions.obj
 0001:0009b1c5       _fevaporation_powell_      0049f1c5 f   Functions.obj
 0001:0009b370       _fevaporation_mead_        0049f370 f   Functions.obj
 0001:0009b51b       _fhorsepowercap_           0049f51b f   Functions.obj
 0001:0009b647       _fkilowatthrsfromhp_       0049f647 f   Functions.obj
 0001:0009b714       _fcftstoacftperannum_      0049f714 f   Functions.obj
 0001:0009b7e6       _facftperannumtocfts_      0049f7e6 f   Functions.obj
 0001:0009b8ba       _fleapyear_                0049f8ba f   Functions.obj
 0001:0009ba78       _fmonthsfromdoy_           0049fa78 f   Functions.obj
 0001:0009c54c       _fstverdereservoirf_       004a054c f   Functions.obj
 0001:0009c623       _fses_alpha_               004a0623 f   Functions.obj
 0001:0009d1d4       _fses_discount_            004a11d4 f   Functions.obj
 0001:0009d3a7       _fdemandfrompopgpcd_       004a13a7 f   Functions.obj
 0001:0009d466       _fcreatetarget_            004a1466 f   Functions.obj
 0001:0009d56d       _fhyperbola_               004a156d f   Functions.obj
 0001:0009d772       _finversehyperbola_        004a1772 f   Functions.obj
 0001:0009d83a       _fhyperbolarunoff_         004a183a f   Functions.obj
 0001:0009d94f       _fhyperbollclustatic_      004a194f f   Functions.obj
 0001:0009da0f       _sspanandinflection_       004a1a0f f   Functions.obj
 0001:0009ebda       _flogistic_                004a2bda f   Functions.obj
 0001:0009ef9b       _finverselogistic_         004a2f9b f   Functions.obj
 0001:0009f22f       _flogisticlclustatic_      004a322f f   Functions.obj
 0001:0009f2f2       _flogisticlcluspan_        004a32f2 f   Functions.obj
 0001:0009f659       _fsumlcludemand_           004a3659 f   Functions.obj
 0001:0009f867       _flcluefficiencies_        004a3867 f   Functions.obj
 0001:0009fa36       _rainfallfactor_           004a3a36 f   Functions.obj
 0001:000a1e50       _gm_globaldata_            004a5e50 f   Global.obj
 0001:000a1e57       _gm_versioncontrol_        004a5e57 f   Global.obj
 0001:000a1e5e       _gm_modelcontrol_          004a5e5e f   Global.obj
 0001:000a1e65       _gm_dataandsensitivity_    004a5e65 f   Global.obj
 0001:000a1e6c       _gm_exception_             004a5e6c f   Global.obj
 0001:000a1e80       _int2charact_              004a5e80 f   GlobalSubroutines.obj
 0001:000a1f3f       _sdatetimebuild_           004a5f3f f   GlobalSubroutines.obj
 0001:000a29df       _openfiles_                004a69df f   GlobalSubroutines.obj
 0001:000a30b6       _serrorcodes_              004a70b6 f   GlobalSubroutines.obj
 0001:000a32d8       _daysintheyear_            004a72d8 f   GlobalSubroutines.obj
 0001:000a34f1       _scomparecontrol_          004a74f1 f   GlobalSubroutines.obj
 0001:000a3641       _seightypercentcap_        004a7641 f   GlobalSubroutines.obj
 0001:000a3949       _seightypercentsrp_        004a7949 f   GlobalSubroutines.obj
 0001:000a3a69       _seightypercent_           004a7a69 f   GlobalSubroutines.obj
 0001:000a3ea2       _saggroundwater_           004a7ea2 f   GlobalSubroutines.obj
 0001:000a7fa9       _sagsurfacewaterother_     004abfa9 f   GlobalSubroutines.obj
 0001:000acd1b       _spopulationmask_          004b0d1b f   GlobalSubroutines.obj
 0001:000af414       _scapmaskcredits_          004b3414 f   GlobalSubroutines.obj
 0001:000b189c       _sesrunningt_              004b589c f   GlobalSubroutines.obj
 0001:000b1fed       _gpcd_eight_               004b5fed f   GlobalSubroutines.obj
 0001:000b4b8e       _gpcd_                     004b8b8e f   GlobalSubroutines.obj
 0001:000b5268       _smasksrp_                 004b9268 f   GlobalSubroutines.obj
 0001:000b57b2       _smask_                    004b97b2 f   GlobalSubroutines.obj
 0001:000b5a61       _smaskcap_                 004b9a61 f   GlobalSubroutines.obj
 0001:000b622f       _smasksrog_                004ba22f f   GlobalSubroutines.obj
 0001:000b65ce       _smaskagriculture_         004ba5ce f   GlobalSubroutines.obj
 0001:000b8ab5       _snewmaskagriculture_      004bcab5 f   GlobalSubroutines.obj
 0001:000b8e1a       _agacerageandcredits_      004bce1a f   GlobalSubroutines.obj
 0001:000bc03b       _agacerageandcreditscap_   004c003b f   GlobalSubroutines.obj
 0001:000be9fe       _sproviders_               004c29fe f   GlobalSubroutines.obj
 0001:000bf217       _smodifynormalflow_        004c3217 f   GlobalSubroutines.obj
 0001:000bf780       _lms_gpcddemand_           004c3780 f   GPCDdemand.obj
 0001:000bf791       _lms_gpcddemand@_mysub_    004c3791 f   GPCDdemand.obj
 0001:000c024f       _lms_gpcddemand@_fcalcindoor_ 004c424f f   GPCDdemand.obj
 0001:000c050b       _lms_gpcddemand@_fcalcoutdoor_ 004c450b f   GPCDdemand.obj
 0001:000c0739       _gpcdfrommetrics_          004c4739 f   GPCDdemand.obj
 0001:000c2b20       _lm_groundwater_a_         004c6b20 f   Groundwater.obj
 0001:000c2b31       _lm_groundwater_a@_initgw_ 004c6b31 f   Groundwater.obj
 0001:000c2bb4       _lm_groundwater_a@_openfiles_g_ 004c6bb4 f   Groundwater.obj
 0001:000c2db8       _lm_groundwater_a@_readfiles_g_ 004c6db8 f   Groundwater.obj
 0001:000c3450       _lm_groundwater_a@_readparms_g_ 004c7450 f   Groundwater.obj
 0001:000c361e       _lm_groundwater_a@_initialstate_g_ 004c761e f   Groundwater.obj
 0001:000c3698       _lms_groundwater_a_        004c7698 f   Groundwater.obj
 0001:000c36a9       _lms_groundwater_a@_initstate_g_ 004c76a9 f   Groundwater.obj
 0001:000c373e       _lms_groundwater_a@_deltastate_g_ 004c773e f   Groundwater.obj
 0001:000c3c4c       _lms_groundwater_a@_outinitialg_ 004c7c4c f   Groundwater.obj
 0001:000c3ce6       _initializegwaterdata_     004c7ce6 f   Groundwater.obj
 0001:000c6049       _sinitialgroundwater_      004ca049 f   Groundwater.obj
 0001:000c83cb       _pprovidergroundwater_     004cc3cb f   Groundwater.obj
 0001:000cbf5a       _pproviderdefaultgroundwater_ 004cff5a f   Groundwater.obj
 0001:000ce5be       _modflowgroundwater_       004d25be f   Groundwater.obj
 0001:000ceca0       _lm_kernel_                004d2ca0 f   Kernel.obj
 0001:000cecb1       _lm_kernel@_runoneyearkernel_ 004d2cb1 f   Kernel.obj
 0001:000ceef1       _lm_kernel@_runmanyyearkernel_ 004d2ef1 f   Kernel.obj
 0001:000cef2c       _lm_kernel@_skernalcode_   004d2f2c f   Kernel.obj
 0001:000cf78d       _lm_kernel@_upstreamk_     004d378d f   Kernel.obj
 0001:000cff7e       _lm_kernel@_datetime_      004d3f7e f   Kernel.obj
 0001:000d0068       _lm_kernel@_downstreamk_   004d4068 f   Kernel.obj
 0001:000d0454       _lm_kernel@_int2char_      004d4454 f   Kernel.obj
 0001:000d0521       _lm_kernel@_startupk_      004d4521 f   Kernel.obj
 0001:000d1a4f       _lm_kernel@_readfilescheckk_ 004d5a4f f   Kernel.obj
 0001:000d1dbd       _lm_kernel@_teardownk_     004d5dbd f   Kernel.obj
 0001:000d213a       _lm_kernel@_testing_       004d613a f   Kernel.obj
 0001:000d2181       _lm_initialize_            004d6181 f   Kernel.obj
 0001:000d2192       _lm_initialize@_initk_     004d6192 f   Kernel.obj
 0001:000d22d4       _lm_initialize@_global_    004d62d4 f   Kernel.obj
 0001:000d233e       _lm_initialize@_openrelease_ 004d633e f   Kernel.obj
 0001:000d2b29       _lm_initialize@_closek_    004d6b29 f   Kernel.obj
 0001:000d2c06       _daysintheyeark_           004d6c06 f   Kernel.obj
 0001:000d2e1f       _lm_start_                 004d6e1f f   Kernel.obj
 0001:000d2e30       _lm_start@_openfilesk_     004d6e30 f   Kernel.obj
 0001:000d2e7d       _lm_start@_errorcheckreadk_ 004d6e7d f   Kernel.obj
 0001:000d2eca       _lm_terminate_             004d6eca f   Kernel.obj
 0001:000d2edb       _lm_terminate@_closefilesk_ 004d6edb f   Kernel.obj
 0001:000d2f28       _test_                     004d6f28 f   Kernel.obj
 0001:000d2f6b       _outputpath_               004d6f6b f   Kernel.obj
 0001:000d5480       _SetStringData_            004d9480 f   KernelInterface.obj
 0001:000d792e       _SetStringOutput_          004db92e f   KernelInterface.obj
 0001:000d9ddc       _BuildNum_                 004ddddc f   KernelInterface.obj
 0001:000d9ec0       _BuildVer_                 004ddec0 f   KernelInterface.obj
 0001:000d9fa4       _BuildSubVer_              004ddfa4 f   KernelInterface.obj
 0001:000da088       _TestMonth_                004de088 f   KernelInterface.obj
 0001:000da16f       _TestDay_                  004de16f f   KernelInterface.obj
 0001:000da256       _TestYear_                 004de256 f   KernelInterface.obj
 0001:000da33d       _TestHour_                 004de33d f   KernelInterface.obj
 0001:000da424       _TestMin_                  004de424 f   KernelInterface.obj
 0001:000da50b       _Init_                     004de50b f   KernelInterface.obj
 0001:000dc88e       _CloseFortran_             004e088e f   KernelInterface.obj
 0001:000dec11       _getStatus_                004e2c11 f   KernelInterface.obj
 0001:000ded63       _RunOneYear_               004e2d63 f   KernelInterface.obj
 0001:000e1136       _RunManyYears_             004e5136 f   KernelInterface.obj
 0001:000e3509       _OpenFiles_                004e7509 f   KernelInterface.obj
 0001:000e58dc       _ReadFilesErr_             004e98dc f   KernelInterface.obj
 0001:000e7caf       _getReadFileError_         004ebcaf f   KernelInterface.obj
 0001:000ea09b       _CloseFiles_               004ee09b f   KernelInterface.obj
 0001:000ec46e       _getStartSimulation_       004f046e f   KernelInterface.obj
 0001:000ee856       _setStartSimulation_       004f2856 f   KernelInterface.obj
 0001:000f0c47       _getEndSimulation_         004f4c47 f   KernelInterface.obj
 0001:000f302f       _setEndSimulation_         004f702f f   KernelInterface.obj
 0001:000f5420       _getWriteStatus_           004f9420 f   KernelInterface.obj
 0001:000f780c       _setWriteStatus_           004fb80c f   KernelInterface.obj
 0001:000f9be0       _getWriteLog_              004fdbe0 f   KernelInterface.obj
 0001:000fbfcc       _setWriteLog_              004fffcc f   KernelInterface.obj
 0001:000fe3a0       _getErrorCode_             005023a0 f   KernelInterface.obj
 0001:0010078c       _getAPIcode_               0050478c f   KernelInterface.obj
 0001:00102b28       _setAPIcode_               00506b28 f   KernelInterface.obj
 0001:00104ecd       _setBaseYear_              00508ecd f   KernelInterface.obj
 0001:001072a2       _getClimateFactorEndYear_  0050b2a2 f   KernelInterface.obj
 0001:0010963a       _setClimateFactorEndYear_  0050d63a f   KernelInterface.obj
 0001:0010ba0f       _getModifyNormalFlow_      0050fa0f f   KernelInterface.obj
 0001:0010df24       _setModifyNormalFlow_      00511f24 f   KernelInterface.obj
 0001:001106db       _getSTVtrace_              005146db f   KernelInterface.obj
 0001:00112add       _setSVTtrace_              00516add f   KernelInterface.obj
 0001:00114f1c       _getSVTHistData_           00518f1c f   KernelInterface.obj
 0001:0011731c       _setSVTHistData_           0051b31c f   KernelInterface.obj
 0001:0011975b       _getSVHistExtractionStartYear_ 0051d75b f   KernelInterface.obj
 0001:0011bb5d       _setSVHistExtractionStartYear_ 0051fb5d f   KernelInterface.obj
 0001:0011df68       _getSVClimateAdjustmentPercent_ 00521f68 f   KernelInterface.obj
 0001:0012038a       _setSVClimateAdjustmentPercent_ 0052438a f   KernelInterface.obj
 0001:001227a3       _getSVUserAdjustmentStartYear_ 005267a3 f   KernelInterface.obj
 0001:00124ba5       _setSVUserAdjustmentStartYear_ 00528ba5 f   KernelInterface.obj
 0001:00126fe4       _getSVUserAdjustmentStopYear_ 0052afe4 f   KernelInterface.obj
 0001:001293e6       _setSVUserAdjustmentStopYear_ 0052d3e6 f   KernelInterface.obj
 0001:0012b7f1       _getSVUserAdjustmentPercent_ 0052f7f1 f   KernelInterface.obj
 0001:0012dc0f       _setSVUserAdjustmentPercent_ 00531c0f f   KernelInterface.obj
 0001:00130028       _setCOtrace_               00534028 f   KernelInterface.obj
 0001:001325a3       _getCOHistData_            005365a3 f   KernelInterface.obj
 0001:00134ae1       _setCOHistData_            00538ae1 f   KernelInterface.obj
 0001:0013705c       _getCOHistExtractionStartYear_ 0053b05c f   KernelInterface.obj
 0001:0013959a       _setCOHistExtractionStartYear_ 0053d59a f   KernelInterface.obj
 0001:0013bb15       _getCOClimateAdjustmentPercent_ 0053fb15 f   KernelInterface.obj
 0001:0013e073       _setCOClimateAdjustmentPercent_ 00542073 f   KernelInterface.obj
 0001:001405c8       _getCOUserAdjustmentStartYear_ 005445c8 f   KernelInterface.obj
 0001:00142b06       _setCOUserAdjustmentStartYear_ 00546b06 f   KernelInterface.obj
 0001:00145081       _getCOUserAdjustmentStopYear_ 00549081 f   KernelInterface.obj
 0001:001475bf       _setCOUserAdjustmentStopYear_ 0054b5bf f   KernelInterface.obj
 0001:00149b06       _getCOUserAdjustmentPercent_ 0054db06 f   KernelInterface.obj
 0001:0014c060       _setCOUserAdjustmentPercent_ 00550060 f   KernelInterface.obj
 0001:0014e5b5       _setWaterToCOdelta_        005525b5 f   KernelInterface.obj
 0001:001509f3       _setCODeltaBurden_         005549f3 f   KernelInterface.obj
 0001:00152e33       _getRatioCOdeltaBurden_    00556e33 f   KernelInterface.obj
 0001:00155235       _getAZshareCOdeltaWater_   00559235 f   KernelInterface.obj
 0001:00157637       _getCAshareCOdeltaWater_   0055b637 f   KernelInterface.obj
 0001:00159b75       _getNVshareCOdeltaWater_   0055db75 f   KernelInterface.obj
 0001:0015c0b3       _getMXshareCOdeltaWater_   005600b3 f   KernelInterface.obj
 0001:0015e5f1       _getNaturalRechargeSwitch_ 005625f1 f   KernelInterface.obj
 0001:00160989       _setNaturalRechargeSwitch_ 00564989 f   KernelInterface.obj
 0001:00162d2a       _getSVDelivery_            00566d2a f   KernelInterface.obj
 0001:001650c2       _getSVRiverFlow_           005690c2 f   KernelInterface.obj
 0001:001674c4       _getSVStorage_             0056b4c4 f   KernelInterface.obj
 0001:001698c6       _getSVTspillage_           0056d8c6 f   KernelInterface.obj
 0001:0016bc5e       _getVerdeFlow_             0056fc5e f   KernelInterface.obj
 0001:0016e046       _getVerdeStorage_          00572046 f   KernelInterface.obj
 0001:0017042e       _getVerdeClassAused_acft_  0057442e f   KernelInterface.obj
 0001:00172816       _getverdeclassbcused_acft_ 00576816 f   KernelInterface.obj
 0001:00174bde       _getSaltTontoFlow_         00578bde f   KernelInterface.obj
 0001:001770cc       _getSaltTontoStorage_      0057b0cc f   KernelInterface.obj
 0001:001795ba       _getOtherSaltStorage_      0057d5ba f   KernelInterface.obj
 0001:0017baa8       _getRooseveltStorage_      0057faa8 f   KernelInterface.obj
 0001:0017df96       _getSaltTontoClassAused_acft_ 00581f96 f   KernelInterface.obj
 0001:00180484       _getSaltTontoClassBCused_acft_ 00584484 f   KernelInterface.obj
 0001:00182972       _getAZshareCO_             00586972 f   KernelInterface.obj
 0001:00184eb0       _getCAP_                   00588eb0 f   KernelInterface.obj
 0001:001873ee       _getPowellElevation_       0058b3ee f   KernelInterface.obj
 0001:0018992c       _getMeadElevation_         0058d92c f   KernelInterface.obj
 0001:0018be6a       _getUpperBasinDeliveries_  0058fe6a f   KernelInterface.obj
 0001:0018e3a8       _setUpperBasinDeliveriesIndex_ 005923a8 f   KernelInterface.obj
 0001:0019092a       _getCODelivery_            0059492a f   KernelInterface.obj
 0001:00192cc2       _getCORiverFlow_           00596cc2 f   KernelInterface.obj
 0001:00195200       _getCOStorage_             00599200 f   KernelInterface.obj
 0001:0019773e       _getPowellStorage_         0059b73e f   KernelInterface.obj
 0001:00199c7c       _getMeadStorage_           0059dc7c f   KernelInterface.obj
 0001:0019c1ba       _setAgPumpingCurve_        005a01ba f   KernelInterface.obj
 0001:0019e58f       _setAgCreditTransferPCT_   005a258f f   KernelInterface.obj
 0001:001a0964       _setProviderAgCreditCurvePCT_ 005a4964 f   KernelInterface.obj
 0001:001a3107       _getWaterFromAgPumping_    005a7107 f   KernelInterface.obj
 0001:001a564e       _setWaterFromAgPumping_    005a964e f   KernelInterface.obj
 0001:001a7dfe       _setWaterToAgricultureAF_  005abdfe f   KernelInterface.obj
 0001:001aa59d       _getWaterToAgricultureAF_  005ae59d f   KernelInterface.obj
 0001:001aca94       _getWaterFromAgPumpingMax_ 005b0a94 f   KernelInterface.obj
 0001:001aefdb       _getWaterFromAgSurface_    005b2fdb f   KernelInterface.obj
 0001:001b1678       _setWaterFromAgSurface_    005b5678 f   KernelInterface.obj
 0001:001b3fbd       _getWaterFromAgSurfaceMax_ 005b7fbd f   KernelInterface.obj
 0001:001b665a       _getGrossAgricultureWaterAF_ 005ba65a f   KernelInterface.obj
 0001:001b8b51       _getNetAgricultureWaterAF_ 005bcb51 f   KernelInterface.obj
 0001:001bb048       _getAgProductionPCT_       005bf048 f   KernelInterface.obj
 0001:001bd430       _getAgCreditTransPCT_      005c1430 f   KernelInterface.obj
 0001:001bf977       _getProviderMaxAgPumping_  005c3977 f   KernelInterface.obj
 0001:001c1e6e       _getProviderMaxAgSurface_  005c5e6e f   KernelInterface.obj
 0001:001c4365       _geteightyPctRule_         005c8365 f   KernelInterface.obj
 0001:001c685c       _getPopGrowthRateAdjustPct_ 005ca85c f   KernelInterface.obj
 0001:001c8ddb       _setPopGrowthRateAdjustPct_ 005ccddb f   KernelInterface.obj
 0001:001cb5ed       _getPopGrowthRateOnProjectPct_ 005cf5ed f   KernelInterface.obj
 0001:001cdbbc       _setPopGrowthRateOnProjectPct_ 005d1bbc f   KernelInterface.obj
 0001:001d041e       _getPopGrowthRateOtherPct_ 005d441e f   KernelInterface.obj
 0001:001d29ed       _setPopGrowthRateOtherPct_ 005d69ed f   KernelInterface.obj
 0001:001d524f       _PopulationOnProject_      005d924f f   KernelInterface.obj
 0001:001d7800       _PopulationOther_          005db800 f   KernelInterface.obj
 0001:001d9db1       _getTotalDemands_          005dddb1 f   KernelInterface.obj
 0001:001dc312       _getPopulations_           005e0312 f   KernelInterface.obj
 0001:001de873       _getPopGrowthRate_         005e2873 f   KernelInterface.obj
 0001:001e0dd4       _setPopulationsOn_         005e4dd4 f   KernelInterface.obj
 0001:001e35dd       _setPopulationsOther_      005e75dd f   KernelInterface.obj
 0001:001e5de6       _getProviderDeliveriesUsed_ 005e9de6 f   KernelInterface.obj
 0001:001e8347       _getCOAnnualDeliveries_    005ec347 f   KernelInterface.obj
 0001:001ea8a8       _getCAPMandI_              005ee8a8 f   KernelInterface.obj
 0001:001eccaa       _getCOMaxDeliveries_       005f0caa f   KernelInterface.obj
 0001:001ef20b       _getSRPAnnualDeliveries_   005f320b f   KernelInterface.obj
 0001:001f176c       _getSVMaxDeliveriesSRP_    005f576c f   KernelInterface.obj
 0001:001f3ccd       _getSVClassADesignations_  005f7ccd f   KernelInterface.obj
 0001:001f622e       _getSVClassBCDesignations_ 005fa22e f   KernelInterface.obj
 0001:001f878f       _getSVClassBCmax_          005fc78f f   KernelInterface.obj
 0001:001facf0       _getSVTclassBCstorage_     005fecf0 f   KernelInterface.obj
 0001:001fd251       _getSVTclassBCstorageMax_  00601251 f   KernelInterface.obj
 0001:001ff7b2       _getSTClassAwaterUsed_     006037b2 f   KernelInterface.obj
 0001:00201ca0       _getSaltTontoClassBCwaterUsed_ 00605ca0 f   KernelInterface.obj
 0001:0020418e       _getVerdeClassAwaterUsed_  0060818e f   KernelInterface.obj
 0001:00206576       _getVerdeClassBCwaterUsed_ 0060a576 f   KernelInterface.obj
 0001:0020895e       _getProviderGWDesignations_ 0060c95e f   KernelInterface.obj
 0001:0020aebf       _setProviderAnnualCredits_ 0060eebf f   KernelInterface.obj
 0001:0020d659       _getProviderGWstored_      00611659 f   KernelInterface.obj
 0001:0020fbbf       _getProviderSWDesignations_ 00613bbf f   KernelInterface.obj
 0001:00212120       _getAnnualProviderGroundW_ 00616120 f   KernelInterface.obj
 0001:00214794       _setProviderGroundWater_   00618794 f   KernelInterface.obj
 0001:00216f28       _getProviderGWPumpageMuni_ 0061af28 f   KernelInterface.obj
 0001:00219489       _getProviderGWPumpageSRP_  0061d489 f   KernelInterface.obj
 0001:0021b9ea       _getProviderGWRecharge_    0061f9ea f   KernelInterface.obj
 0001:0021df4b       _setAlterGPCDPct_          00621f4b f   KernelInterface.obj
 0001:002203b0       _getProviderAlterGPCDPct_  006243b0 f   KernelInterface.obj
 0001:00222961       _setProviderAlterGPCDPct_  00626961 f   KernelInterface.obj
 0001:002251cb       _setProviderMinGPCD_       006291cb f   KernelInterface.obj
 0001:002278f9       _getProviderMinGPCD_       0062b8f9 f   KernelInterface.obj
 0001:00229eaa       _setDemandOption_          0062deaa f   KernelInterface.obj
 0001:0022c305       _getDemandOption_          00630305 f   KernelInterface.obj
 0001:0022e757       _getWaterBankingOption_    00632757 f   KernelInterface.obj
 0001:00230cb8       _setWaterBankingOption_    00634cb8 f   KernelInterface.obj
 0001:0023344c       _setDemandPercent_         0063744c f   KernelInterface.obj
 0001:002358b2       _getDemandPercent_         006398b2 f   KernelInterface.obj
 0001:00237d04       _getDemandMultiplier_      0063bd04 f   KernelInterface.obj
 0001:0023a16f       _getOnProjectDemand_       0063e16f f   KernelInterface.obj
 0001:0023c6d0       _getOffProjectDemand_      006406d0 f   KernelInterface.obj
 0001:0023ec31       _getTimeLagVadoseYears_    00642c31 f   KernelInterface.obj
 0001:002412a5       _setTimeLagVadoseYears_    006452a5 f   KernelInterface.obj
 0001:00243bdc       _getParmReclaimedToVadosePct_ 00647bdc f   KernelInterface.obj
 0001:0024626e       _setParmReclaimedToVadosePct_ 0064a26e f   KernelInterface.obj
 0001:00248a16       _getParmReclaimedToDirectInjPct_ 0064ca16 f   KernelInterface.obj
 0001:0024b0a8       _setParmReclaimedToDirectInjPct_ 0064f0a8 f   KernelInterface.obj
 0001:0024d850       _getParmReclaimedToOutputPct_ 00651850 f   KernelInterface.obj
 0001:0024fee2       _setParmReclaimedToOutputPct_ 00653ee2 f   KernelInterface.obj
 0001:002526c4       _getParmReclaimedToInputPct_ 006566c4 f   KernelInterface.obj
 0001:00254d56       _setParmReclaimedToInputPct_ 00658d56 f   KernelInterface.obj
 0001:00257538       _getReclaimedOutdoorUse_   0065b538 f   KernelInterface.obj
 0001:00259bca       _setReclaimedOutdoorUse_   0065dbca f   KernelInterface.obj
 0001:0025c3ac       _getParmRWWToROPct_        006603ac f   KernelInterface.obj
 0001:0025ea3e       _setParmRWWToROPct_        00662a3e f   KernelInterface.obj
 0001:002611e6       _getParmROToOutputPct_     006651e6 f   KernelInterface.obj
 0001:00263878       _setParmROToOutputPct_     00667878 f   KernelInterface.obj
 0001:0026605a       _getParmOutDoorResPct_     0066a05a f   KernelInterface.obj
 0001:002686ec       _setParmOutDoorResPct_     0066c6ec f   KernelInterface.obj
 0001:0026aece       _getParmOutDoorComPct_     0066eece f   KernelInterface.obj
 0001:0026d560       _setParmOutDoorComPct_     00671560 f   KernelInterface.obj
 0001:0026fd42       _getParmOutDoorIndPct_     00673d42 f   KernelInterface.obj
 0001:002723d4       _setParmOutDoorIndPct_     006763d4 f   KernelInterface.obj
 0001:00274bb6       _getParmWStoResPct_        00678bb6 f   KernelInterface.obj
 0001:00277248       _setParmWStoResPct_        0067b248 f   KernelInterface.obj
 0001:00279ae4       _getParmWStoComPct_        0067dae4 f   KernelInterface.obj
 0001:0027c176       _setParmWStoComPct_        00680176 f   KernelInterface.obj
 0001:0027e958       _getParmWStoIndPct_        00682958 f   KernelInterface.obj
 0001:00280fea       _setParmWStoIndPct_        00684fea f   KernelInterface.obj
 0001:002837cc       _getParmWWtoRWWTPPct_      006877cc f   KernelInterface.obj
 0001:00285e5e       _setParmWWtoRWWTPPct_      00689e5e f   KernelInterface.obj
 0001:00288606       _getParmWWtoEffluentPct_   0068c606 f   KernelInterface.obj
 0001:0028ac98       _setParmWWtoEffluentPct_   0068ec98 f   KernelInterface.obj
 0001:0028d47a       _getParmSWtoWBankPct_      0069147a f   KernelInterface.obj
 0001:0028fb0c       _setParmSWtoWBankPct_      00693b0c f   KernelInterface.obj
 0001:0029231e       _getParmSWtoWBankAmt_      0069631e f   KernelInterface.obj
 0001:002949a8       _setParmSWtoWBankAmt_      006989a8 f   KernelInterface.obj
 0001:00297178       _getParmSWtoVadoseAmt_     0069b178 f   KernelInterface.obj
 0001:00299802       _setParmSWtoVadoseAmt_     0069d802 f   KernelInterface.obj
 0001:0029bfd2       _getParmWStoDIAmt_         0069ffd2 f   KernelInterface.obj
 0001:0029e65c       _setParmWStoDIAmt_         006a265c f   KernelInterface.obj
 0001:002a0e2c       _getParmEffluentToPPlantPct_ 006a4e2c f   KernelInterface.obj
 0001:002a34be       _setParmEffluentToPPlantPct_ 006a74be f   KernelInterface.obj
 0001:002a5c66       _getParmEffluenttoVadosePct_ 006a9c66 f   KernelInterface.obj
 0001:002a82f8       _setParmEffluenttoVadosePct_ 006ac2f8 f   KernelInterface.obj
 0001:002aaaa0       _getParmGWtoGWTPPct_       006aeaa0 f   KernelInterface.obj
 0001:002ad132       _setParmGWtoGWTPPct_       006b1132 f   KernelInterface.obj
 0001:002af8da       _setParmIncludeMeteo_      006b38da f   KernelInterface.obj
 0001:002b1cae       _getGrayWaterResidential_  006b5cae f   KernelInterface.obj
 0001:002b435e       _getGrayWaterCommercial_   006b835e f   KernelInterface.obj
 0001:002b6a0e       _getGrayWaterIndustrial_   006baa0e f   KernelInterface.obj
 0001:002b90be       _getGWbankedUsed_          006bd0be f   KernelInterface.obj
 0001:002bb732       _getGWbanked_              006bf732 f   KernelInterface.obj
 0001:002bdda6       _getReclaimedWaterTotal_   006c1da6 f   KernelInterface.obj
 0001:002c041a       _getReclaimedWaterOut_     006c441a f   KernelInterface.obj
 0001:002c2a8e       _getReclaimedWaterUsed_    006c6a8e f   KernelInterface.obj
 0001:002c5102       _getReclaimedWaterToVadose_ 006c9102 f   KernelInterface.obj
 0001:002c7776       _getReclaimedWaterDischarged_ 006cb776 f   KernelInterface.obj
 0001:002c9dea       _getReclaimedWaterDInject_ 006cddea f   KernelInterface.obj
 0001:002cc45e       _getROReclaimedWaterOut_   006d045e f   KernelInterface.obj
 0001:002cead2       _getROReclaimedWaterUsed_  006d2ad2 f   KernelInterface.obj
 0001:002d1146       _getROReclaimedWaterDI_    006d5146 f   KernelInterface.obj
 0001:002d37ba       _getEffluentCreated_       006d77ba f   KernelInterface.obj
 0001:002d5e2e       _getTWWTPCreated_          006d9e2e f   KernelInterface.obj
 0001:002d84a2       _getEffluentToPowerPlant_  006dc4a2 f   KernelInterface.obj
 0001:002dab16       _getEffluentToVadose_      006deb16 f   KernelInterface.obj
 0001:002dd18a       _getEffluentToDischarge_   006e118a f   KernelInterface.obj
 0001:002df7fe       _getEffluentToAg_          006e37fe f   KernelInterface.obj
 0001:002e1d13       _getNonPotableOutdoorUse_  006e5d13 f   KernelInterface.obj
 0001:002e4234       _getFlushesPCD_            006e8234 f   KernelInterface.obj
 0001:002e68c6       _getParmBlackWaterPct_     006ea8c6 f   KernelInterface.obj
 0001:002e8ddb       _setParmBlackWaterPct_     006ecddb f   KernelInterface.obj
 0001:002eb73a       _getShowerBathPCD_         006ef73a f   KernelInterface.obj
 0001:002eddc4       _setShowerBathPCT_         006f1dc4 f   KernelInterface.obj
 0001:002f01a0       _getDemandDeficit_         006f41a0 f   KernelInterface.obj
 0001:002f2814       _setParmAllStraws_         006f6814 f   KernelInterface.obj
 0001:002f4bb9       _getNewWaterSupplies_      006f8bb9 f   KernelInterface.obj
 0001:002f711a       _setNewWaterSupplies_      006fb11a f   KernelInterface.obj
 0001:002f9923       _getNewWaterSuppliesUsed_  006fd923 f   KernelInterface.obj
 0001:002fbe84       _getCreditDeficits_        006ffe84 f   KernelInterface.obj
 0001:002fe3fb       _getTotalCredits_          007023fb f   KernelInterface.obj
 0001:00300a6f       _getIncidentalCredits_     00704a6f f   KernelInterface.obj
 0001:003030e3       _getAgToMuniAddedCredits_  007070e3 f   KernelInterface.obj
 0001:00305757       _getTotalAddedCredits_     00709757 f   KernelInterface.obj
 0001:00307dcb       _getNormalFlowEmpiricalMax_ 0070bdcb f   KernelInterface.obj
 0001:0030a2cb       _setNormalFlowEmpiricalMax_ 0070e2cb f   KernelInterface.obj
 0001:0030ca68       _getRegionalGroundwater_   00710a68 f   KernelInterface.obj
 0001:0030ef89       _getAgAndOtherPumping_     00712f89 f   KernelInterface.obj
 0001:003114aa       _getRegionalInflow_        007154aa f   KernelInterface.obj
 0001:003139cb       _getRegionalOutflow_       007179cb f   KernelInterface.obj
 0001:00315eec       _getRegionalRecharge_      00719eec f   KernelInterface.obj
 0001:0031840d       _getNaturalRecharge_       0071c40d f   KernelInterface.obj
 0001:0031a92e       _getfluxVadoseToAquifer_   0071e92e f   KernelInterface.obj
 0001:0031cfa2       _getAgToVadoseFlux_        00720fa2 f   KernelInterface.obj
 0001:0031f396       _getCAGRD_                 00723396 f   KernelInterface.obj
 0001:003218ab       _setCAGRD_                 007258ab f   KernelInterface.obj
 0001:00323dfc       _set_parmVinze_Johnston_   00727dfc f   KernelInterface.obj
 0001:003261cd       _getProviderGPCD_          0072a1cd f   KernelInterface.obj
 0001:0032872e       _setProviderGPCD_          0072c72e f   KernelInterface.obj
 0001:0032af87       _getProviderGPCDraw_       0072ef87 f   KernelInterface.obj
 0001:0032d538       _getProviderGPCDres_       00731538 f   KernelInterface.obj
 0001:0032fae9       _getProviderGPCDind_       00733ae9 f   KernelInterface.obj
 0001:0033209a       _setWaterCommercialTurf_   0073609a f   KernelInterface.obj
 0001:0033447c       _getGPCDResBehavior_       0073847c f   KernelInterface.obj
 0001:00336c5f       _setGPCDResBehavior_       0073ac5f f   KernelInterface.obj
 0001:00339437       _get_APIinterFaceStatus_   0073d437 f   KernelInterface.obj
 0001:0033b7d3       _set_APIinterFaceStatus_   0073f7d3 f   KernelInterface.obj
 0001:0033dba7       _setProviderFlowToCOdelta_AF_ 00741ba7 f   KernelInterface.obj
 0001:0034033b       _getProviderCOdelataRatioAZ_ 0074433b f   KernelInterface.obj
 0001:0034289c       _setDefaultPumpingMandIPct_ 0074689c f   KernelInterface.obj
 0001:00345030       _getDefaultPumpingMandIPct_ 00749030 f   KernelInterface.obj
 0001:00347527       _getCAPlossPotentialPriority4_AF_ 0074b527 f   KernelInterface.obj
 0001:00349a1e       _getCAPlossPotentialPiority5_AF_ 0074da1e f   KernelInterface.obj
 0001:0034bf15       _getCAPpriority4NotUsed_AF_ 0074ff15 f   KernelInterface.obj
 0001:0034e40c       _getCAPpriority5NotUsed_AF_ 0075240c f   KernelInterface.obj
 0001:00350903       _setParmGrayWater_         00754903 f   KernelInterface.obj
 0001:00352cd7       _setParmGrayWaterCompliance_ 00756cd7 f   KernelInterface.obj
 0001:00355086       _setParmYearsToAdopt_      00759086 f   KernelInterface.obj
 0001:0035742d       _setParmRainWaterHarvesting_ 0075b42d f   KernelInterface.obj
 0001:003597f8       _setParmRainWaterHarvestResOnly_ 0075d7f8 f   KernelInterface.obj
 0001:0035bbc3       _setParmRainWaterHarvestComOnly_ 0075fbc3 f   KernelInterface.obj
 0001:0035df8e       _setParmStormWaterHarvesting_ 00761f8e f   KernelInterface.obj
 0001:00360359       _setStormWaterCapacity_m3_ 00764359 f   KernelInterface.obj
 0001:00362aed       _getStormWaterCapacity_m3_ 00766aed f   KernelInterface.obj
 0001:00364fe4       _setParmIwaniecPPtoAgEffluent_ 00768fe4 f   KernelInterface.obj
 0001:003673af       _setParmIwaniecLeaks_      0076b3af f   KernelInterface.obj
 0001:0036977a       _getGPCD_resGrayWater_     0076d77a f   KernelInterface.obj
 0001:0036bcdb       _getGPCD_comGrayWater_     0076fcdb f   KernelInterface.obj
 0001:0036e23c       _getGPCD_indGrayWater_     0077223c f   KernelInterface.obj
 0001:0037079d       _setparmIwaniecScenarios_  0077479d f   KernelInterface.obj
 0001:00372b71       _setScenario_              00776b71 f   KernelInterface.obj
 0001:00374f46       _getScenario_              00778f46 f   KernelInterface.obj
 0001:003772db       _get_harvestedStormWater_  0077b2db f   KernelInterface.obj
 0001:0037994f       _setAgEfficiency_          0077d94f f   KernelInterface.obj
 0001:0037bd48       _getAgPumpingTotal_        0077fd48 f   KernelInterface.obj
 0001:0037e28f       _getAgSurfaceTotal_        0078228f f   KernelInterface.obj
 0001:003807d6       _get_effluentUsedAg_       007847d6 f   KernelInterface.obj
 0001:00382d1d       _getUseLCLU_               00786d1d f   KernelInterface.obj
 0001:00385109       _setUseLCLU_               00789109 f   KernelInterface.obj
 0001:003874ae       _getRainWaterHarvested_    0078b4ae f   KernelInterface.obj
 0001:003899fa       _getRainWaterHarvested_SF_ 0078d9fa f   KernelInterface.obj
 0001:0038bf41       _getRainWaterHarvested_MF_ 0078ff41 f   KernelInterface.obj
 0001:0038e488       _getRainWaterHarvested_PU_ 00792488 f   KernelInterface.obj
 0001:003909cf       _getRainWaterHarvested_COM_ 007949cf f   KernelInterface.obj
 0001:00392f16       _getRainHarvestToTotalOutdoor_ 00796f16 f   KernelInterface.obj
 0001:0039558a       _getGrayWaterToTotalOutdoor_ 0079958a f   KernelInterface.obj
 0001:00397bfe       _getReclaimedToTotalOutdoor_ 0079bbfe f   KernelInterface.obj
 0001:0039a272       _getAnnualDemand_AG_AF_    0079e272 f   KernelInterface.obj
 0001:0039c8e6       _getAnnualDemand_MD_AF_    007a08e6 f   KernelInterface.obj
 0001:0039ef5a       _getAnnualDemand_HD_AF_    007a2f5a f   KernelInterface.obj
 0001:003a15ce       _getAnnualDemand_LD_AF_    007a55ce f   KernelInterface.obj
 0001:003a3c42       _getAnnualDemand_Turf_AF_  007a7c42 f   KernelInterface.obj
 0001:003a62c8       _getAnnualDemand_GWay_AF_  007aa2c8 f   KernelInterface.obj
 0001:003a894e       _getAnnualDemand_Tree_AF_  007ac94e f   KernelInterface.obj
 0001:003aafd4       _getNonpotableTotalUsed_AF_ 007aefd4 f   KernelInterface.obj
 0001:003ad54b       _getResOutdoorGPCD_PU_     007b154b f   KernelInterface.obj
 0001:003afa87       _getResIndoorGPCD_PU_      007b3a87 f   KernelInterface.obj
 0001:003b1fc3       _getResOutdoorGPCD_MD_     007b5fc3 f   KernelInterface.obj
 0001:003b44ff       _getResIndoorGPCD_MD_      007b84ff f   KernelInterface.obj
 0001:003b6a3b       _getResOutdoorGPCD_HD_     007baa3b f   KernelInterface.obj
 0001:003b8f77       _getResIndoorGPCD_HD_      007bcf77 f   KernelInterface.obj
 0001:003bb4b3       _setRainFallFactor_        007bf4b3 f   KernelInterface.obj
 0001:003bd85a       _setGPCDEfficiency_        007c185a f   KernelInterface.obj
 0001:003bfbfb       _getResIndoorUse_          007c3bfb f   KernelInterface.obj
 0001:003c2110       _getResOutdoorUse_         007c6110 f   KernelInterface.obj
 0001:003c4625       _setRainHarvestCompliance_ 007c8625 f   KernelInterface.obj
 0001:003c69cc       _setInflectionPoint_       007ca9cc f   KernelInterface.obj
 0001:003c8d73       _getAgRetirementPct_       007ccd73 f   KernelInterface.obj
 0001:003cb17b       _setAgRetirementPct_       007cf17b f   KernelInterface.obj
 0001:003cd5ad       _getGrossStormWater_AF_    007d15ad f   KernelInterface.obj
 0001:003cfc30       _lm_lulc_                  007d3c30 f   LandUseLandCover.obj
 0001:003cfc41       _lm_lulc@_initlulc_        007d3c41 f   LandUseLandCover.obj
 0001:003cfca0       _lm_lulc@_openfiles_cm_    007d3ca0 f   LandUseLandCover.obj
 0001:003cff4d       _lm_lulc@_readfiles_cm_    007d3f4d f   LandUseLandCover.obj
 0001:003d0574       _lms_lulc_                 007d4574 f   LandUseLandCover.obj
 0001:003d0585       _lms_lulc@_providerrcn_    007d4585 f   LandUseLandCover.obj
 0001:003d0a31       _lms_lulc@_slcluarea_      007d4a31 f   LandUseLandCover.obj
 0001:003d0b11       _lms_lulc@_sproportionallandcover_ 007d4b11 f   LandUseLandCover.obj
 0001:003d0fde       _lms_lulc@_slanduselandcoverarea_ 007d4fde f   LandUseLandCover.obj
 0001:003d166e       _lms_lulc@_slanduselandcoverarea_5_ 007d566e f   LandUseLandCover.obj
 0001:003d1802       _lms_lulc@_ssetwaterusebylclu_ 007d5802 f   LandUseLandCover.obj
 0001:003d20ba       _lms_lulc@_sgetwaterusebylclu_ 007d60ba f   LandUseLandCover.obj
 0001:003d2480       _lms_lulc@_sgetrawefficiencies_ 007d6480 f   LandUseLandCover.obj
 0001:003d2602       _lms_lulc@_sgetweighting_  007d6602 f   LandUseLandCover.obj
 0001:003d293a       _lms_lulc@_saddedoutdoorwater_ 007d693a f   LandUseLandCover.obj
 0001:003d2aff       _lms_lulc@_spartitionpopulation_ 007d6aff f   LandUseLandCover.obj
 0001:003d4990       _lms_lulc@_shouseholds_    007d8990 f   LandUseLandCover.obj
 0001:003d52d6       _lms_lulc@_spplhousehold_  007d92d6 f   LandUseLandCover.obj
 0001:003d53e6       _lms_lulc@_sgpud_          007d93e6 f   LandUseLandCover.obj
 0001:003d5eeb       _lms_lulc@_spph_           007d9eeb f   LandUseLandCover.obj
 0001:003d61fe       _lms_lulc@_fratioproportion_ 007da1fe f   LandUseLandCover.obj
 0001:003d63f2       _lms_lulc@_sindoorgpcdperhhres_ 007da3f2 f   LandUseLandCover.obj
 0001:003d6597       _lms_lulc@_stotalgpcdperhhres_ 007da597 f   LandUseLandCover.obj
 0001:003d6a5d       _lms_lulc@_sturfwateruse_  007daa5d f   LandUseLandCover.obj
 0001:003d6f9f       _lms_lulc@_streewateruse_  007daf9f f   LandUseLandCover.obj
 0001:003d74f8       _lms_lulc@_fhyperbolatree_ 007db4f8 f   LandUseLandCover.obj
 0001:003d75dc       _lms_lulc@_smultiplymatricies_ 007db5dc f   LandUseLandCover.obj
 0001:003d7916       _lms_lulc@_getlclupct_     007db916 f   LandUseLandCover.obj
 0001:003d8243       _lms_lulc@_setlinearlclu_  007dc243 f   LandUseLandCover.obj
 0001:003d8527       _lms_lulc@_getlinearlclu_  007dc527 f   LandUseLandCover.obj
 0001:003d88a5       _lms_lulc@_logisticlclu_   007dc8a5 f   LandUseLandCover.obj
 0001:003d9071       _lms_lulc@_hyperbollclu_   007dd071 f   LandUseLandCover.obj
 0001:003d97da       _lms_lulc@_sdefaultlandcover_ 007dd7da f   LandUseLandCover.obj
 0001:003d9a90       _initializelulc_           007dda90 f   LandUseLandCover.obj
 0001:003dbdf3       _sdefaultrcn_              007dfdf3 f   LandUseLandCover.obj
 0001:003de506       _sproviderrcn_             007e2506 f   LandUseLandCover.obj
 0001:003e08cd       _ssetlcludemand_           007e48cd f   LandUseLandCover.obj
 0001:003e2c6b       _sgetlcludemand_           007e6c6b f   LandUseLandCover.obj
 0001:003e5009       _srunlcluarea_             007e9009 f   LandUseLandCover.obj
 0001:003e73a7       _srunlclu_                 007eb3a7 f   LandUseLandCover.obj
 0001:003e97c3       _srunproplandcover_5_      007ed7c3 f   LandUseLandCover.obj
 0001:003ebb50       _lm_meteorology_           007efb50 f   Meteorology.obj
 0001:003ebb61       _lm_meteorology@_initmeteo_ 007efb61 f   Meteorology.obj
 0001:003ebbdd       _lm_meteorology@_openfiles_met_ 007efbdd f   Meteorology.obj
 0001:003ebdc3       _lm_meteorology@_readfiles_met_ 007efdc3 f   Meteorology.obj
 0001:003ed699       _initializemeteo_          007f1699 f   Meteorology.obj
 0001:003efa00       _lm_parametercontrol_      007f3a00 f   Parameter_control.obj
 0001:003efa11       _lm_parametercontrol@_initparmcontrol_ 007f3a11 f   Parameter_control.obj
 0001:003efa70       _lm_parametercontrol@_openfiles_pc_ 007f3a70 f   Parameter_control.obj
 0001:003efc3d       _lm_parametercontrol@_readfiles_pc_ 007f3c3d f   Parameter_control.obj
 0001:003f0154       _lm_parametercontrol@_initarrays_ 007f4154 f   Parameter_control.obj
 0001:003f0718       _lm_parametercontrol@_initparameters_ 007f4718 f   Parameter_control.obj
 0001:003f092b       _lm_parametercontrol@_initbaseparms_ 007f492b f   Parameter_control.obj
 0001:003f0a85       _lm_parametercontrol@_initglobal_ 007f4a85 f   Parameter_control.obj
 0001:003f0ccd       _lm_parametercontrol@_initco_ 007f4ccd f   Parameter_control.obj
 0001:003f0d7f       _lm_parametercontrol@_initsvt_ 007f4d7f f   Parameter_control.obj
 0001:003f1478       _lm_parametercontrol@_initpopanddemand_ 007f5478 f   Parameter_control.obj
 0001:003f1e1d       _lm_parametercontrol@_initcity_ 007f5e1d f   Parameter_control.obj
 0001:003f3fdf       _lm_parametercontrol@_initgeneral_ 007f7fdf f   Parameter_control.obj
 0001:003f47a3       _lm_parametercontrol@_initgwater_ 007f87a3 f   Parameter_control.obj
 0001:003f4ac6       _lm_parametercontrol@_initgeneric_ 007f8ac6 f   Parameter_control.obj
 0001:003f511d       _lm_parametercontrol@_initnew_ 007f911d f   Parameter_control.obj
 0001:003f5946       _lm_parametercontrol@_initwatersim_6_ 007f9946 f   Parameter_control.obj
 0001:003f5e38       _lms_parametercontrol_     007f9e38 f   Parameter_control.obj
 0001:003f5e49       _lms_parametercontrol@_modifydesignations_ 007f9e49 f   Parameter_control.obj
 0001:003f61f1       _initializemodel_          007fa1f1 f   Parameter_control.obj
 0001:003f8578       _pcityparametercontrol_a_  007fc578 f   Parameter_control.obj
 0001:003fc43c       _invokedefault_            0080043c f   Parameter_control.obj
 0001:003fee19       _checkdefault_             00802e19 f   Parameter_control.obj
 0001:00401b0c       _sparametercontrol_tstep_  00805b0c f   Parameter_control.obj
 0001:004040dd       _clearinclude_             008080dd f   Parameter_control.obj
 0001:00406479       _sinputscity_              0080a479 f   Parameter_control.obj
 0001:004098e0       _MAIN__                    0080d8e0 f   Program.obj
 0001:0040df6b       _setparameters_            00811f6b f   Program.obj
 0001:00410340       _lms_provider_             00814340 f   Provider.obj
 0001:00410351       _lms_provider@_writetodisk__ 00814351 f   Provider.obj
 0001:00410439       _lms_provider@_sprovider_  00814439 f   Provider.obj
 0001:00410918       _lms_provider@_ademandsupply_ 00814918 f   Provider.obj
 0001:0041611f       _lms_provider@_waterbanking_ 0081a11f f   Provider.obj
 0001:0041685a       _lms_provider@_clearvariables_ 0081a85a f   Provider.obj
 0001:00416aa1       _lms_provider@_sendtocitymodelnewvar_ 0081aaa1 f   Provider.obj
 0001:00419c04       _lms_provider@_adifference_ 0081dc04 f   Provider.obj
 0001:0041a501       _nexchangevariables_       0081e501 f   Provider.obj
 0001:0041caa3       _pwaterproviders_          00820aa3 f   Provider.obj
 0001:0041f000       _lm_providerpopulation_    00823000 f   ProviderPopulationandDemand.obj
 0001:0041f011       _lm_providerpopulation@_initpop_ 00823011 f   ProviderPopulationandDemand.obj
 0001:0041f082       _lm_providerpopulation@_openfiles_pop_ 00823082 f   ProviderPopulationandDemand.obj
 0001:0041f39f       _lm_providerpopulation@_readfiles_pop_ 0082339f f   ProviderPopulationandDemand.obj
 0001:00420266       _lm_providerpopulation@_initialize_ 00824266 f   ProviderPopulationandDemand.obj
 0001:0042041a       _lms_providerpopanddemand_ 0082441a f   ProviderPopulationandDemand.obj
 0001:0042042b       _lms_providerpopanddemand@_calcdemand_ 0082442b f   ProviderPopulationandDemand.obj
 0001:004269a3       _lms_providerpopanddemand@_lulcdemand_ 0082a9a3 f   ProviderPopulationandDemand.obj
 0001:00426a35       _lms_providerpopanddemand@_foutdooruse_ 0082aa35 f   ProviderPopulationandDemand.obj
 0001:00426bd5       _lms_providerpopanddemand@_primegpcd_ 0082abd5 f   ProviderPopulationandDemand.obj
 0001:004277eb       _lms_providerpopanddemand@_readnewgpcd_ 0082b7eb f   ProviderPopulationandDemand.obj
 0001:0042795a       _lms_providerpopanddemand@_gpcdses_ 0082b95a f   ProviderPopulationandDemand.obj
 0001:00428c68       _lms_providerpopanddemand@_calculatealpha_ 0082cc68 f   ProviderPopulationandDemand.obj
 0001:00428fa9       _lms_providerpopanddemand@_gpcd_target_ 0082cfa9 f   ProviderPopulationandDemand.obj
 0001:00429064       _lms_providerpopanddemand@_sholttarget_ 0082d064 f   ProviderPopulationandDemand.obj
 0001:00429588       _lms_providerpopanddemand@_fholt_ 0082d588 f   ProviderPopulationandDemand.obj
 0001:0042987b       _lms_providerpopanddemand@_fminmaxalpha_ 0082d87b f   ProviderPopulationandDemand.obj
 0001:00429932       _lms_providerpopanddemand@_fminmaxbeta_ 0082d932 f   ProviderPopulationandDemand.obj
 0001:004299e8       _lms_providerpopanddemand@_sfindalphabetastart_ 0082d9e8 f   ProviderPopulationandDemand.obj
 0001:00429ee3       _lms_providerpopanddemand@_slinearregression_ 0082dee3 f   ProviderPopulationandDemand.obj
 0001:0042a1fc       _lms_providerpopanddemand@_sfindbetagamma_ 0082e1fc f   ProviderPopulationandDemand.obj
 0001:0042aaf0       _lms_providerpopanddemand@_ssetgpcd_ 0082eaf0 f   ProviderPopulationandDemand.obj
 0001:0042ae24       _initializepopanddemand_   0082ee24 f   ProviderPopulationandDemand.obj
 0001:0042d187       _readgpcdglobal_           00831187 f   ProviderPopulationandDemand.obj
 0001:0042f5ec       _readprovidergpcd_         008335ec f   ProviderPopulationandDemand.obj
 0001:00431a51       _foutdoorestimate_         00835a51 f   ProviderPopulationandDemand.obj
 0001:00431d26       _fgpcdmethodvalues_        00835d26 f   ProviderPopulationandDemand.obj
 0001:00431ef9       _punmetdemand_             00835ef9 f   ProviderPopulationandDemand.obj
 0001:00434717       _pdemand_                  00838717 f   ProviderPopulationandDemand.obj
 0001:00437587       _pglobaldemand_            0083b587 f   ProviderPopulationandDemand.obj
 0001:00439aeb       _scleardemand_             0083daeb f   ProviderPopulationandDemand.obj
 0001:0043c059       _providerarea2012_         00840059 f   ProviderPopulationandDemand.obj
 0001:0043e5ad       _providerarea2012i_        008425ad f   ProviderPopulationandDemand.obj
 0001:00440ba5       _providerareaag_2012_      00844ba5 f   ProviderPopulationandDemand.obj
 0001:00443227       _providerareaag_2012r_     00847227 f   ProviderPopulationandDemand.obj
 0001:004458f0       _typefiveexpsrp_           008498f0 f   Regressions.obj
 0001:00445e40       _typefiveexp_              00849e40 f   Regressions.obj
 0001:00446405       _typefiveexpres_           0084a405 f   Regressions.obj
 0001:004472ba       _typefiveexpcio_           0084b2ba f   Regressions.obj
 0001:00447fa7       _normal_                   0084bfa7 f   Regressions.obj
 0001:00448d40       _zdistribution_            0084cd40 f   Regressions.obj
 0001:00448e88       _donormal_                 0084ce88 f   Regressions.obj
 0001:004492bd       _demandnormal_             0084d2bd f   Regressions.obj
 0001:0044957b       _nmodifier_                0084d57b f   Regressions.obj
 0001:0044a120       _catchexception_           0084e120 f   Regressions.obj
 0001:0044a8c3       _catchminexception_        0084e8c3 f   Regressions.obj
 0001:0044aa8b       _gm_euler_                 0084ea8b f   Regressions.obj
 0001:0044aa9c       _gm_euler@_seuler_         0084ea9c f   Regressions.obj
 0001:0044ae5f       _f_                        0084ee5f f   Regressions.obj
 0001:0044aeec       _ptypefiveexp_             0084eeec f   Regressions.obj
 0001:0044b0c8       _gaussian_                 0084f0c8 f   Regressions.obj
 0001:0044b289       _gaussianprime_            0084f289 f   Regressions.obj
 0001:0044b4d0       _lms_srpnewrelease_        0084f4d0 f   SRPnewRelease.obj
 0001:0044b4e1       _lms_srpnewrelease@_initialize_ 0084f4e1 f   SRPnewRelease.obj
 0001:0044b715       _lms_srpnewrelease@_nrelease_ 0084f715 f   SRPnewRelease.obj
 0001:0044bb95       _lms_srpnewrelease@_areleaseout_ 0084fb95 f   SRPnewRelease.obj
 0001:0044bde5       _lms_srpnewrelease@_updatestate_ 0084fde5 f   SRPnewRelease.obj
 0001:0044c1f9       _lms_srpnewrelease@_outputstointerface_ 008501f9 f   SRPnewRelease.obj
 0001:0044c336       _psrpnewrelease_           00850336 f   SRPnewRelease.obj
 0001:0044e890       _lms_srpwateroperations_   00852890 f   SRPwaterOperations.obj
 0001:0044e8a1       _lms_srpwateroperations@_classa_ 008528a1 f   SRPwaterOperations.obj
 0001:0044edee       _lms_srpwateroperations@_ncs_ 00852dee f   SRPwaterOperations.obj
 0001:0044f7a1       _psrp_newclassa_           008537a1 f   SRPwaterOperations.obj
 0001:0045200e       _psrp_newclassbc_          0085600e f   SRPwaterOperations.obj
 0001:00455a25       _psrp_newncs_              00859a25 f   SRPwaterOperations.obj
 0001:00458130       _sstrings_                 0085c130 f   Strings.obj
 0001:00458ce7       _soncethrough_             0085cce7 f   Strings.obj
 0001:00459345       _swrite_                   0085d345 f   Strings.obj
 0001:00459593       _ewrite_                   0085d593 f   Strings.obj
 0001:00459820       _gm_typecontrol_           0085d820 f   TypeConstructs.obj
 0001:00459830       _lms_watershed_            0085d830 f   WaterShed.obj
 0001:00459841       _lms_watershed@_initgroundwater_ 0085d841 f   WaterShed.obj
 0001:00459947       _lms_watershed@_initgw_    0085d947 f   WaterShed.obj
 0001:00459b54       _pinitgroundwater_         0085db54 f   WaterShed.obj
 0001:0045bff0       _flows_                    0085fff0 f   WaterShed.obj
 0001:0045e456       _sflowforenvironment_      00862456 f   WaterShed.obj
 0001:00461061       _sflowssalttontoverde_     00865061 f   WaterShed.obj
 0001:0046347a       _pdesignate_               0086747a f   WaterShed.obj
 0001:00465ae0       _lm_srpsalttonto_          00869ae0 f   WaterShed_SaltTonto.obj
 0001:00465af1       _lm_srpsalttonto@_initwssalttonto_ 00869af1 f   WaterShed_SaltTonto.obj
 0001:00465b50       _lm_srpsalttonto@_openfiles_st_ 00869b50 f   WaterShed_SaltTonto.obj
 0001:00465ca4       _lm_srpsalttonto@_readfiles_st_ 00869ca4 f   WaterShed_SaltTonto.obj
 0001:00466082       _lm_srpsalttonto@_initialstate_st_ 0086a082 f   WaterShed_SaltTonto.obj
 0001:00466147       _lms_srpsalttonto_         0086a147 f   WaterShed_SaltTonto.obj
 0001:00466158       _lms_srpsalttonto@_ainflow_salttonto_ 0086a158 f   WaterShed_SaltTonto.obj
 0001:00466c96       _lms_srpsalttonto@_countyears_ 0086ac96 f   WaterShed_SaltTonto.obj
 0001:00466dc7       _lms_srpsalttonto@_monthlyflow_ 0086adc7 f   WaterShed_SaltTonto.obj
 0001:0046702d       _lms_srpsalttonto@_expectedstoragesalt_ 0086b02d f   WaterShed_SaltTonto.obj
 0001:004674e3       _lms_srpsalttonto@_normalflowavailablemonthly_ 0086b4e3 f   WaterShed_SaltTonto.obj
 0001:00467c11       _lms_srpsalttonto@_monthlybc_ 0086bc11 f   WaterShed_SaltTonto.obj
 0001:00467e3e       _lms_srpsalttonto@_storagesaltmonthly_ 0086be3e f   WaterShed_SaltTonto.obj
 0001:00468e86       _lms_srpsalttonto@_storagerooseveltmonthly_ 0086ce86 f   WaterShed_SaltTonto.obj
 0001:0046964d       _lms_srpsalttonto@_initializeloop_ 0086d64d f   WaterShed_SaltTonto.obj
 0001:0046970c       _lms_srpsalttonto@_outputstointerface_ 0086d70c f   WaterShed_SaltTonto.obj
 0001:00469940       _lms_srpsalttonto@_validate_ 0086d940 f   WaterShed_SaltTonto.obj
 0001:00469b09       _lms_srpsalttonto@_updatestate_ 0086db09 f   WaterShed_SaltTonto.obj
 0001:00469d73       _lms_srpsalttonto@_movingaveage_ 0086dd73 f   WaterShed_SaltTonto.obj
 0001:0046a2bf       _initializesalttonto_      0086e2bf f   WaterShed_SaltTonto.obj
 0001:0046c622       _adjustedflowsalttonto_    00870622 f   WaterShed_SaltTonto.obj
 0001:0046eb16       _initializenormalflow_     00872b16 f   WaterShed_SaltTonto.obj
 0001:00471085       _normalflowsalttonto_      00875085 f   WaterShed_SaltTonto.obj
 0001:00473f00       _lm_river_aa_              00877f00 f   WaterShed_STV.obj
 0001:00473f11       _lm_river_aa@_initwsa_     00877f11 f   WaterShed_STV.obj
 0001:00473fb6       _lm_river_aa@_openfiles_a_ 00877fb6 f   WaterShed_STV.obj
 0001:004741f3       _lm_river_aa@_readfiles_a_ 008781f3 f   WaterShed_STV.obj
 0001:004746a4       _lm_river_aa@_readparms_a_ 008786a4 f   WaterShed_STV.obj
 0001:004748ad       _lm_river_aa@_initialstate_a_ 008788ad f   WaterShed_STV.obj
 0001:00474c86       _lms_river_aa_             00878c86 f   WaterShed_STV.obj
 0001:00474c97       _lms_river_aa@_outinitiala_ 00878c97 f   WaterShed_STV.obj
 0001:00474cde       _lms_river_aa@_sunintendedrecharge_ 00878cde f   WaterShed_STV.obj
 0001:00474f21       _initializesalttontoverde_ 00878f21 f   WaterShed_STV.obj
 0001:00477284       _psalttontoverde_          0087b284 f   WaterShed_STV.obj
 0001:004796c0       _lm_srpverde_              0087d6c0 f   WaterShed_Verde.obj
 0001:004796d1       _lm_srpverde@_initwsverde_ 0087d6d1 f   WaterShed_Verde.obj
 0001:00479730       _lm_srpverde@_openfiles_v_ 0087d730 f   WaterShed_Verde.obj
 0001:00479873       _lm_srpverde@_readfiles_v_ 0087d873 f   WaterShed_Verde.obj
 0001:00479c51       _lm_srpverde@_initialstate_v_ 0087dc51 f   WaterShed_Verde.obj
 0001:00479cba       _lms_srpverde_             0087dcba f   WaterShed_Verde.obj
 0001:00479ccb       _lms_srpverde@_ainflow_verde_ 0087dccb f   WaterShed_Verde.obj
 0001:0047a802       _lms_srpverde@_countyears_ 0087e802 f   WaterShed_Verde.obj
 0001:0047a933       _lms_srpverde@_monthlyflow_ 0087e933 f   WaterShed_Verde.obj
 0001:0047ab99       _lms_srpverde@_expectedstorageverde_ 0087eb99 f   WaterShed_Verde.obj
 0001:0047af64       _lms_srpverde@_normalflowavailablemonthly_ 0087ef64 f   WaterShed_Verde.obj
 0001:0047b597       _lms_srpverde@_monthlybc_  0087f597 f   WaterShed_Verde.obj
 0001:0047be49       _lms_srpverde@_storageverdemonthly_ 0087fe49 f   WaterShed_Verde.obj
 0001:0047ca84       _lms_srpverde@_initializeloop_ 00880a84 f   WaterShed_Verde.obj
 0001:0047cb71       _lms_srpverde@_transferout_ 00880b71 f   WaterShed_Verde.obj
 0001:0047cc43       _lms_srpverde@_outputstointerface_ 00880c43 f   WaterShed_Verde.obj
 0001:0047cdbd       _lms_srpverde@_validate_   00880dbd f   WaterShed_Verde.obj
 0001:0047d0aa       _lms_srpverde@_updatestate_ 008810aa f   WaterShed_Verde.obj
 0001:0047d199       _initializeverde_          00881199 f   WaterShed_Verde.obj
 0001:0047f4fc       _adjustedflowverde_        008834fc f   WaterShed_Verde.obj
 0001:004818ea       _initializeverdemonthly_   008858ea f   WaterShed_Verde.obj
 0001:00483cd6       _normalflowverde_          00887cd6 f   WaterShed_Verde.obj
 0001:004865c8       _monthlydemand_            0088a5c8 f   WaterShed_Verde.obj
 0001:004868cf       _checkclassaflowavailable_ 0088a8cf f   WaterShed_Verde.obj
 0001:00486a40       _lm_citiwaterbudgets_      0088aa40 f   Water_CityModel.obj
 0001:00486a51       _lm_citiwaterbudgets@_initcitymodel_ 0088aa51 f   Water_CityModel.obj
 0001:00486ab0       _lm_citiwaterbudgets@_openfiles_cm_ 0088aab0 f   Water_CityModel.obj
 0001:00486b94       _lm_citiwaterbudgets@_readfiles_cm_ 0088ab94 f   Water_CityModel.obj
 0001:00486c63       _lms_citiwaterbudgets_     0088ac63 f   Water_CityModel.obj
 0001:00486c74       _lms_citiwaterbudgets@_saquifer_ 0088ac74 f   Water_CityModel.obj
 0001:004881b6       _lms_citiwaterbudgets@_scommercial_ 0088c1b6 f   Water_CityModel.obj
 0001:0048a857       _lms_citiwaterbudgets@_sshowerminutes_ 0088e857 f   Water_CityModel.obj
 0001:0048a99b       _lms_citiwaterbudgets@_sindustrial_ 0088e99b f   Water_CityModel.obj
 0001:0048d0e7       _lms_citiwaterbudgets@_sdirectinjection_ 008910e7 f   Water_CityModel.obj
 0001:0048d61a       _lms_citiwaterbudgets@_seffluent_ 0089161a f   Water_CityModel.obj
 0001:0048ef51       _lms_citiwaterbudgets@_sgwtreatment_ 00892f51 f   Water_CityModel.obj
 0001:0048f417       _lms_citiwaterbudgets@_sindustrialreuse_ 00893417 f   Water_CityModel.obj
 0001:0048fb26       _lms_citiwaterbudgets@_sreclaimed_ 00893b26 f   Water_CityModel.obj
 0001:0049091a       _lms_citiwaterbudgets@_sresidential_ 0089491a f   Water_CityModel.obj
 0001:0049321e       _lms_citiwaterbudgets@_sroprocess_ 0089721e f   Water_CityModel.obj
 0001:00493aaa       _lms_citiwaterbudgets@_srwwtp_ 00897aaa f   Water_CityModel.obj
 0001:00494262       _lms_citiwaterbudgets@_ssurfacewater_ 00898262 f   Water_CityModel.obj
 0001:00494e3b       _lms_citiwaterbudgets@_sswtp_ 00898e3b f   Water_CityModel.obj
 0001:0049523e       _lms_citiwaterbudgets@_svadose_ 0089923e f   Water_CityModel.obj
 0001:00496e72       _lms_citiwaterbudgets@_slagvadose_ 0089ae72 f   Water_CityModel.obj
 0001:00497426       _lms_citiwaterbudgets@_storelaggedvadose_ 0089b426 f   Water_CityModel.obj
 0001:004976ab       _lms_citiwaterbudgets@_fvadoseinfiltration_ 0089b6ab f   Water_CityModel.obj
 0001:00497789       _lms_citiwaterbudgets@_fvadoseloss_ 0089b789 f   Water_CityModel.obj
 0001:0049785b       _lms_citiwaterbudgets@_swsupply_ 0089b85b f   Water_CityModel.obj
 0001:0049947a       _lms_citiwaterbudgets@_swwtp_ 0089d47a f   Water_CityModel.obj
 0001:0049a031       _lms_citiwaterbudgets@_srampupparameters_ 0089e031 f   Water_CityModel.obj
 0001:0049a1e6       _lms_citiwaterbudgets@_srampdnparameters_ 0089e1e6 f   Water_CityModel.obj
 0001:0049a393       _lms_citiwaterbudgets@_sagriculture_ 0089e393 f   Water_CityModel.obj
 0001:0049a7ea       _lms_citiwaterbudgets@_spowerplant_ 0089e7ea f   Water_CityModel.obj
 0001:0049a9f9       _lms_citiwaterbudgets@_sbalancews_ 0089e9f9 f   Water_CityModel.obj
 0001:0049b5b5       _lms_citiwaterbudgets@_sproportionnew_ 0089f5b5 f   Water_CityModel.obj
 0001:0049bbc5       _lms_citiwaterbudgets@_sproportion_ 0089fbc5 f   Water_CityModel.obj
 0001:0049ceef       _lms_citiwaterbudgets@_srangecheck_ 008a0eef f   Water_CityModel.obj
 0001:0049d178       _lms_citiwaterbudgets@_swaterfluxtoatmos_ 008a1178 f   Water_CityModel.obj
 0001:0049d37c       _lms_citiwaterbudgets@_supdatestate_ 008a137c f   Water_CityModel.obj
 0001:0049d773       _lms_citiwaterbudgets@_sstepupdate_ 008a1773 f   Water_CityModel.obj
 0001:0049dd68       _lms_citiwaterbudgets@_sgraywater_ 008a1d68 f   Water_CityModel.obj
 0001:0049e7e0       _lms_citiwaterbudgets@_sblackwater_ 008a27e0 f   Water_CityModel.obj
 0001:0049ef8d       _lms_citiwaterbudgets@_srunoff_ 008a2f8d f   Water_CityModel.obj
 0001:0049f17a       _lms_citiwaterbudgets@_fpercolation_ 008a317a f   Water_CityModel.obj
 0001:0049f28c       _lms_citiwaterbudgets@_fstormwaterstorage_ 008a328c f   Water_CityModel.obj
 0001:0049fa12       _lms_citiwaterbudgets@_speakrainfall_ 008a3a12 f   Water_CityModel.obj
 0001:0049fb1f       _lms_citiwaterbudgets@_srainfallrunoff_ 008a3b1f f   Water_CityModel.obj
 0001:004a0ff6       _lms_citiwaterbudgets@_sconverge_ 008a4ff6 f   Water_CityModel.obj
 0001:004a1031       _lms_citiwaterbudgets@_svadosecurve_ 008a5031 f   Water_CityModel.obj
 0001:004a1105       _lms_citiwaterbudgets@_sclearvariables_ 008a5105 f   Water_CityModel.obj
 0001:004a124c       _lms_citiwaterbudgets@_typetransferin_ 008a524c f   Water_CityModel.obj
 0001:004a2e0b       _lms_citiwaterbudgets@_typetransferout_ 008a6e0b f   Water_CityModel.obj
 0001:004a3c27       _lms_citiwaterbudgets@_soutputtointerface_ 008a7c27 f   Water_CityModel.obj
 0001:004a5eea       _lms_citiwaterbudgets@_scitymodelwater_ 008a9eea f   Water_CityModel.obj
 0001:004a66b6       _lms_citiwaterbudgets@_screditbalance_ 008aa6b6 f   Water_CityModel.obj
 0001:004a6e20       _lms_citiwaterbudgets@_outputs_ 008aae20 f   Water_CityModel.obj
 0001:004a7008       _initializecitymodel_      008ab008 f   Water_CityModel.obj
 0001:004a9359       _loopend_                  008ad359 f   Water_CityModel.obj
 0001:004a9536       _loopstartend_             008ad536 f   Water_CityModel.obj
 0001:004a9763       _pcitimodel_               008ad763 f   Water_CityModel.obj
 0001:004ac209       _frainevaporationrate_     008b0209 f   Water_CityModel.obj
 0001:004ac2e0       _f_dint                    008b02e0 f   fj90f:jwe_fdin.obj
 0001:004ac350       _f_trim                    008b0350 f   fj90f:jwe_ftrm.obj
 0001:004ac3a0       _f_scmov                   008b03a0 f   fj90f:jwe_fcmv.obj
 0001:004ac400       _f_cmove                   008b0400 f   fj90f:jwe_fcmv.obj
 0001:004ac460       _f_dnint                   008b0460 f   fj90f:jwe_fdni.obj
 0001:004ac570       _f_anint                   008b0570 f   fj90f:jwe_fani.obj
 0001:004ac5f0       _f_aixi                    008b05f0 f   fj90f:jwe_fixi.obj
 0001:004ac7a0       _f_index                   008b07a0 f   fj90f:jwe_fidx.obj
 0001:004ac810       _f_indexa                  008b0810 f   fj90f:jwe_fidx.obj
 0001:004ac8f0       _f_indexj                  008b08f0 f   fj90f:jwe_fidx.obj
 0001:004ac990       _f_indxaj                  008b0990 f   fj90f:jwe_fidx.obj
 0001:004acad0       _f_datim                   008b0ad0 f   fj90f:jwe_fdat.obj
 0001:004ad100       _f_cshft                   008b1100 f   fj90f:jwe_fcsh.obj
 0001:004af8f0       _jwe_fcsh1                 008b38f0 f   fj90f:jwe_fcsh1.obj
 0001:004b1bd0       _jwe_fcsh8                 008b5bd0 f   fj90f:jwe_fcsh8.obj
 0001:004b42d0       _jwe_fcsh4                 008b82d0 f   fj90f:jwe_fcsh4.obj
 0001:004b6540       _jwe_fcsh2                 008ba540 f   fj90f:jwe_fcsh2.obj
 0001:004b87c0       _g_arxr                    008bc7c0 f   fj90g:jwe_grxr.obj
 0001:004b8e0a       _jwe_gpow                  008bce0a f   fj90g:jwe_grxr.obj
 0001:004b8fa0       _g_adxd                    008bcfa0 f   fj90g:jwe_gdxd.obj
 0001:004b9480       _jwe_gpwd                  008bd480 f   fj90g:jwe_gdxd.obj
 0001:004b96e0       _g_exp                     008bd6e0 f   fj90g:jwe_gexp.obj
 0001:004b9810       _g_fract                   008bd810 f   fj90g:jwe_gfrr.obj
 0001:004b9850       _g_log                     008bd850 f   fj90g:jwe_glog.obj
 0001:004b9970       _g_atan                    008bd970 f   fj90g:jwe_gatn.obj
 0001:004b9990       _g_dexp                    008bd990 f   fj90g:jwe_gdex.obj
 0001:004b9ad0       _jwe_gdex                  008bdad0 f   fj90g:jwe_gdex.obj
 0001:004b9af0       _g_dsqrt                   008bdaf0 f   fj90g:jwe_gdsq.obj
 0001:004b9c00       _jwe_iocf                  008bdc00 f   fj90i:jwe_iocf.obj
 0001:004bc3d0       _jwe_ifac                  008c03d0 f   fj90i:jwe_iocf.obj
 0001:004bc5e0       _jwe_ilst                  008c05e0 f   fj90i:jwe_ilst.obj
 0001:004bcba0       _jwe_debg                  008c0ba0 f   fj90i:jwe_debg.obj
 0001:004bd680       _jwe_iinq                  008c1680 f   fj90i:jwe_iinq.obj
 0001:004bd8d0       _jwe_iiq0                  008c18d0 f   fj90i:jwe_iinq.obj
 0001:004bdc70       _jwe_iiq1                  008c1c70 f   fj90i:jwe_iinq.obj
 0001:004bdf60       _jwe_iiq2                  008c1f60 f   fj90i:jwe_iinq.obj
 0001:004be240       _jwe_iiq3                  008c2240 f   fj90i:jwe_iinq.obj
 0001:004be7a0       _jwe_iiqs                  008c27a0 f   fj90i:jwe_iinq.obj
 0001:004bf3f0       _jwe_iiqe                  008c33f0 f   fj90i:jwe_iinq.obj
 0001:004bf6a0       _jwe_iiq4                  008c36a0 f   fj90i:jwe_iinq.obj
 0001:004bf990       _jwe_iiq5                  008c3990 f   fj90i:jwe_iinq.obj
 0001:004c0040       _jwe_xalc                  008c4040 f   fj90i:jwe_xalc.obj
 0001:004c04a0       _jwe_x_alloc_trace         008c44a0 f   fj90i:jwe_xalc.obj
 0001:004c05d0       _jwe_xdal                  008c45d0 f   fj90i:jwe_xdal.obj
 0001:004c0980       _jwe_iinf                  008c4980 f   fj90i:jwe_iinf.obj
 0001:004c1420       _jwe_xstp                  008c5420 f   fj90i:jwe_xstp.obj
 0001:004c1570       _jwe_xadt                  008c5570 f   fj90i:jwe_xadt.obj
 0001:004c1750       _jwe_xddt                  008c5750 f   fj90i:jwe_xadt.obj
 0001:004c1990       _jwe_xopt                  008c5990 f   fj90i:jwe_xopt.obj
 0001:004c2950       _jwe_xcop                  008c6950 f   fj90i:jwe_xopt.obj
 0001:004c2bb0       _jwe_xrcp                  008c6bb0 f   fj90i:jwe_xopt.obj
 0001:004c2bc0       _jwe_isfm                  008c6bc0 f   fj90i:jwe_isfm.obj
 0001:004c3450       _jwe_ipsf                  008c7450 f   fj90i:jwe_ipsf.obj
 0001:004c3820       _jwe_xilc                  008c7820 f   fj90i:jwe_xilc.obj
 0001:004c3860       _jwe_xint                  008c7860 f   fj90i:jwe_xint.obj
 0001:004c38e0       _jwe_isui                  008c78e0 f   fj90i:jwe_isui.obj
 0001:004c3a10       _jwe_isu1                  008c7a10 f   fj90i:jwe_isui.obj
 0001:004c3ac0       _jwe_icep                  008c7ac0 f   fj90i:jwe_icep.obj
[...]
 0001:004c9e30       _jwe_iiex                  008cde30 f   fj90i:jwe_iedi.obj
 0001:004c9f40       _jwe_iexp                  008cdf40 f   fj90i:jwe_iedi.obj
 0001:004ca070       _jwe_iied                  008ce070 f   fj90i:jwe_iedi.obj
 0001:004ca190       _jwe_iiif                  008ce190 f   fj90i:jwe_iedi.obj
 0001:004ca260       _jwe_iiec                  008ce260 f   fj90i:jwe_iedi.obj
 0001:004ca2b0       _jwe_iieo                  008ce2b0 f   fj90i:jwe_iedi.obj
 0001:004ca350       _jwe_iiri                  008ce350 f   fj90i:jwe_iedi.obj
 0001:004ca450       _jwe_iini                  008ce450 f   fj90i:jwe_iedi.obj
 0001:004ca5b0       _jwe_iiie                  008ce5b0 f   fj90i:jwe_iedi.obj
 0001:004cacc0       _jwe_iile                  008cecc0 f   fj90i:jwe_iedi.obj
 0001:004cafd0       _jwe_iize                  008cefd0 f   fj90i:jwe_iedi.obj
 0001:004cb3f0       _jwe_iizs                  008cf3f0 f   fj90i:jwe_iedi.obj
 0001:004cb780       _jwe_iiae                  008cf780 f   fj90i:jwe_iedi.obj
 0001:004cb820       _jwe_iiaw                  008cf820 f   fj90i:jwe_iedi.obj
 0001:004cb980       _jwe_iire                  008cf980 f   fj90i:jwe_iedi.obj
 0001:004cbb00       _jwe_iibe                  008cfb00 f   fj90i:jwe_iedi.obj
 0001:004cbe90       _jwe_iibs                  008cfe90 f   fj90i:jwe_iedi.obj
 0001:004cc170       _jwe_iioe                  008d0170 f   fj90i:jwe_iedi.obj
 0001:004cc4e0       _jwe_iios                  008d04e0 f   fj90i:jwe_iedi.obj
 0001:004cc7f0       _jwe_iige                  008d07f0 f   fj90i:jwe_iedi.obj
 0001:004cc810       _jwe_iine                  008d0810 f   fj90i:jwe_iedi.obj
 0001:004cc820       _jwe_iief                  008d0820 f   fj90i:jwe_iedi.obj
 0001:004ccc10       _jwe_iiqe                  008d0c10 f   fj90i:jwe_iedi.obj
 0001:004c7d90       _jwe_ilor                  008cbd90 f   fj90i:jwe_ildo.obj
 0001:004c8f30       _jwe_il_c                  008ccf30 f   fj90i:jwe_ildo.obj
 0001:004c8ff0       _jwe_il_r                  008ccff0 f   fj90i:jwe_ildo.obj
 0001:004c9310       _jwe_iloc                  008cd310 f   fj90i:jwe_ildo.obj
 0001:004c94c0       _jwe_iloe                  008cd4c0 f   fj90i:jwe_ildo.obj
 0001:004c4cb0       _jwe_iofe                  008c8cb0 f   fj90i:jwe_iedo.obj
 0001:004c4f20       _jwe_ioed                  008c8f20 f   fj90i:jwe_iedo.obj
 0001:004c58a0       _jwe_ior0                  008c98a0 f   fj90i:jwe_iedo.obj
 0001:004c5a30       _jwe_ioni                  008c9a30 f   fj90i:jwe_iedo.obj
 0001:004c5af0       _jwe_ioic                  008c9af0 f   fj90i:jwe_iedo.obj
 0001:004c5d10       _jwe_ioge                  008c9d10 f   fj90i:jwe_iedo.obj
 0001:004c5d50       _jwe_iocl                  008c9d50 f   fj90i:jwe_iedo.obj
 0001:004c5d80       _jwe_ioie                  008c9d80 f   fj90i:jwe_iedo.obj
 0001:004c6040       _jwe_ioig                  008ca040 f   fj90i:jwe_iedo.obj
 0001:004c62e0       _jwe_iole                  008ca2e0 f   fj90i:jwe_iedo.obj
 0001:004c63c0       _jwe_ioaw                  008ca3c0 f   fj90i:jwe_iedo.obj
 0001:004c6450       _jwe_ioae                  008ca450 f   fj90i:jwe_iedo.obj
 0001:004c6480       _jwe_iozs                  008ca480 f   fj90i:jwe_iedo.obj
 0001:004c66d0       _jwe_ioze                  008ca6d0 f   fj90i:jwe_iedo.obj
 0001:004c68d0       _jwe_ioen                  008ca8d0 f   fj90i:jwe_iedo.obj
 0001:004c6d80       _jwe_ioes                  008cad80 f   fj90i:jwe_iedo.obj
 0001:004c7120       _jwe_iore                  008cb120 f   fj90i:jwe_iedo.obj
 0001:004c71b0       _jwe_iobs                  008cb1b0 f   fj90i:jwe_iedo.obj
 0001:004c74a0       _jwe_iobe                  008cb4a0 f   fj90i:jwe_iedo.obj
 0001:004c7750       _jwe_ioos                  008cb750 f   fj90i:jwe_iedo.obj
 0001:004c7b00       _jwe_iooe                  008cbb00 f   fj90i:jwe_iedo.obj
 0001:004c7d10       _jwe_ione                  008cbd10 f   fj90i:jwe_iedo.obj
 0001:004c43a0       _jwe_errproc               008c83a0 f   fj90i:jwe_iflc.obj
 0001:004c36c0       _jwe_ipse                  008c76c0 f   fj90i:jwe_ipsf.obj
 0001:004c33c0       _jwe_iser                  008c73c0 f   fj90i:jwe_isfm.obj
 0001:004c1ba0       _jwe_xsch                  008c5ba0 f   fj90i:jwe_xopt.obj
 0001:004c1850       _err_end                   008c5850 f   fj90i:jwe_xadt.obj
 0001:004c1250       _jwe_iifg                  008c5250 f   fj90i:jwe_iinf.obj
 0001:004c1310       _jwe_iifp                  008c5310 f   fj90i:jwe_iinf.obj
 0001:004c0810       _jwe_error_call            008c4810 f   fj90i:jwe_xdal.obj
 0001:004c0250       _jwe_error_call            008c4250 f   fj90i:jwe_xalc.obj
 0001:004beb50       _jwe_iiqc                  008c2b50 f   fj90i:jwe_iinq.obj
 0001:004bf210       _jwe_iiqn                  008c3210 f   fj90i:jwe_iinq.obj
 0001:004bf310       _jwe_iiqt                  008c3310 f   fj90i:jwe_iinq.obj
 0001:004bf570       _jwe_iiqi                  008c3570 f   fj90i:jwe_iinq.obj
 0001:004bf5e0       _jwe_wiqt                  008c35e0 f   fj90i:jwe_iinq.obj
 0001:004bf640       _jwe_wiqf                  008c3640 f   fj90i:jwe_iinq.obj
 0001:004bfef0       _jwe_ifls                  008c3ef0 f   fj90i:jwe_iinq.obj
 0001:004bffd0       _jwe_ifse                  008c3fd0 f   fj90i:jwe_iinq.obj
 0001:004c0010       _jwe_ifst                  008c4010 f   fj90i:jwe_iinq.obj
 0001:004bd540       _jwe_debe                  008c1540 f   fj90i:jwe_debg.obj
 0001:004ba270       _jwe_iop0                  008be270 f   fj90i:jwe_iocf.obj
 0001:004ba740       _jwe_iocl                  008be740 f   fj90i:jwe_iocf.obj
 0001:004ba960       _jwe_iop1                  008be960 f   fj90i:jwe_iocf.obj
 0001:004bb430       _jwe_iop2                  008bf430 f   fj90i:jwe_iocf.obj
 0001:004bb600       _jwe_iop3                  008bf600 f   fj90i:jwe_iocf.obj
 0001:004bb670       _jwe_iop5                  008bf670 f   fj90i:jwe_iocf.obj
 0001:004bb720       _jwe_iop4                  008bf720 f   fj90i:jwe_iocf.obj
 0001:004bb7e0       _jwe_iop6                  008bf7e0 f   fj90i:jwe_iocf.obj
 0001:004bb860       _jwe_iop7                  008bf860 f   fj90i:jwe_iocf.obj
 0001:004bba60       _jwe_iopc                  008bfa60 f   fj90i:jwe_iocf.obj
 0001:004bbb30       _jwe_iopw                  008bfb30 f   fj90i:jwe_iocf.obj
 0001:004bbdb0       _jwe_iope                  008bfdb0 f   fj90i:jwe_iocf.obj
 0001:004bbfd0       _jwe_iops                  008bffd0 f   fj90i:jwe_iocf.obj
 0001:004bc080       _jwe_iop8                  008c0080 f   fj90i:jwe_iocf.obj
 0001:0051239e       _xtoa                      0091639e f   libc:xtoa.obj
 0001:00512470       _x64toa@20                 00916470 f   libc:xtoa.obj
 0001:005121ad       __stripquote               009161ad f   libc:tempnam.obj
 0001:00511841       _output                    00915841 f   libc:cprintf.obj
 0001:00511f6e       _write_char                00915f6e f   libc:cprintf.obj
 0001:00511f88       _write_multi_char          00915f88 f   libc:cprintf.obj
 0001:00511fb4       _write_string              00915fb4 f   libc:cprintf.obj
 0001:00511fe7       _get_int_arg               00915fe7 f   libc:cprintf.obj
 0001:00511ff4       _get_int64_arg             00915ff4 f   libc:cprintf.obj
 0001:00512004       _get_short_arg             00916004 f   libc:cprintf.obj
 0001:00510249       __get_fname                00914249 f   libc:fpexcept.obj
 0001:0050d944       label0                     00911944 f   libc:adj_fdiv.obj
 0001:0050d94a       label1                     0091194a f   libc:adj_fdiv.obj
 0001:0050d94f       label2                     0091194f f   libc:adj_fdiv.obj
 0001:0050d955       label3                     00911955 f   libc:adj_fdiv.obj
 0001:0050d95a       label4                     0091195a f   libc:adj_fdiv.obj
 0001:0050d960       label5                     00911960 f   libc:adj_fdiv.obj
 0001:0050d966       label6                     00911966 f   libc:adj_fdiv.obj
 0001:0050d96c       label7                     0091196c f   libc:adj_fdiv.obj
 0001:0050d972       label8                     00911972 f   libc:adj_fdiv.obj
 0001:0050d98e       label9                     0091198e f   libc:adj_fdiv.obj
 0001:0050d993       label10                    00911993 f   libc:adj_fdiv.obj
 0001:0050d9a9       label11                    009119a9 f   libc:adj_fdiv.obj
 0001:0050d9ae       label12                    009119ae f   libc:adj_fdiv.obj
 0001:0050d9ca       label13                    009119ca f   libc:adj_fdiv.obj
 0001:0050d9da       label14                    009119da f   libc:adj_fdiv.obj
 0001:0050d9ee       label15                    009119ee f   libc:adj_fdiv.obj
 0001:0050d9fe       label16                    009119fe f   libc:adj_fdiv.obj
 0001:0050da1e       label17                    00911a1e f   libc:adj_fdiv.obj
 0001:0050da23       label18                    00911a23 f   libc:adj_fdiv.obj
 0001:0050da3d       label19                    00911a3d f   libc:adj_fdiv.obj
 0001:0050da42       label20                    00911a42 f   libc:adj_fdiv.obj
 0001:0050da62       label21                    00911a62 f   libc:adj_fdiv.obj
 0001:0050da76       label22                    00911a76 f   libc:adj_fdiv.obj
 0001:0050da8e       label23                    00911a8e f   libc:adj_fdiv.obj
 0001:0050daa2       label24                    00911aa2 f   libc:adj_fdiv.obj
 0001:0050dac2       label25                    00911ac2 f   libc:adj_fdiv.obj
 0001:0050dac7       label26                    00911ac7 f   libc:adj_fdiv.obj
 0001:0050dae1       label27                    00911ae1 f   libc:adj_fdiv.obj
 0001:0050dae6       label28                    00911ae6 f   libc:adj_fdiv.obj
 0001:0050db06       label29                    00911b06 f   libc:adj_fdiv.obj
 0001:0050db1a       label30                    00911b1a f   libc:adj_fdiv.obj
 0001:0050db32       label31                    00911b32 f   libc:adj_fdiv.obj
 0001:0050db46       label32                    00911b46 f   libc:adj_fdiv.obj
 0001:0050db66       label33                    00911b66 f   libc:adj_fdiv.obj
 0001:0050db6b       label34                    00911b6b f   libc:adj_fdiv.obj
 0001:0050db85       label35                    00911b85 f   libc:adj_fdiv.obj
 0001:0050db8a       label36                    00911b8a f   libc:adj_fdiv.obj
 0001:0050dbaa       label37                    00911baa f   libc:adj_fdiv.obj
 0001:0050dbbe       label38                    00911bbe f   libc:adj_fdiv.obj
 0001:0050dbd6       label39                    00911bd6 f   libc:adj_fdiv.obj
 0001:0050dbea       label40                    00911bea f   libc:adj_fdiv.obj
 0001:0050dc0a       label41                    00911c0a f   libc:adj_fdiv.obj
 0001:0050dc0f       label42                    00911c0f f   libc:adj_fdiv.obj
 0001:0050dc29       label43                    00911c29 f   libc:adj_fdiv.obj
 0001:0050dc2e       label44                    00911c2e f   libc:adj_fdiv.obj
 0001:0050dc4e       label45                    00911c4e f   libc:adj_fdiv.obj
 0001:0050dc62       label46                    00911c62 f   libc:adj_fdiv.obj
 0001:0050dc7a       label47                    00911c7a f   libc:adj_fdiv.obj
 0001:0050dc8e       label48                    00911c8e f   libc:adj_fdiv.obj
 0001:0050dcae       label49                    00911cae f   libc:adj_fdiv.obj
 0001:0050dcb3       label50                    00911cb3 f   libc:adj_fdiv.obj
 0001:0050dccd       label51                    00911ccd f   libc:adj_fdiv.obj
 0001:0050dcd2       label52                    00911cd2 f   libc:adj_fdiv.obj
 0001:0050dcf2       label53                    00911cf2 f   libc:adj_fdiv.obj
 0001:0050dd06       label54                    00911d06 f   libc:adj_fdiv.obj
 0001:0050dd1e       label55                    00911d1e f   libc:adj_fdiv.obj
 0001:0050dd32       label56                    00911d32 f   libc:adj_fdiv.obj
 0001:0050dd52       label57                    00911d52 f   libc:adj_fdiv.obj
 0001:0050dd57       label58                    00911d57 f   libc:adj_fdiv.obj
 0001:0050dd71       label59                    00911d71 f   libc:adj_fdiv.obj
 0001:0050dd76       label60                    00911d76 f   libc:adj_fdiv.obj
 0001:0050dd96       label61                    00911d96 f   libc:adj_fdiv.obj
 0001:0050ddaa       label62                    00911daa f   libc:adj_fdiv.obj
 0001:0050ddc2       label63                    00911dc2 f   libc:adj_fdiv.obj
 0001:0050d754       _findenv                   00911754 f   libc:setenv.obj
 0001:0050d7ac       _copy_environ              009117ac f   libc:setenv.obj
 0001:0050d5a2       _strncnt                   009115a2 f   libc:a_cmp.obj
 0001:0050cf2e       _cvtdate                   00910f2e f   libc:tzset.obj
 0001:0050be89       _getSystemCP               0090fe89 f   libc:mbctype.obj
 0001:0050bed3       _CPtoLCID                  0090fed3 f   libc:mbctype.obj
 0001:0050bf06       _setSBCS                   0090ff06 f   libc:mbctype.obj
 0001:0050bf2f       _setSBUpLow                0090ff2f f   libc:mbctype.obj
 0001:0050b4fa       _ctrlevent_capture@4       0090f4fa f   libc:winsig.obj
 0001:0050b65f       _siglookup                 0090f65f f   libc:winsig.obj
 0001:00509141       fFEXP                      0090d141 f   libc:87tran.obj
 0001:00509281       _rtforexpinf               0090d281 f   libc:87tran.obj
 0001:0050902a       _strncnt                   0090d02a f   libc:a_map.obj
 0001:00508b47       _write_char                0090cb47 f   libc:output.obj
 0001:00508b7c       _write_multi_char          0090cb7c f   libc:output.obj
 0001:00508bad       _write_string              0090cbad f   libc:output.obj
 0001:00508be5       _get_int_arg               0090cbe5 f   libc:output.obj
 0001:00508bf2       _get_int64_arg             0090cbf2 f   libc:output.obj
 0001:00508c02       _get_short_arg             0090cc02 f   libc:output.obj
 0001:00507d40       _IsRootUNCName             0090bd40 f   libc:stat.obj
 0001:005077a5       __cftoe_g                  0090b7a5 f   libc:cvt.obj
 0001:005077cc       __cftof_g                  0090b7cc f   libc:cvt.obj
 0001:00507840       __shift                    0090b840 f   libc:cvt.obj
 0001:0050703c       _gu_return                 0090b03c f   libc:exsup.obj
 0001:00507044       __unwind_handler           0090b044 f   libc:exsup.obj
 0001:005068f5       _parse_cmdline             0090a8f5 f   libc:stdargv.obj
 0001:00506760       _xcptlookup                0090a760 f   libc:winxfltr.obj
 0001:0050533f       _doexit                    0090933f f   libc:crt0dat.obj
 0001:005053d8       __initterm                 009093d8 f   libc:crt0dat.obj
 0001:00504a60       LeadUp1                    00908a60 f   libc:memmove.obj
 0001:00504a8c       LeadUp2                    00908a8c f   libc:memmove.obj
 0001:00504ab0       LeadUp3                    00908ab0 f   libc:memmove.obj
 0001:00504b2f       UnwindUp0                  00908b2f f   libc:memmove.obj
 0001:00504b1c       UnwindUp1                  00908b1c f   libc:memmove.obj
 0001:00504b14       UnwindUp2                  00908b14 f   libc:memmove.obj
 0001:00504b0c       UnwindUp3                  00908b0c f   libc:memmove.obj
 0001:00504b04       UnwindUp4                  00908b04 f   libc:memmove.obj
 0001:00504afc       UnwindUp5                  00908afc f   libc:memmove.obj
 0001:00504af4       UnwindUp6                  00908af4 f   libc:memmove.obj
 0001:00504aec       UnwindUp7                  00908aec f   libc:memmove.obj
 0001:00504b48       TrailUp0                   00908b48 f   libc:memmove.obj
 0001:00504b50       TrailUp1                   00908b50 f   libc:memmove.obj
 0001:00504b5c       TrailUp2                   00908b5c f   libc:memmove.obj
 0001:00504b70       TrailUp3                   00908b70 f   libc:memmove.obj
 0001:00504be8       LeadDown1                  00908be8 f   libc:memmove.obj
 0001:00504c08       LeadDown2                  00908c08 f   libc:memmove.obj
 0001:00504c30       LeadDown3                  00908c30 f   libc:memmove.obj
 0001:00504c84       UnwindDown7                00908c84 f   libc:memmove.obj
 0001:00504c8c       UnwindDown6                00908c8c f   libc:memmove.obj
 0001:00504c94       UnwindDown5                00908c94 f   libc:memmove.obj
 0001:00504c9c       UnwindDown4                00908c9c f   libc:memmove.obj
 0001:00504ca4       UnwindDown3                00908ca4 f   libc:memmove.obj
 0001:00504cac       UnwindDown2                00908cac f   libc:memmove.obj
 0001:00504cb4       UnwindDown1                00908cb4 f   libc:memmove.obj
 0001:00504cc7       UnwindDown0                00908cc7 f   libc:memmove.obj
 0001:00504ce0       TrailDown0                 00908ce0 f   libc:memmove.obj
 0001:00504ce8       TrailDown1                 00908ce8 f   libc:memmove.obj
 0001:00504cf8       TrailDown2                 00908cf8 f   libc:memmove.obj
 0001:00504d0c       TrailDown3                 00908d0c f   libc:memmove.obj
 0001:005045a2       _strtoxl                   009085a2 f   libc:strtol.obj
 0001:00504366       _flsall                    00908366 f   libc:fflush.obj
 0001:00504176       __abstract_cw              00908176 f   libc:ieee87.obj
 0001:00504208       __hw_cw                    00908208 f   libc:ieee87.obj
 0001:00504291       __abstract_sw              00908291 f   libc:ieee87.obj
 0001:0050406a       _IsRootUNCName             0090806a f   libc:stati64.obj
 0001:00503ba9       _fast_error_exit           00907ba9 f   libc:crt0.obj
 0001:005037e0       LeadUp1                    009077e0 f   libc:memcpy.obj
 0001:0050380c       LeadUp2                    0090780c f   libc:memcpy.obj
 0001:00503830       LeadUp3                    00907830 f   libc:memcpy.obj
 0001:005038af       UnwindUp0                  009078af f   libc:memcpy.obj
 0001:0050389c       UnwindUp1                  0090789c f   libc:memcpy.obj
 0001:00503894       UnwindUp2                  00907894 f   libc:memcpy.obj
 0001:0050388c       UnwindUp3                  0090788c f   libc:memcpy.obj
 0001:00503884       UnwindUp4                  00907884 f   libc:memcpy.obj
 0001:0050387c       UnwindUp5                  0090787c f   libc:memcpy.obj
 0001:00503874       UnwindUp6                  00907874 f   libc:memcpy.obj
 0001:0050386c       UnwindUp7                  0090786c f   libc:memcpy.obj
 0001:005038c8       TrailUp0                   009078c8 f   libc:memcpy.obj
 0001:005038d0       TrailUp1                   009078d0 f   libc:memcpy.obj
 0001:005038dc       TrailUp2                   009078dc f   libc:memcpy.obj
 0001:005038f0       TrailUp3                   009078f0 f   libc:memcpy.obj
 0001:00503968       LeadDown1                  00907968 f   libc:memcpy.obj
 0001:00503988       LeadDown2                  00907988 f   libc:memcpy.obj
 0001:005039b0       LeadDown3                  009079b0 f   libc:memcpy.obj
 0001:00503a04       UnwindDown7                00907a04 f   libc:memcpy.obj
 0001:00503a0c       UnwindDown6                00907a0c f   libc:memcpy.obj
 0001:00503a14       UnwindDown5                00907a14 f   libc:memcpy.obj
 0001:00503a1c       UnwindDown4                00907a1c f   libc:memcpy.obj
 0001:00503a24       UnwindDown3                00907a24 f   libc:memcpy.obj
 0001:00503a2c       UnwindDown2                00907a2c f   libc:memcpy.obj
 0001:00503a34       UnwindDown1                00907a34 f   libc:memcpy.obj
 0001:00503a47       UnwindDown0                00907a47 f   libc:memcpy.obj
 0001:00503a60       TrailDown0                 00907a60 f   libc:memcpy.obj
 0001:00503a68       TrailDown1                 00907a68 f   libc:memcpy.obj
 0001:00503a78       TrailDown2                 00907a78 f   libc:memcpy.obj
 0001:00503a8c       TrailDown3                 00907a8c f   libc:memcpy.obj
