 WaterSimDCDC_model_6

 Timestamp is 5cc351be (Fri Apr 26 11:45:18 2019)

 Preferred load address is 10000000

 Start         Length     Name                   Class
 0001:00000000 000befeeH .text                   CODE
 0002:00000000 00000148H .idata$5                DATA
 0002:00000150 00054354H .rdata                  DATA
 0002:000544a4 00000028H .idata$2                DATA
 0002:000544cc 00000014H .idata$3                DATA
 0002:000544e0 00000148H .idata$4                DATA
 0002:00054628 000005d2H .idata$6                DATA
 0002:00054c00 00002a18H .edata                  DATA
 0003:00000000 00000004H .CRT$XCA                DATA
 0003:00000004 00000000H .CRT$XCU                DATA
 0003:00000004 00000004H .CRT$XCZ                DATA
 0003:00000008 00000004H .CRT$XIA                DATA
 0003:0000000c 00000008H .CRT$XIC                DATA
 0003:00000014 00000004H .CRT$XIZ                DATA
 0003:00000018 00000004H .CRT$XPA                DATA
 0003:0000001c 0000000cH .CRT$XPX                DATA
 0003:00000028 00000004H .CRT$XPZ                DATA
 0003:0000002c 00000004H .CRT$XTA                DATA
 0003:00000030 00000004H .CRT$XTZ                DATA
 0003:00000040 00054910H .data                   DATA
 0003:00054950 003ced3cH .bss                    DATA

  Address         Publics by Value              Rva+Base     Lib:Object

 0001:00000000       _lm_river_ba_              10004000 f   WaterShed_CO.obj
 0001:00000011       _lm_river_ba@_initwsb_     10004011 f   WaterShed_CO.obj
 0001:00000039       _lm_river_ba@_openfiles_b_ 10004039 f   WaterShed_CO.obj
 0001:000003e6       _lm_river_ba@_readfiles_b_ 100043e6 f   WaterShed_CO.obj
 0001:00000bf2       _lm_river_ba@_readparms_b_ 10004bf2 f   WaterShed_CO.obj
 0001:00000cf8       _lm_river_ba@_initialstate_b_ 10004cf8 f   WaterShed_CO.obj
 0001:00000de8       _lms_river_ba_             10004de8 f   WaterShed_CO.obj
 0001:00000df9       _lms_river_ba@_initial_co_ 10004df9 f   WaterShed_CO.obj
 0001:00000f27       _lms_river_ba@_aflow_b_    10004f27 f   WaterShed_CO.obj
 0001:00001a87       _lms_river_ba@_amodifyflow_ba_ 10005a87 f   WaterShed_CO.obj
 0001:00001f47       _lms_river_ba@_amodifyflow_bb_ 10005f47 f   WaterShed_CO.obj
 0001:00001f5b       _lms_river_ba@_amodifyflow_bc_ 10005f5b f   WaterShed_CO.obj
 0001:000021f7       _lms_river_ba@_upperbasinempirical_ 100061f7 f   WaterShed_CO.obj
 0001:0000228c       _lms_river_ba@_aouttointerface_ 1000628c f   WaterShed_CO.obj
 0001:000022d8       _lms_river_ba@_reservoirs_b_ 100062d8 f   WaterShed_CO.obj
 0001:00002378       _lms_river_ba@_initializecosensitivity_ 10006378 f   WaterShed_CO.obj
 0001:000023d4       _lms_river_ba@_expectedstorage_ba_ 100063d4 f   WaterShed_CO.obj
 0001:000024db       _lms_river_ba@_initialstorage_b_ 100064db f   WaterShed_CO.obj
 0001:00002526       _lms_river_ba@_expectedstorage_bb_ 10006526 f   WaterShed_CO.obj
 0001:00002633       _lms_river_ba@_fbankstoragepowell_ 10006633 f   WaterShed_CO.obj
 0001:00002666       _lms_river_ba@_fbankstoragemead_ 10006666 f   WaterShed_CO.obj
 0001:00002699       _lms_river_ba@_amodifystorage_ba_ 10006699 f   WaterShed_CO.obj
 0001:00002af2       _lms_river_ba@_actualrelease_ 10006af2 f   WaterShed_CO.obj
 0001:00002c31       _lms_river_ba@_overriderelease_ 10006c31 f   WaterShed_CO.obj
 0001:00002cfd       _lms_river_ba@_adwrrelease_ 10006cfd f   WaterShed_CO.obj
 0001:00003372       _lms_river_ba@_actualstorage_ 10007372 f   WaterShed_CO.obj
 0001:0000351b       _lms_river_ba@_threshold_b_ 1000751b f   WaterShed_CO.obj
 0001:00003c42       _lms_river_ba@_targetamount_ 10007c42 f   WaterShed_CO.obj
 0001:00003da6       _lms_river_ba@_equalizationtier_ 10007da6 f   WaterShed_CO.obj
 0001:0000441d       _lms_river_ba@_upperelevationtier_ 1000841d f   WaterShed_CO.obj
 0001:0000467a       _lms_river_ba@_targetelevations_ 1000867a f   WaterShed_CO.obj
 0001:00004869       _lms_river_ba@_balancecontent_ 10008869 f   WaterShed_CO.obj
 0001:00004cb3       _lms_river_ba@_elevationspowell_ 10008cb3 f   WaterShed_CO.obj
 0001:00004de4       _lms_river_ba@_statefromelevationpowell_ 10008de4 f   WaterShed_CO.obj
 0001:00004e26       _lms_river_ba@_elevationsmead_ 10008e26 f   WaterShed_CO.obj
 0001:00004f2f       _lms_river_ba@_amodifystorage_bb_ 10008f2f f   WaterShed_CO.obj
 0001:00005ef3       _lms_river_ba@_statesshortageratios_ 10009ef3 f   WaterShed_CO.obj
 0001:00005fc4       _lms_river_ba@_sevenstates_ 10009fc4 f   WaterShed_CO.obj
 0001:0000617f       _lms_river_ba@_designations_b_ 1000a17f f   WaterShed_CO.obj
 0001:000062f9       _lms_river_ba@_updatestate_b_ 1000a2f9 f   WaterShed_CO.obj
 0001:000066f4       _lms_river_ba@_outinitialb_ 1000a6f4 f   WaterShed_CO.obj
 0001:00006720       _lms_river_ba@_outputsb_   1000a720 f   WaterShed_CO.obj
 0001:0000684e       _initializecolorado_       1000a84e f   WaterShed_CO.obj
 0001:00006862       _pflowsreservoirscolorado_ 1000a862 f   WaterShed_CO.obj
 0001:00006970       _lm_agwaterbudgets_        1000a970 f   Agriculture.obj
 0001:00006981       _lm_agwaterbudgets@_initag_ 1000a981 f   Agriculture.obj
 0001:0000699f       _lm_agwaterbudgets@_openfiles_ag_ 1000a99f f   Agriculture.obj
 0001:00006abd       _lm_agwaterbudgets@_readfiles_ag_ 1000aabd f   Agriculture.obj
 0001:00006d4b       _lms_agwaterbudgets_       1000ad4b f   Agriculture.obj
 0001:00006d5c       _lms_agwaterbudgets@_agriculturedemand_ 1000ad5c f   Agriculture.obj
 0001:00007431       _lms_agwaterbudgets@_agricultureproduction_ 1000b431 f   Agriculture.obj
 0001:000079f1       _lms_agwaterbudgets@_agriculturalbudgets_ 1000b9f1 f   Agriculture.obj
 0001:0000827e       _lms_agwaterbudgets@_creditchanges_ 1000c27e f   Agriculture.obj
 0001:00008408       _initializeagriculture_    1000c408 f   Agriculture.obj
 0001:0000842b       _sagdemand_                1000c42b f   Agriculture.obj
 0001:0000844e       _sagprovider_              1000c44e f   Agriculture.obj
 0001:0000847d       _sagproductionstatic_      1000c47d f   Agriculture.obj
 0001:0000849c       _saginitialize_water_      1000c49c f   Agriculture.obj
 0001:0000877f       _sagpumpingses_            1000c77f f   Agriculture.obj
 0001:00008aca       _sagsurfaceses_            1000caca f   Agriculture.obj
 0001:00008c60       _lm_buildnotes_            1000cc60 f   BuildNotes.obj
 0001:00008c71       _lm_buildnotes@_buildnumk_ 1000cc71 f   BuildNotes.obj
 0001:00008c96       _lm_buildnotes@_buildverk_ 1000cc96 f   BuildNotes.obj
 0001:00008cbb       _lm_buildnotes@_buildsubverk_ 1000ccbb f   BuildNotes.obj
 0001:00008ce0       _lm_buildnotes@_monthk_    1000cce0 f   BuildNotes.obj
 0001:00008d05       _lm_buildnotes@_dayk_      1000cd05 f   BuildNotes.obj
 0001:00008d2a       _lm_buildnotes@_yeark_     1000cd2a f   BuildNotes.obj
 0001:00008d4f       _lm_buildnotes@_hourk_     1000cd4f f   BuildNotes.obj
 0001:00008d74       _lm_buildnotes@_mink_      1000cd74 f   BuildNotes.obj
 0001:00008da0       _pstartup_k_               1000cda0 f   Demand.obj
 0001:00008dd1       _snonpotableavail_         1000cdd1 f   Demand.obj
 0001:00008fa7       _pgraywater_               1000cfa7 f   Demand.obj
 0001:0000931a       _pstormwaterharvest_       1000d31a f   Demand.obj
 0001:00009701       _prainwaterharvest_        1000d701 f   Demand.obj
 0001:00009c05       _srainfallharvesting_      1000dc05 f   Demand.obj
 0001:0000a624       _sdemandwrap_              1000e624 f   Demand.obj
 0001:0000a9da       _soutdooraccounting_       1000e9da f   Demand.obj
 0001:0000abcd       _pwaterbanking_k_          1000ebcd f   Demand.obj
 0001:0000af28       _pwaterfordirectinject_s_  1000ef28 f   Demand.obj
 0001:0000b60c       _pwaterreclaimed_s_        1000f60c f   Demand.obj
 0001:0000bb8d       _prowaterreclaimed_s_      1000fb8d f   Demand.obj
 0001:0000be4b       _pwaterforvadose_s_        1000fe4b f   Demand.obj
 0001:0000c63e       _pnewwatersupplies_k_      1001063e f   Demand.obj
 0001:0000c9aa       _pcleanup_k_               100109aa f   Demand.obj
 0001:0000c9b6       _punusednonpotable_        100109b6 f   Demand.obj
 0001:0000ca93       _scwaccounting_            10010a93 f   Demand.obj
 0001:0000ce65       _soptimize_                10010e65 f   Demand.obj
 0001:0000d1dd       _soptimize_off_            100111dd f   Demand.obj
 0001:0000d3df       _son_inrounding_           100113df f   Demand.obj
 0001:0000d4a9       _son_outrounding_          100114a9 f   Demand.obj
 0001:0000d573       _son_rounding_             10011573 f   Demand.obj
 0001:0000d6fb       _soff_rounding_            100116fb f   Demand.obj
 0001:0000d885       _scwaccountingindoorout_   10011885 f   Demand.obj
 0001:0000ec40       _lm_designationsdaily_a_   10012c40 f   DesignationsDaily.obj
 0001:0000ec51       _lm_designationsdaily_a@_initadesignationsdaily_ 10012c51 f   DesignationsDaily.obj
 0001:0000ec6f       _lm_designationsdaily_a@_openfiles_adesignationsd_ 10012c6f f   DesignationsDaily.obj
 0001:0000edf0       _lm_designationsdaily_a@_readfiles_adesignationsd_ 10012df0 f   DesignationsDaily.obj
 0001:0000f18b       _lms_designationsdaily_a_  1001318b f   DesignationsDaily.obj
 0001:0000f19c       _lms_designationsdaily_a@_extract_ 1001319c f   DesignationsDaily.obj
 0001:0000f355       _lms_designationsdaily_a@_flow_ 10013355 f   DesignationsDaily.obj
 0001:0000f3c6       _lms_designationsdaily_a@_fmodflowsvtdaily_ 100133c6 f   DesignationsDaily.obj
 0001:0000f42f       _lms_designationsdaily_a@_designations_ 1001342f f   DesignationsDaily.obj
 0001:0000ff1f       _lms_designationsdaily_a@_leapyear_ 10013f1f f   DesignationsDaily.obj
 0001:00010088       _initializedailydesig_     10014088 f   DesignationsDaily.obj
 0001:0001009c       _extractdaily_             1001409c f   DesignationsDaily.obj
 0001:000100d0       _lm_designations_b_        100140d0 f   Designations_CO.obj
 0001:000100e1       _lm_designations_b@_initbdesignations_ 100140e1 f   Designations_CO.obj
 0001:00010104       _lm_designations_b@_openfiles_bdesignations_ 10014104 f   Designations_CO.obj
 0001:00010271       _lm_designations_b@_readparms_pvd_ 10014271 f   Designations_CO.obj
 0001:0001032e       _lm_designations_b@_readfiles_bdesignations_ 1001432e f   Designations_CO.obj
 0001:00010477       _lms_designations_b_       10014477 f   Designations_CO.obj
 0001:00010488       _lms_designations_b@_apartition_b_ 10014488 f   Designations_CO.obj
 0001:00010a70       _lms_designations_b@_aallocate_b_ 10014a70 f   Designations_CO.obj
 0001:00010b1a       _lms_designations_b@_maxcapdesignations_ 10014b1a f   Designations_CO.obj
 0001:00010c78       _lms_designations_b@_capneeded_ 10014c78 f   Designations_CO.obj
 0001:00010d7b       _lms_designations_b@_reductionsindesignations_ 10014d7b f   Designations_CO.obj
 0001:0001215b       _lms_designations_b@_capout_ 1001615b f   Designations_CO.obj
 0001:000123f6       _lms_designations_b@_waterbank_ 100163f6 f   Designations_CO.obj
 0001:0001250a       _lms_designations_b@_capprioritywater_ 1001650a f   Designations_CO.obj
 0001:00012565       _lms_designations_b@_deltacapwater_ 10016565 f   Designations_CO.obj
 0001:00012617       _lms_designations_b@_coriverdeltawater_ 10016617 f   Designations_CO.obj
 0001:000129cf       _lms_designations_b@_atypeconvert_ 100169cf f   Designations_CO.obj
 0001:00012a8b       _initializecoloradodesig_  10016a8b f   Designations_CO.obj
 0001:00012a9f       _pcap_water_               10016a9f f   Designations_CO.obj
 0001:00012c00       _lm_designations_a_        10016c00 f   Designations_STV.obj
 0001:00012c11       _lm_designations_a@_initadesignations_ 10016c11 f   Designations_STV.obj
 0001:00012c2f       _lm_designations_a@_openfiles_adesignations_ 10016c2f f   Designations_STV.obj
 0001:00012deb       _lm_designations_a@_readfiles_adesignations_ 10016deb f   Designations_STV.obj
 0001:0001312f       _lms_designations_a_       1001712f f   Designations_STV.obj
 0001:00013140       _lms_designations_a@_aclear_ 10017140 f   Designations_STV.obj
 0001:0001320b       _lms_designations_a@_adesignations_classbcmax_a_ 1001720b f   Designations_STV.obj
 0001:000133df       _lms_designations_a@_adesignations_classbc_storage_ 100173df f   Designations_STV.obj
 0001:00013a04       _initializestvdesignations_ 10017a04 f   Designations_STV.obj
 0001:00013a18       _adesignationsclassbcmax_  10017a18 f   Designations_STV.obj
 0001:00013a3f       _dsalttontoverde_          10017a3f f   Designations_STV.obj
 0001:00013a82       _sbookkeeping_             10017a82 f   Designations_STV.obj
 0001:00013b07       _classadesignations_a_     10017b07 f   Designations_STV.obj
 0001:00013b49       _ssrp_classbc_             10017b49 f   Designations_STV.obj
 0001:000142a0       _lms_climatefactor_        100182a0 f   Functions.obj
 0001:000142b1       _lms_climatefactor@_fclimatefactorco_ 100182b1 f   Functions.obj
 0001:000143aa       _lms_climatefactor@_fclimatefactorsvt_ 100183aa f   Functions.obj
 0001:000144a3       _lms_climatefactor@_flinear_ 100184a3 f   Functions.obj
 0001:000144e2       _lms_climatefactor@_climateparms_ 100184e2 f   Functions.obj
 0001:0001456b       _lms_climatefactor@_slope_ 1001856b f   Functions.obj
 0001:0001460b       _lms_climatefactor@_intercept_ 1001860b f   Functions.obj
 0001:0001469c       _lms_agricultureretirement_ 1001869c f   Functions.obj
 0001:000146ad       _lms_agricultureretirement@_fagretirementfactor_ 100186ad f   Functions.obj
 0001:000147bb       _lms_agricultureretirement@_agricparms_ 100187bb f   Functions.obj
 0001:00014844       _lms_agricultureretirement@_slope_ 10018844 f   Functions.obj
 0001:000148e4       _lms_agricultureretirement@_intercept_ 100188e4 f   Functions.obj
 0001:0001496f       _lms_agricultureretirement@_flinear_ 1001896f f   Functions.obj
 0001:000149ae       _lms_rainfallfactor_       100189ae f   Functions.obj
 0001:000149bf       _lms_rainfallfactor@_frainfallfactor_ 100189bf f   Functions.obj
 0001:00014ad5       _lms_rainfallfactor@_flinear_ 10018ad5 f   Functions.obj
 0001:00014b14       _lms_rainfallfactor@_rainfallparms_ 10018b14 f   Functions.obj
 0001:00014b9d       _lms_rainfallfactor@_slope_ 10018b9d f   Functions.obj
 0001:00014c3d       _lms_rainfallfactor@_intercept_ 10018c3d f   Functions.obj
 0001:00014cc8       _fvariablefactorx_         10018cc8 f   Functions.obj
 0001:00014d11       _agretirement_             10018d11 f   Functions.obj
 0001:00014dd1       _climatefactorco_          10018dd1 f   Functions.obj
 0001:00014e60       _climatefactorsvt_         10018e60 f   Functions.obj
 0001:00014eef       _fround_                   10018eef f   Functions.obj
 0001:00014fe2       _feffectivegpcd_           10018fe2 f   Functions.obj
 0001:00015026       _fincrementfloat_          10019026 f   Functions.obj
 0001:00015055       _fincrementdouble_         10019055 f   Functions.obj
 0001:00015084       _fstoragerelease_          10019084 f   Functions.obj
 0001:000151e8       _fmodifynormalflow_        100191e8 f   Functions.obj
 0001:00015252       _fmodifytrottnormalflow_   10019252 f   Functions.obj
 0001:0001528a       _fstates_                  1001928a f   Functions.obj
 0001:0001534b       _flogicaltointeger_        1001934b f   Functions.obj
 0001:00015389       _fdconvert_                10019389 f   Functions.obj
 0001:00015404       _froundtoaf_               10019404 f   Functions.obj
 0001:0001545c       _fsesgpcd_alpha_           1001945c f   Functions.obj
 0001:000159f3       _fminmaxalpha_             100199f3 f   Functions.obj
 0001:00015a4e       _fsesgpcd_gamma_           10019a4e f   Functions.obj
 0001:00015e5b       _fsesgpcd_discount_        10019e5b f   Functions.obj
 0001:00015eff       _fsesgpcd_equalweight_     10019eff f   Functions.obj
 0001:00015fac       _fgamma_                   10019fac f   Functions.obj
 0001:00016030       _fsesgpcd_increase_        1001a030 f   Functions.obj
 0001:000160fb       _fevaporation_             1001a0fb f   Functions.obj
 0001:00016172       _fevaporationmonthly_      1001a172 f   Functions.obj
 0001:000161c6       _fevaporation_reach_       1001a1c6 f   Functions.obj
 0001:00016207       _fbankstoragereach_        1001a207 f   Functions.obj
 0001:00016237       _fevaporation_powell_      1001a237 f   Functions.obj
 0001:00016312       _fevaporation_mead_        1001a312 f   Functions.obj
 0001:000163ed       _fhorsepowercap_           1001a3ed f   Functions.obj
 0001:00016442       _fkilowatthrsfromhp_       1001a442 f   Functions.obj
 0001:000164a3       _fcftstoacftperannum_      1001a4a3 f   Functions.obj
 0001:000164fc       _facftperannumtocfts_      1001a4fc f   Functions.obj
 0001:0001654d       _fleapyear_                1001a54d f   Functions.obj
 0001:000166a9       _fmonthsfromdoy_           1001a6a9 f   Functions.obj
 0001:00016c1d       _fstverdereservoirf_       1001ac1d f   Functions.obj
 0001:00016c7c       _fses_alpha_               1001ac7c f   Functions.obj
 0001:0001715d       _fses_discount_            1001b15d f   Functions.obj
 0001:000171f7       _fdemandfrompopgpcd_       1001b1f7 f   Functions.obj
 0001:00017233       _fcreatetarget_            1001b233 f   Functions.obj
 0001:000172a4       _fhyperbola_               1001b2a4 f   Functions.obj
 0001:00017388       _finversehyperbola_        1001b388 f   Functions.obj
 0001:000173e4       _fhyperbolarunoff_         1001b3e4 f   Functions.obj
 0001:00017451       _fhyperbollclustatic_      1001b451 f   Functions.obj
 0001:000174a5       _sspanandinflection_       1001b4a5 f   Functions.obj
 0001:00018383       _srampparameters_          1001c383 f   Functions.obj
 0001:000184a5       _flogistic_                1001c4a5 f   Functions.obj
 0001:00018665       _finverselogistic_         1001c665 f   Functions.obj
 0001:000187aa       _flogisticlclustatic_      1001c7aa f   Functions.obj
 0001:00018810       _flogisticlcluspan_        1001c810 f   Functions.obj
 0001:000189a4       _fsumlcludemand_           1001c9a4 f   Functions.obj
 0001:00018a27       _flcluefficiencies_        1001ca27 f   Functions.obj
 0001:00018b05       _rainfallfactor_           1001cb05 f   Functions.obj
 0001:00018b90       _gm_globaldata_            1001cb90 f   Global.obj
 0001:00018b97       _gm_versioncontrol_        1001cb97 f   Global.obj
 0001:00018b9e       _gm_modelcontrol_          1001cb9e f   Global.obj
 0001:00018ba5       _gm_dataandsensitivity_    1001cba5 f   Global.obj
 0001:00018bac       _gm_exception_             1001cbac f   Global.obj
 0001:00018bc0       _int2charact_              1001cbc0 f   GlobalSubroutines.obj
 0001:00018c03       _sdatetimebuild_           1001cc03 f   GlobalSubroutines.obj
 0001:000192cb       _openfiles_                1001d2cb f   GlobalSubroutines.obj
 0001:0001962e       _serrorcodes_              1001d62e f   GlobalSubroutines.obj
 0001:0001967b       _daysintheyear_            1001d67b f   GlobalSubroutines.obj
 0001:000196d3       _scomparecontrol_          1001d6d3 f   GlobalSubroutines.obj
 0001:00019743       _seightypercentcap_        1001d743 f   GlobalSubroutines.obj
 0001:000197d2       _seightypercentsrp_        1001d7d2 f   GlobalSubroutines.obj
 0001:00019832       _seightypercent_           1001d832 f   GlobalSubroutines.obj
 0001:000199e4       _saggroundwater_           1001d9e4 f   GlobalSubroutines.obj
 0001:0001a58d       _sagsurfacewaterother_     1001e58d f   GlobalSubroutines.obj
 0001:0001b4ff       _spopulationmask_          1001f4ff f   GlobalSubroutines.obj
 0001:0001b6cb       _scapmaskcredits_          1001f6cb f   GlobalSubroutines.obj
 0001:0001b744       _sesrunningt_              1001f744 f   GlobalSubroutines.obj
 0001:0001b932       _gpcd_eight_               1001f932 f   GlobalSubroutines.obj
 0001:0001c1c0       _gpcd_                     100201c0 f   GlobalSubroutines.obj
 0001:0001c332       _smasksrp_                 10020332 f   GlobalSubroutines.obj
 0001:0001c5b0       _smask_                    100205b0 f   GlobalSubroutines.obj
 0001:0001c697       _smaskcap_                 10020697 f   GlobalSubroutines.obj
 0001:0001cac0       _smasksrog_                10020ac0 f   GlobalSubroutines.obj
 0001:0001cc3a       _smaskagriculture_         10020c3a f   GlobalSubroutines.obj
 0001:0001cce2       _snewmaskagriculture_      10020ce2 f   GlobalSubroutines.obj
 0001:0001cdb2       _agacerageandcredits_      10020db2 f   GlobalSubroutines.obj
 0001:0001d3e1       _agacerageandcreditscap_   100213e1 f   GlobalSubroutines.obj
 0001:0001d67f       _sproviders_               1002167f f   GlobalSubroutines.obj
 0001:0001d929       _smodifynormalflow_        10021929 f   GlobalSubroutines.obj
 0001:0001da90       _lms_gpcddemand_           10021a90 f   GPCDdemand.obj
 0001:0001daa1       _lms_gpcddemand@_mysub_    10021aa1 f   GPCDdemand.obj
 0001:0001deef       _lms_gpcddemand@_fcalcindoor_ 10021eef f   GPCDdemand.obj
 0001:0001e01f       _lms_gpcddemand@_fcalcoutdoor_ 1002201f f   GPCDdemand.obj
 0001:0001e123       _gpcdfrommetrics_          10022123 f   GPCDdemand.obj
 0001:0001e150       _lm_groundwater_a_         10022150 f   Groundwater.obj
 0001:0001e161       _lm_groundwater_a@_initgw_ 10022161 f   Groundwater.obj
 0001:0001e189       _lm_groundwater_a@_openfiles_g_ 10022189 f   Groundwater.obj
 0001:0001e2f6       _lm_groundwater_a@_readfiles_g_ 100222f6 f   Groundwater.obj
 0001:0001e5dd       _lm_groundwater_a@_readparms_g_ 100225dd f   Groundwater.obj
 0001:0001e659       _lm_groundwater_a@_initialstate_g_ 10022659 f   Groundwater.obj
 0001:0001e685       _lms_groundwater_a_        10022685 f   Groundwater.obj
 0001:0001e696       _lms_groundwater_a@_initstate_g_ 10022696 f   Groundwater.obj
 0001:0001e6bd       _lms_groundwater_a@_deltastate_g_ 100226bd f   Groundwater.obj
 0001:0001e92d       _lms_groundwater_a@_outinitialg_ 1002292d f   Groundwater.obj
 0001:0001e959       _initializegwaterdata_     10022959 f   Groundwater.obj
 0001:0001e96d       _sinitialgroundwater_      1002296d f   Groundwater.obj
 0001:0001e988       _pprovidergroundwater_     10022988 f   Groundwater.obj
 0001:0001f223       _pproviderdefaultgroundwater_ 10023223 f   Groundwater.obj
 0001:0001f362       _modflowgroundwater_       10023362 f   Groundwater.obj
 0001:0001f4e0       _lm_kernel_                100234e0 f   Kernel.obj
 0001:0001f4f1       _lm_kernel@_runoneyearkernel_ 100234f1 f   Kernel.obj
 0001:0001f626       _lm_kernel@_runmanyyearkernel_ 10023626 f   Kernel.obj
 0001:0001f63a       _lm_kernel@_skernalcode_   1002363a f   Kernel.obj
 0001:0001f866       _lm_kernel@_upstreamk_     10023866 f   Kernel.obj
 0001:0001fc17       _lm_kernel@_datetime_      10023c17 f   Kernel.obj
 0001:0001fc6d       _lm_kernel@_downstreamk_   10023c6d f   Kernel.obj
 0001:0001fd93       _lm_kernel@_int2char_      10023d93 f   Kernel.obj
 0001:0001fdd9       _lm_kernel@_startupk_      10023dd9 f   Kernel.obj
 0001:00020ece       _lm_kernel@_readfilescheckk_ 10024ece f   Kernel.obj
 0001:00021098       _lm_kernel@_teardownk_     10025098 f   Kernel.obj
 0001:00021282       _lm_kernel@_testing_       10025282 f   Kernel.obj
 0001:00021296       _lm_initialize_            10025296 f   Kernel.obj
 0001:000212a7       _lm_initialize@_initk_     100252a7 f   Kernel.obj
 0001:0002130c       _lm_initialize@_global_    1002530c f   Kernel.obj
 0001:00021342       _lm_initialize@_openrelease_ 10025342 f   Kernel.obj
 0001:00021a87       _lm_initialize@_closek_    10025a87 f   Kernel.obj
 0001:00021afc       _daysintheyeark_           10025afc f   Kernel.obj
 0001:00021b54       _lm_start_                 10025b54 f   Kernel.obj
 0001:00021b65       _lm_start@_openfilesk_     10025b65 f   Kernel.obj
 0001:00021b7e       _lm_start@_errorcheckreadk_ 10025b7e f   Kernel.obj
 0001:00021b97       _lm_terminate_             10025b97 f   Kernel.obj
 0001:00021ba8       _lm_terminate@_closefilesk_ 10025ba8 f   Kernel.obj
 0001:00021bc1       _test_                     10025bc1 f   Kernel.obj
 0001:00021bcd       _outputpath_               10025bcd f   Kernel.obj
 0001:00021d20       _SetStringData_            10025d20 f   KernelInterface.obj
 0001:00021daf       _SetStringOutput_          10025daf f   KernelInterface.obj
 0001:00021e3e       _BuildNum_                 10025e3e f   KernelInterface.obj
 0001:00021e79       _BuildVer_                 10025e79 f   KernelInterface.obj
 0001:00021eb4       _BuildSubVer_              10025eb4 f   KernelInterface.obj
 0001:00021eef       _TestMonth_                10025eef f   KernelInterface.obj
 0001:00021f2a       _TestDay_                  10025f2a f   KernelInterface.obj
 0001:00021f65       _TestYear_                 10025f65 f   KernelInterface.obj
 0001:00021fa0       _TestHour_                 10025fa0 f   KernelInterface.obj
 0001:00021fdb       _TestMin_                  10025fdb f   KernelInterface.obj
 0001:00022016       _Init_                     10026016 f   KernelInterface.obj
 0001:0002204a       _CloseFortran_             1002604a f   KernelInterface.obj
 0001:0002207e       _getStatus_                1002607e f   KernelInterface.obj
 0001:000220ba       _RunOneYear_               100260ba f   KernelInterface.obj
 0001:000220ee       _RunManyYears_             100260ee f   KernelInterface.obj
 0001:00022122       _OpenFiles_                10026122 f   KernelInterface.obj
 0001:00022156       _ReadFilesErr_             10026156 f   KernelInterface.obj
 0001:0002218a       _getReadFileError_         1002618a f   KernelInterface.obj
 0001:000221ca       _CloseFiles_               100261ca f   KernelInterface.obj
 0001:000221fe       _getStartSimulation_       100261fe f   KernelInterface.obj
 0001:0002223a       _setStartSimulation_       1002623a f   KernelInterface.obj
 0001:00022274       _getEndSimulation_         10026274 f   KernelInterface.obj
 0001:000222b0       _setEndSimulation_         100262b0 f   KernelInterface.obj
 0001:000222ea       _getWriteStatus_           100262ea f   KernelInterface.obj
 0001:0002232a       _setWriteStatus_           1002632a f   KernelInterface.obj
 0001:0002237e       _getWriteLog_              1002637e f   KernelInterface.obj
 0001:000223be       _setWriteLog_              100263be f   KernelInterface.obj
 0001:00022412       _getErrorCode_             10026412 f   KernelInterface.obj
 0001:00022452       _getAPIcode_               10026452 f   KernelInterface.obj
 0001:00022492       _setAPIcode_               10026492 f   KernelInterface.obj
 0001:000224d0       _setBaseYear_              100264d0 f   KernelInterface.obj
 0001:00022525       _getClimateFactorEndYear_  10026525 f   KernelInterface.obj
 0001:00022561       _setClimateFactorEndYear_  10026561 f   KernelInterface.obj
 0001:000225b6       _getModifyNormalFlow_      100265b6 f   KernelInterface.obj
 0001:000226c4       _setModifyNormalFlow_      100266c4 f   KernelInterface.obj
 0001:00022965       _getSTVtrace_              10026965 f   KernelInterface.obj
 0001:000229a1       _setSVTtrace_              100269a1 f   KernelInterface.obj
 0001:000229f6       _getSVTHistData_           100269f6 f   KernelInterface.obj
 0001:00022a3d       _setSVTHistData_           10026a3d f   KernelInterface.obj
 0001:00022a92       _getSVHistExtractionStartYear_ 10026a92 f   KernelInterface.obj
 0001:00022ace       _setSVHistExtractionStartYear_ 10026ace f   KernelInterface.obj
 0001:00022b08       _getSVClimateAdjustmentPercent_ 10026b08 f   KernelInterface.obj
 0001:00022b70       _setSVClimateAdjustmentPercent_ 10026b70 f   KernelInterface.obj
 0001:00022bbf       _getSVUserAdjustmentStartYear_ 10026bbf f   KernelInterface.obj
 0001:00022bfb       _setSVUserAdjustmentStartYear_ 10026bfb f   KernelInterface.obj
 0001:00022c50       _getSVUserAdjustmentStopYear_ 10026c50 f   KernelInterface.obj
 0001:00022c8c       _setSVUserAdjustmentStopYear_ 10026c8c f   KernelInterface.obj
 0001:00022cc6       _getSVUserAdjustmentPercent_ 10026cc6 f   KernelInterface.obj
 0001:00022d2e       _setSVUserAdjustmentPercent_ 10026d2e f   KernelInterface.obj
 0001:00022d7d       _setCOtrace_               10026d7d f   KernelInterface.obj
 0001:00022dd2       _getCOHistData_            10026dd2 f   KernelInterface.obj
 0001:00022e0e       _setCOHistData_            10026e0e f   KernelInterface.obj
 0001:00022e63       _getCOHistExtractionStartYear_ 10026e63 f   KernelInterface.obj
 0001:00022e9f       _setCOHistExtractionStartYear_ 10026e9f f   KernelInterface.obj
 0001:00022ef4       _getCOClimateAdjustmentPercent_ 10026ef4 f   KernelInterface.obj
 0001:00022f60       _setCOClimateAdjustmentPercent_ 10026f60 f   KernelInterface.obj
 0001:00022faf       _getCOUserAdjustmentStartYear_ 10026faf f   KernelInterface.obj
 0001:00022feb       _setCOUserAdjustmentStartYear_ 10026feb f   KernelInterface.obj
 0001:00023040       _getCOUserAdjustmentStopYear_ 10027040 f   KernelInterface.obj
 0001:0002307c       _setCOUserAdjustmentStopYear_ 1002707c f   KernelInterface.obj
 0001:000230b6       _getCOUserAdjustmentPercent_ 100270b6 f   KernelInterface.obj
 0001:0002311e       _setCOUserAdjustmentPercent_ 1002711e f   KernelInterface.obj
 0001:0002316d       _setWaterToCOdelta_        1002716d f   KernelInterface.obj
 0001:000231c1       _setCODeltaBurden_         100271c1 f   KernelInterface.obj
 0001:00023217       _getRatioCOdeltaBurden_    10027217 f   KernelInterface.obj
 0001:00023253       _getAZshareCOdeltaWater_   10027253 f   KernelInterface.obj
 0001:0002328f       _getCAshareCOdeltaWater_   1002728f f   KernelInterface.obj
 0001:000232cb       _getNVshareCOdeltaWater_   100272cb f   KernelInterface.obj
 0001:00023307       _getMXshareCOdeltaWater_   10027307 f   KernelInterface.obj
 0001:00023343       _getNaturalRechargeSwitch_ 10027343 f   KernelInterface.obj
 0001:0002337f       _setNaturalRechargeSwitch_ 1002737f f   KernelInterface.obj
 0001:000233b9       _getSVDelivery_            100273b9 f   KernelInterface.obj
 0001:000233f5       _getSVRiverFlow_           100273f5 f   KernelInterface.obj
 0001:00023431       _getSVStorage_             10027431 f   KernelInterface.obj
 0001:0002346d       _getSVTspillage_           1002746d f   KernelInterface.obj
 0001:000234a9       _getVerdeFlow_             100274a9 f   KernelInterface.obj
 0001:000234e5       _getVerdeStorage_          100274e5 f   KernelInterface.obj
 0001:00023521       _getVerdeClassAused_acft_  10027521 f   KernelInterface.obj
 0001:0002355d       _getverdeclassbcused_acft_ 1002755d f   KernelInterface.obj
 0001:00023576       _getSaltTontoFlow_         10027576 f   KernelInterface.obj
 0001:000235b2       _getSaltTontoStorage_      100275b2 f   KernelInterface.obj
 0001:000235ee       _getOtherSaltStorage_      100275ee f   KernelInterface.obj
 0001:0002362a       _getRooseveltStorage_      1002762a f   KernelInterface.obj
 0001:00023666       _getSaltTontoClassAused_acft_ 10027666 f   KernelInterface.obj
 0001:000236a2       _getSaltTontoClassBCused_acft_ 100276a2 f   KernelInterface.obj
 0001:000236de       _getAZshareCO_             100276de f   KernelInterface.obj
 0001:0002371a       _getCAP_                   1002771a f   KernelInterface.obj
 0001:00023756       _getPowellElevation_       10027756 f   KernelInterface.obj
 0001:00023792       _getMeadElevation_         10027792 f   KernelInterface.obj
 0001:000237ce       _getUpperBasinDeliveries_  100277ce f   KernelInterface.obj
 0001:0002380a       _setUpperBasinDeliveriesIndex_ 1002780a f   KernelInterface.obj
 0001:0002386d       _getCODelivery_            1002786d f   KernelInterface.obj
 0001:000238a9       _getCORiverFlow_           100278a9 f   KernelInterface.obj
 0001:000238e5       _getCOStorage_             100278e5 f   KernelInterface.obj
 0001:00023921       _getPowellStorage_         10027921 f   KernelInterface.obj
 0001:0002395d       _getMeadStorage_           1002795d f   KernelInterface.obj
 0001:00023999       _setAgPumpingCurve_        10027999 f   KernelInterface.obj
 0001:000239ee       _setAgCreditTransferPCT_   100279ee f   KernelInterface.obj
 0001:00023a43       _setProviderAgCreditCurvePCT_ 10027a43 f   KernelInterface.obj
 0001:00023ccf       _getWaterFromAgPumping_    10027ccf f   KernelInterface.obj
 0001:00023db4       _setWaterFromAgPumping_    10027db4 f   KernelInterface.obj
 0001:0002405f       _setWaterToAgricultureAF_  1002805f f   KernelInterface.obj
 0001:00024304       _getWaterToAgricultureAF_  10028304 f   KernelInterface.obj
 0001:000243e9       _getWaterFromAgPumpingMax_ 100283e9 f   KernelInterface.obj
 0001:000244ce       _getWaterFromAgPumpingTotal_ 100284ce f   KernelInterface.obj
 0001:000245b3       _getWaterFromAgSurface_    100285b3 f   KernelInterface.obj
 0001:000246b9       _setWaterFromAgSurface_    100286b9 f   KernelInterface.obj
 0001:0002495e       _getWaterFromAgSurfaceMax_ 1002895e f   KernelInterface.obj
 0001:00024a64       _getGrossAgricultureWaterAF_ 10028a64 f   KernelInterface.obj
 0001:00024b49       _getNetAgricultureWaterAF_ 10028b49 f   KernelInterface.obj
 0001:00024c2e       _getAgProductionPCT_       10028c2e f   KernelInterface.obj
 0001:00024c6a       _getAgCreditTransPCT_      10028c6a f   KernelInterface.obj
 0001:00024d4f       _getProviderMaxAgPumping_  10028d4f f   KernelInterface.obj
 0001:00024e34       _getProviderMaxAgSurface_  10028e34 f   KernelInterface.obj
 0001:00024f19       _geteightyPctRule_         10028f19 f   KernelInterface.obj
 0001:00024ffe       _getPopGrowthRateAdjustPct_ 10028ffe f   KernelInterface.obj
 0001:0002510c       _setPopGrowthRateAdjustPct_ 1002910c f   KernelInterface.obj
 0001:000253ab       _getPopGrowthRateOnProjectPct_ 100293ab f   KernelInterface.obj
 0001:000254c2       _setPopGrowthRateOnProjectPct_ 100294c2 f   KernelInterface.obj
 0001:00025761       _getPopGrowthRateOtherPct_ 10029761 f   KernelInterface.obj
 0001:00025878       _setPopGrowthRateOtherPct_ 10029878 f   KernelInterface.obj
 0001:00025b17       _PopulationOnProject_      10029b17 f   KernelInterface.obj
 0001:00025c05       _PopulationOther_          10029c05 f   KernelInterface.obj
 0001:00025cf3       _getTotalDemands_          10029cf3 f   KernelInterface.obj
 0001:00025dd8       _getPopulations_           10029dd8 f   KernelInterface.obj
 0001:00025ebd       _getPopGrowthRate_         10029ebd f   KernelInterface.obj
 0001:00025fa2       _setPopulationsOn_         10029fa2 f   KernelInterface.obj
 0001:00026247       _setPopulationsOther_      1002a247 f   KernelInterface.obj
 0001:000264ec       _getProviderDeliveriesUsed_ 1002a4ec f   KernelInterface.obj
 0001:000265d1       _getCOAnnualDeliveries_    1002a5d1 f   KernelInterface.obj
 0001:000266b6       _getCAPMandI_              1002a6b6 f   KernelInterface.obj
 0001:000266f2       _getCOMaxDeliveries_       1002a6f2 f   KernelInterface.obj
 0001:000267d7       _getSRPAnnualDeliveries_   1002a7d7 f   KernelInterface.obj
 0001:000268bc       _getSVMaxDeliveriesSRP_    1002a8bc f   KernelInterface.obj
 0001:000269a1       _getSVClassADesignations_  1002a9a1 f   KernelInterface.obj
 0001:00026a86       _getSVClassBCDesignations_ 1002aa86 f   KernelInterface.obj
 0001:00026b6b       _getSVClassBCmax_          1002ab6b f   KernelInterface.obj
 0001:00026c50       _getSVTclassBCstorage_     1002ac50 f   KernelInterface.obj
 0001:00026d35       _getSVTclassBCstorageMax_  1002ad35 f   KernelInterface.obj
 0001:00026e1a       _getSTClassAwaterUsed_     1002ae1a f   KernelInterface.obj
 0001:00026e56       _getSaltTontoClassBCwaterUsed_ 1002ae56 f   KernelInterface.obj
 0001:00026e92       _getVerdeClassAwaterUsed_  1002ae92 f   KernelInterface.obj
 0001:00026ece       _getVerdeClassBCwaterUsed_ 1002aece f   KernelInterface.obj
 0001:00026f0a       _getProviderGWDesignations_ 1002af0a f   KernelInterface.obj
 0001:00026fef       _setProviderAnnualCredits_ 1002afef f   KernelInterface.obj
 0001:00027286       _getProviderGWstored_      1002b286 f   KernelInterface.obj
 0001:00027379       _getProviderSWDesignations_ 1002b379 f   KernelInterface.obj
 0001:0002745e       _getAnnualProviderGroundW_ 1002b45e f   KernelInterface.obj
 0001:00027543       _setProviderGroundWater_   1002b543 f   KernelInterface.obj
 0001:000277cd       _getProviderGWPumpageMuni_ 1002b7cd f   KernelInterface.obj
 0001:000278b2       _getProviderGWPumpageSRP_  1002b8b2 f   KernelInterface.obj
 0001:00027997       _getProviderGWRecharge_    1002b997 f   KernelInterface.obj
 0001:00027a7c       _setAlterGPCDPct_          1002ba7c f   KernelInterface.obj
 0001:00027ac0       _getProviderAlterGPCDPct_  1002bac0 f   KernelInterface.obj
 0001:00027bae       _setProviderAlterGPCDPct_  1002bbae f   KernelInterface.obj
 0001:00027e26       _setProviderMinGPCD_       1002be26 f   KernelInterface.obj
 0001:00027ffe       _getProviderMinGPCD_       1002bffe f   KernelInterface.obj
 0001:000280ec       _setDemandOption_          1002c0ec f   KernelInterface.obj
 0001:00028126       _getDemandOption_          1002c126 f   KernelInterface.obj
 0001:00028162       _getWaterBankingOption_    1002c162 f   KernelInterface.obj
 0001:00028247       _setWaterBankingOption_    1002c247 f   KernelInterface.obj
 0001:000284d1       _setDemandPercent_         1002c4d1 f   KernelInterface.obj
 0001:00028516       _getDemandPercent_         1002c516 f   KernelInterface.obj
 0001:00028552       _getDemandMultiplier_      1002c552 f   KernelInterface.obj
 0001:000285af       _getOnProjectDemand_       1002c5af f   KernelInterface.obj
 0001:00028694       _getOffProjectDemand_      1002c694 f   KernelInterface.obj
 0001:00028779       _getTimeLagVadoseYears_    1002c779 f   KernelInterface.obj
 0001:0002885e       _setTimeLagVadoseYears_    1002c85e f   KernelInterface.obj
 0001:00028ae9       _getParmReclaimedToVadosePct_ 1002cae9 f   KernelInterface.obj
 0001:00028bf7       _setParmReclaimedToVadosePct_ 1002cbf7 f   KernelInterface.obj
 0001:00028e96       _getParmReclaimedToDirectInjPct_ 1002ce96 f   KernelInterface.obj
 0001:00028fa4       _setParmReclaimedToDirectInjPct_ 1002cfa4 f   KernelInterface.obj
 0001:00029243       _getParmReclaimedToOutputPct_ 1002d243 f   KernelInterface.obj
 0001:00029351       _setParmReclaimedToOutputPct_ 1002d351 f   KernelInterface.obj
 0001:000295ff       _getParmReclaimedToInputPct_ 1002d5ff f   KernelInterface.obj
 0001:0002970d       _setParmReclaimedToInputPct_ 1002d70d f   KernelInterface.obj
 0001:000299bb       _getReclaimedOutdoorUse_   1002d9bb f   KernelInterface.obj
 0001:00029ac9       _setReclaimedOutdoorUse_   1002dac9 f   KernelInterface.obj
 0001:00029d77       _getParmRWWToROPct_        1002dd77 f   KernelInterface.obj
 0001:00029e85       _setParmRWWToROPct_        1002de85 f   KernelInterface.obj
 0001:0002a124       _getParmROToOutputPct_     1002e124 f   KernelInterface.obj
 0001:0002a232       _setParmROToOutputPct_     1002e232 f   KernelInterface.obj
 0001:0002a4e0       _getParmOutDoorResPct_     1002e4e0 f   KernelInterface.obj
 0001:0002a5ee       _setParmOutDoorResPct_     1002e5ee f   KernelInterface.obj
 0001:0002a89c       _getParmOutDoorComPct_     1002e89c f   KernelInterface.obj
 0001:0002a9aa       _setParmOutDoorComPct_     1002e9aa f   KernelInterface.obj
 0001:0002ac58       _getParmOutDoorIndPct_     1002ec58 f   KernelInterface.obj
 0001:0002ad66       _setParmOutDoorIndPct_     1002ed66 f   KernelInterface.obj
 0001:0002b014       _getParmWStoResPct_        1002f014 f   KernelInterface.obj
 0001:0002b122       _setParmWStoResPct_        1002f122 f   KernelInterface.obj
 0001:0002b3d0       _getParmWStoComPct_        1002f3d0 f   KernelInterface.obj
 0001:0002b4de       _setParmWStoComPct_        1002f4de f   KernelInterface.obj
 0001:0002b78c       _getParmWStoIndPct_        1002f78c f   KernelInterface.obj
 0001:0002b89a       _setParmWStoIndPct_        1002f89a f   KernelInterface.obj
 0001:0002bb48       _getParmWWtoRWWTPPct_      1002fb48 f   KernelInterface.obj
 0001:0002bc56       _setParmWWtoRWWTPPct_      1002fc56 f   KernelInterface.obj
 0001:0002bef5       _getParmWWtoEffluentPct_   1002fef5 f   KernelInterface.obj
 0001:0002c003       _setParmWWtoEffluentPct_   10030003 f   KernelInterface.obj
 0001:0002c2b1       _getParmSWtoWBankPct_      100302b1 f   KernelInterface.obj
 0001:0002c3bf       _setParmSWtoWBankPct_      100303bf f   KernelInterface.obj
 0001:0002c65e       _getParmSWtoWBankAmt_      1003065e f   KernelInterface.obj
 0001:0002c767       _setParmSWtoWBankAmt_      10030767 f   KernelInterface.obj
 0001:0002ca09       _getParmSWtoVadoseAmt_     10030a09 f   KernelInterface.obj
 0001:0002cb12       _setParmSWtoVadoseAmt_     10030b12 f   KernelInterface.obj
 0001:0002cdb4       _getParmWStoDIAmt_         10030db4 f   KernelInterface.obj
 0001:0002cebd       _setParmWStoDIAmt_         10030ebd f   KernelInterface.obj
 0001:0002d15f       _getParmEffluentToPPlantPct_ 1003115f f   KernelInterface.obj
 0001:0002d26d       _setParmEffluentToPPlantPct_ 1003126d f   KernelInterface.obj
 0001:0002d50c       _getParmEffluenttoVadosePct_ 1003150c f   KernelInterface.obj
 0001:0002d61a       _setParmEffluenttoVadosePct_ 1003161a f   KernelInterface.obj
 0001:0002d8b9       _getParmGWtoGWTPPct_       100318b9 f   KernelInterface.obj
 0001:0002d9c7       _setParmGWtoGWTPPct_       100319c7 f   KernelInterface.obj
 0001:0002dc66       _setParmIncludeMeteo_      10031c66 f   KernelInterface.obj
 0001:0002dcba       _getGrayWaterResidential_  10031cba f   KernelInterface.obj
 0001:0002ddb9       _getGrayWaterCommercial_   10031db9 f   KernelInterface.obj
 0001:0002deb8       _getGrayWaterIndustrial_   10031eb8 f   KernelInterface.obj
 0001:0002dfb7       _getGWbankedUsed_          10031fb7 f   KernelInterface.obj
 0001:0002e09c       _getGWbanked_              1003209c f   KernelInterface.obj
 0001:0002e181       _getReclaimedWaterTotal_   10032181 f   KernelInterface.obj
 0001:0002e266       _getReclaimedWaterOut_     10032266 f   KernelInterface.obj
 0001:0002e34b       _getReclaimedWaterUsed_    1003234b f   KernelInterface.obj
 0001:0002e430       _getReclaimedWaterToVadose_ 10032430 f   KernelInterface.obj
 0001:0002e515       _getReclaimedWaterDischarged_ 10032515 f   KernelInterface.obj
 0001:0002e5fa       _getReclaimedWaterDInject_ 100325fa f   KernelInterface.obj
 0001:0002e6df       _getROReclaimedWaterOut_   100326df f   KernelInterface.obj
 0001:0002e7c4       _getROReclaimedWaterUsed_  100327c4 f   KernelInterface.obj
 0001:0002e8a9       _getROReclaimedWaterDI_    100328a9 f   KernelInterface.obj
 0001:0002e98e       _getEffluentCreated_       1003298e f   KernelInterface.obj
 0001:0002ea73       _getTWWTPCreated_          10032a73 f   KernelInterface.obj
 0001:0002eb58       _getEffluentToPowerPlant_  10032b58 f   KernelInterface.obj
 0001:0002ec3d       _getEffluentToVadose_      10032c3d f   KernelInterface.obj
 0001:0002ed22       _getEffluentToDischarge_   10032d22 f   KernelInterface.obj
 0001:0002ee07       _getEffluentToAg_          10032e07 f   KernelInterface.obj
 0001:0002ee43       _getNonPotableOutdoorUse_  10032e43 f   KernelInterface.obj
 0001:0002ee92       _getFlushesPCD_            10032e92 f   KernelInterface.obj
 0001:0002efa0       _getParmBlackWaterPct_     10032fa0 f   KernelInterface.obj
 0001:0002f0ae       _setParmBlackWaterPct_     100330ae f   KernelInterface.obj
 0001:0002f35c       _getShowerBathPCD_         1003335c f   KernelInterface.obj
 0001:0002f465       _setShowerBathPCT_         10033465 f   KernelInterface.obj
 0001:0002f4c8       _getDemandDeficit_         100334c8 f   KernelInterface.obj
 0001:0002f5ad       _setParmAllStraws_         100335ad f   KernelInterface.obj
 0001:0002f5eb       _getNewWaterSupplies_      100335eb f   KernelInterface.obj
 0001:0002f6d0       _setNewWaterSupplies_      100336d0 f   KernelInterface.obj
 0001:0002f975       _getNewWaterSuppliesUsed_  10033975 f   KernelInterface.obj
 0001:0002fa5a       _getCreditDeficits_        10033a5a f   KernelInterface.obj
 0001:0002fb63       _getTotalCredits_          10033b63 f   KernelInterface.obj
 0001:0002fc48       _getIncidentalCredits_     10033c48 f   KernelInterface.obj
 0001:0002fd2d       _getAgToMuniAddedCredits_  10033d2d f   KernelInterface.obj
 0001:0002fe12       _getTotalAddedCredits_     10033e12 f   KernelInterface.obj
 0001:0002fef7       _getNormalFlowEmpiricalMax_ 10033ef7 f   KernelInterface.obj
 0001:0002ffe5       _setNormalFlowEmpiricalMax_ 10033fe5 f   KernelInterface.obj
 0001:00030278       _getRegionalGroundwater_   10034278 f   KernelInterface.obj
 0001:000302c7       _getAgAndOtherPumping_     100342c7 f   KernelInterface.obj
 0001:00030316       _getRegionalInflow_        10034316 f   KernelInterface.obj
 0001:00030365       _getRegionalOutflow_       10034365 f   KernelInterface.obj
 0001:000303b4       _getRegionalRecharge_      100343b4 f   KernelInterface.obj
 0001:00030403       _getNaturalRecharge_       10034403 f   KernelInterface.obj
 0001:00030452       _getfluxVadoseToAquifer_   10034452 f   KernelInterface.obj
 0001:00030537       _getAgToVadoseFlux_        10034537 f   KernelInterface.obj
 0001:00030586       _getCAGRD_                 10034586 f   KernelInterface.obj
 0001:000305c2       _setCAGRD_                 100345c2 f   KernelInterface.obj
 0001:00030616       _set_parmVinze_Johnston_   10034616 f   KernelInterface.obj
 0001:00030667       _getProviderGPCD_          10034667 f   KernelInterface.obj
 0001:0003074c       _setProviderGPCD_          1003474c f   KernelInterface.obj
 0001:000309f1       _getProviderGPCDraw_       100349f1 f   KernelInterface.obj
 0001:00030adf       _getProviderGPCDres_       10034adf f   KernelInterface.obj
 0001:00030bcd       _getProviderGPCDind_       10034bcd f   KernelInterface.obj
 0001:00030cbb       _setWaterCommercialTurf_   10034cbb f   KernelInterface.obj
 0001:00030d24       _getGPCDResBehavior_       10034d24 f   KernelInterface.obj
 0001:0003101b       _setGPCDResBehavior_       1003501b f   KernelInterface.obj
 0001:00031316       _get_APIinterFaceStatus_   10035316 f   KernelInterface.obj
 0001:00031356       _set_APIinterFaceStatus_   10035356 f   KernelInterface.obj
 0001:000313aa       _setProviderFlowToCOdelta_AF_ 100353aa f   KernelInterface.obj
 0001:00031634       _getProviderCOdelataRatioAZ_ 10035634 f   KernelInterface.obj
 0001:00031719       _setDefaultPumpingMandIPct_ 10035719 f   KernelInterface.obj
 0001:000319a3       _getDefaultPumpingMandIPct_ 100359a3 f   KernelInterface.obj
 0001:00031a88       _getCAPlossPotentialPriority4_AF_ 10035a88 f   KernelInterface.obj
 0001:00031b6d       _getCAPlossPotentialPiority5_AF_ 10035b6d f   KernelInterface.obj
 0001:00031c52       _getCAPpriority4NotUsed_AF_ 10035c52 f   KernelInterface.obj
 0001:00031d37       _getCAPpriority5NotUsed_AF_ 10035d37 f   KernelInterface.obj
 0001:00031e1c       _setParmGrayWater_         10035e1c f   KernelInterface.obj
 0001:00031e70       _setParmGrayWaterCompliance_ 10035e70 f   KernelInterface.obj
 0001:00031ebf       _setParmYearsToAdopt_      10035ebf f   KernelInterface.obj
 0001:00031f06       _setParmRainWaterHarvesting_ 10035f06 f   KernelInterface.obj
 0001:00031f51       _setParmRainWaterHarvestResOnly_ 10035f51 f   KernelInterface.obj
 0001:00031f9c       _setParmRainWaterHarvestComOnly_ 10035f9c f   KernelInterface.obj
 0001:00031fe7       _setParmStormWaterHarvesting_ 10035fe7 f   KernelInterface.obj
 0001:00032032       _setStormWaterCapacity_m3_ 10036032 f   KernelInterface.obj
 0001:000322bc       _getStormWaterCapacity_m3_ 100362bc f   KernelInterface.obj
 0001:000323a1       _setParmIwaniecPPtoAgEffluent_ 100363a1 f   KernelInterface.obj
 0001:000323ec       _setParmIwaniecLeaks_      100363ec f   KernelInterface.obj
 0001:00032437       _getGPCD_resGrayWater_     10036437 f   KernelInterface.obj
 0001:0003251c       _getGPCD_comGrayWater_     1003651c f   KernelInterface.obj
 0001:00032601       _getGPCD_indGrayWater_     10036601 f   KernelInterface.obj
 0001:000326e6       _setparmIwaniecScenarios_  100366e6 f   KernelInterface.obj
 0001:0003273a       _getparmIwaniecScenarios_  1003673a f   KernelInterface.obj
 0001:00032778       _setparmWaterSim5_         10036778 f   KernelInterface.obj
 0001:000327c9       _getparmWaterSim5_         100367c9 f   KernelInterface.obj
 0001:00032803       _setScenario_              10036803 f   KernelInterface.obj
 0001:00032858       _getScenario_              10036858 f   KernelInterface.obj
 0001:00032892       _get_harvestedStormWater_  10036892 f   KernelInterface.obj
 0001:00032977       _setAgEfficiency_          10036977 f   KernelInterface.obj
 0001:000329b1       _getAgPumpingTotal_        100369b1 f   KernelInterface.obj
 0001:00032a96       _getAgSurfaceTotal_        10036a96 f   KernelInterface.obj
 0001:00032b7b       _get_effluentUsedAg_       10036b7b f   KernelInterface.obj
 0001:00032c60       _getUseLCLU_               10036c60 f   KernelInterface.obj
 0001:00032ca0       _setUseLCLU_               10036ca0 f   KernelInterface.obj
 0001:00032cde       _getRainWaterHarvested_    10036cde f   KernelInterface.obj
 0001:00032dd1       _getRainWaterHarvested_SF_ 10036dd1 f   KernelInterface.obj
 0001:00032eb6       _getRainWaterHarvested_MF_ 10036eb6 f   KernelInterface.obj
 0001:00032f9b       _getRainWaterHarvested_PU_ 10036f9b f   KernelInterface.obj
 0001:00033080       _getRainWaterHarvested_COM_ 10037080 f   KernelInterface.obj
 0001:00033165       _getRainHarvestToTotalOutdoor_ 10037165 f   KernelInterface.obj
 0001:0003324a       _getGrayWaterToTotalOutdoor_ 1003724a f   KernelInterface.obj
 0001:0003332f       _getReclaimedToTotalOutdoor_ 1003732f f   KernelInterface.obj
 0001:00033414       _getAnnualDemand_AG_AF_    10037414 f   KernelInterface.obj
 0001:000334f9       _getAnnualDemand_MD_AF_    100374f9 f   KernelInterface.obj
 0001:000335de       _getAnnualDemand_HD_AF_    100375de f   KernelInterface.obj
 0001:000336c3       _getAnnualDemand_LD_AF_    100376c3 f   KernelInterface.obj
 0001:000337a8       _getAnnualDemand_Turf_AF_  100377a8 f   KernelInterface.obj
 0001:00033892       _getAnnualDemand_GWay_AF_  10037892 f   KernelInterface.obj
 0001:0003397c       _getAnnualDemand_Tree_AF_  1003797c f   KernelInterface.obj
 0001:00033a66       _getNonpotableTotalUsed_AF_ 10037a66 f   KernelInterface.obj
 0001:00033b6f       _getResOutdoorGPCD_PU_     10037b6f f   KernelInterface.obj
 0001:00033c7d       _getResIndoorGPCD_PU_      10037c7d f   KernelInterface.obj
 0001:00033d8b       _getResOutdoorGPCD_MD_     10037d8b f   KernelInterface.obj
 0001:00033e99       _getResIndoorGPCD_MD_      10037e99 f   KernelInterface.obj
 0001:00033fa7       _getResOutdoorGPCD_HD_     10037fa7 f   KernelInterface.obj
 0001:000340b5       _getResIndoorGPCD_HD_      100380b5 f   KernelInterface.obj
 0001:000341c3       _setRainFallFactor_        100381c3 f   KernelInterface.obj
 0001:0003420a       _setGPCDEfficiency_        1003820a f   KernelInterface.obj
 0001:00034244       _getResIndoorUse_          10038244 f   KernelInterface.obj
 0001:00034280       _getResOutdoorUse_         10038280 f   KernelInterface.obj
 0001:000342bc       _setRainHarvestCompliance_ 100382bc f   KernelInterface.obj
 0001:00034303       _setInflectionPoint_       10038303 f   KernelInterface.obj
 0001:0003434a       _getAgRetirementPct_       1003834a f   KernelInterface.obj
 0001:000343b2       _setAgRetirementPct_       100383b2 f   KernelInterface.obj
 0001:0003441b       _getGrossStormWater_AF_    1003841b f   KernelInterface.obj
 0001:00034500       _lm_lulc_                  10038500 f   LandUseLandCover.obj
 0001:00034511       _lm_lulc@_initlulc_        10038511 f   LandUseLandCover.obj
 0001:0003452f       _lm_lulc@_openfiles_cm_    1003852f f   LandUseLandCover.obj
 0001:0003470a       _lm_lulc@_readfiles_cm_    1003870a f   LandUseLandCover.obj
 0001:00034983       _lms_lulc_                 10038983 f   LandUseLandCover.obj
 0001:00034994       _lms_lulc@_providerrcn_    10038994 f   LandUseLandCover.obj
 0001:00034b3c       _lms_lulc@_slcluarea_      10038b3c f   LandUseLandCover.obj
 0001:00034b84       _lms_lulc@_sproportionallandcover_ 10038b84 f   LandUseLandCover.obj
 0001:00034dae       _lms_lulc@_slanduselandcoverarea_ 10038dae f   LandUseLandCover.obj
 0001:00034f8a       _lms_lulc@_slanduselandcoverarea_5_ 10038f8a f   LandUseLandCover.obj
 0001:00035057       _lms_lulc@_ssetwaterusebylclu_ 10039057 f   LandUseLandCover.obj
 0001:000354d0       _lms_lulc@_sgetwaterusebylclu_ 100394d0 f   LandUseLandCover.obj
 0001:00035647       _lms_lulc@_sgetrawefficiencies_ 10039647 f   LandUseLandCover.obj
 0001:00035723       _lms_lulc@_sgetweighting_  10039723 f   LandUseLandCover.obj
 0001:00035836       _lms_lulc@_saddedoutdoorwater_ 10039836 f   LandUseLandCover.obj
 0001:000358d4       _lms_lulc@_spartitionpopulation_ 100398d4 f   LandUseLandCover.obj
 0001:00036d7a       _lms_lulc@_shouseholds_    1003ad7a f   LandUseLandCover.obj
 0001:000370e0       _lms_lulc@_spplhousehold_  1003b0e0 f   LandUseLandCover.obj
 0001:00037180       _lms_lulc@_sgpud_          1003b180 f   LandUseLandCover.obj
 0001:0003750f       _lms_lulc@_spph_           1003b50f f   LandUseLandCover.obj
 0001:00037724       _lms_lulc@_fratioproportion_ 1003b724 f   LandUseLandCover.obj
 0001:000377ce       _lms_lulc@_sindoorgpcdperhhres_ 1003b7ce f   LandUseLandCover.obj
 0001:000378b6       _lms_lulc@_stotalgpcdperhhres_ 1003b8b6 f   LandUseLandCover.obj
 0001:00037b26       _lms_lulc@_sturfwateruse_  1003bb26 f   LandUseLandCover.obj
 0001:00037d9b       _lms_lulc@_streewateruse_  1003bd9b f   LandUseLandCover.obj
 0001:00037fac       _lms_lulc@_fhyperbolatree_ 1003bfac f   LandUseLandCover.obj
 0001:0003802e       _lms_lulc@_smultiplymatricies_ 1003c02e f   LandUseLandCover.obj
 0001:0003816f       _lms_lulc@_getlclupct_     1003c16f f   LandUseLandCover.obj
 0001:000384df       _lms_lulc@_setlinearlclu_  1003c4df f   LandUseLandCover.obj
 0001:00038642       _lms_lulc@_getlinearlclu_  1003c642 f   LandUseLandCover.obj
 0001:00038785       _lms_lulc@_logisticlclu_   1003c785 f   LandUseLandCover.obj
 0001:00038a4d       _lms_lulc@_hyperbollclu_   1003ca4d f   LandUseLandCover.obj
 0001:00038d09       _lms_lulc@_sdefaultlandcover_ 1003cd09 f   LandUseLandCover.obj
 0001:00038d9e       _initializelulc_           1003cd9e f   LandUseLandCover.obj
 0001:00038db2       _sdefaultrcn_              1003cdb2 f   LandUseLandCover.obj
 0001:00038f06       _sproviderrcn_             1003cf06 f   LandUseLandCover.obj
 0001:00038f29       _ssetlcludemand_           1003cf29 f   LandUseLandCover.obj
 0001:00038f48       _sgetlcludemand_           1003cf48 f   LandUseLandCover.obj
 0001:00038f67       _srunlcluarea_             1003cf67 f   LandUseLandCover.obj
 0001:00038f86       _srunlclu_                 1003cf86 f   LandUseLandCover.obj
 0001:00038fc5       _srunproplandcover_5_      1003cfc5 f   LandUseLandCover.obj
 0001:00038fe0       _lm_meteorology_           1003cfe0 f   Meteorology.obj
 0001:00038ff1       _lm_meteorology@_initmeteo_ 1003cff1 f   Meteorology.obj
 0001:0003901f       _lm_meteorology@_openfiles_met_ 1003d01f f   Meteorology.obj
 0001:0003916e       _lm_meteorology@_readfiles_met_ 1003d16e f   Meteorology.obj
 0001:00039f4c       _initializemeteo_          1003df4c f   Meteorology.obj
 0001:00039f60       _lm_parametercontrol_      1003df60 f   Parameter_control.obj
 0001:00039f71       _lm_parametercontrol@_initparmcontrol_ 1003df71 f   Parameter_control.obj
 0001:00039f8f       _lm_parametercontrol@_openfiles_pc_ 1003df8f f   Parameter_control.obj
 0001:0003a0cc       _lm_parametercontrol@_readfiles_pc_ 1003e0cc f   Parameter_control.obj
 0001:0003a262       _lm_parametercontrol@_initarrays_ 1003e262 f   Parameter_control.obj
 0001:0003a63b       _lm_parametercontrol@_initparameters_ 1003e63b f   Parameter_control.obj
 0001:0003a708       _lm_parametercontrol@_initbaseparms_ 1003e708 f   Parameter_control.obj
 0001:0003a7f8       _lm_parametercontrol@_initglobal_ 1003e7f8 f   Parameter_control.obj
 0001:0003a9be       _lm_parametercontrol@_initco_ 1003e9be f   Parameter_control.obj
 0001:0003aa49       _lm_parametercontrol@_initsvt_ 1003ea49 f   Parameter_control.obj
 0001:0003ae56       _lm_parametercontrol@_initpopanddemand_ 1003ee56 f   Parameter_control.obj
 0001:0003b335       _lm_parametercontrol@_initcity_ 1003f335 f   Parameter_control.obj
 0001:0003c016       _lm_parametercontrol@_initgeneral_ 10040016 f   Parameter_control.obj
 0001:0003c399       _lm_parametercontrol@_initgwater_ 10040399 f   Parameter_control.obj
 0001:0003c51f       _lm_parametercontrol@_initgeneric_ 1004051f f   Parameter_control.obj
 0001:0003c8e6       _lm_parametercontrol@_initnew_ 100408e6 f   Parameter_control.obj
 0001:0003cdb4       _lm_parametercontrol@_initwatersim_6_ 10040db4 f   Parameter_control.obj
 0001:0003d04c       _lms_parametercontrol_     1004104c f   Parameter_control.obj
 0001:0003d05d       _lms_parametercontrol@_modifydesignations_ 1004105d f   Parameter_control.obj
 0001:0003d219       _initializemodel_          10041219 f   Parameter_control.obj
 0001:0003d237       _pcityparametercontrol_a_  10041237 f   Parameter_control.obj
 0001:0003dc8a       _invokedefault_            10041c8a f   Parameter_control.obj
 0001:0003dea4       _checkdefault_             10041ea4 f   Parameter_control.obj
 0001:0003e257       _sparametercontrol_tstep_  10042257 f   Parameter_control.obj
 0001:0003e336       _clearinclude_             10042336 f   Parameter_control.obj
 0001:0003e352       _sinputscity_              10042352 f   Parameter_control.obj
 0001:0003e8a0       _MAIN__                    100428a0 f   Program.obj
 0001:0003e959       _setparameters_            10042959 f   Program.obj
 0001:0003e990       _lms_provider_             10042990 f   Provider.obj
 0001:0003e9a1       _lms_provider@_writetodisk__ 100429a1 f   Provider.obj
 0001:0003e9ff       _lms_provider@_sprovider_  100429ff f   Provider.obj
 0001:0003ebfd       _lms_provider@_ademandsupply_ 10042bfd f   Provider.obj
 0001:00041089       _lms_provider@_waterbanking_ 10045089 f   Provider.obj
 0001:000412fa       _lms_provider@_clearvariables_ 100452fa f   Provider.obj
 0001:000413d4       _lms_provider@_sendtocitymodelnewvar_ 100453d4 f   Provider.obj
 0001:000424e9       _lms_provider@_adifference_ 100464e9 f   Provider.obj
 0001:00042827       _nexchangevariables_       10046827 f   Provider.obj
 0001:00042920       _pwaterproviders_          10046920 f   Provider.obj
 0001:000429e0       _lm_providerpopulation_    100469e0 f   ProviderPopulationandDemand.obj
 0001:000429f1       _lm_providerpopulation@_initpop_ 100469f1 f   ProviderPopulationandDemand.obj
 0001:00042a14       _lm_providerpopulation@_openfiles_pop_ 10046a14 f   ProviderPopulationandDemand.obj
 0001:00042c3e       _lm_providerpopulation@_readfiles_pop_ 10046c3e f   ProviderPopulationandDemand.obj
 0001:0004324d       _lm_providerpopulation@_initialize_ 1004724d f   ProviderPopulationandDemand.obj
 0001:00043317       _lms_providerpopanddemand_ 10047317 f   ProviderPopulationandDemand.obj
 0001:00043328       _lms_providerpopanddemand@_calcdemand_ 10047328 f   ProviderPopulationandDemand.obj
 0001:00045892       _lms_providerpopanddemand@_lulcdemand_ 10049892 f   ProviderPopulationandDemand.obj
 0001:000458b6       _lms_providerpopanddemand@_foutdooruse_ 100498b6 f   ProviderPopulationandDemand.obj
 0001:0004595e       _lms_providerpopanddemand@_primegpcd_ 1004995e f   ProviderPopulationandDemand.obj
 0001:00045f03       _lms_providerpopanddemand@_readnewgpcd_ 10049f03 f   ProviderPopulationandDemand.obj
 0001:00045fb3       _lms_providerpopanddemand@_gpcdses_ 10049fb3 f   ProviderPopulationandDemand.obj
 0001:00046602       _lms_providerpopanddemand@_calculatealpha_ 1004a602 f   ProviderPopulationandDemand.obj
 0001:0004674d       _lms_providerpopanddemand@_gpcd_target_ 1004a74d f   ProviderPopulationandDemand.obj
 0001:00046785       _lms_providerpopanddemand@_sholttarget_ 1004a785 f   ProviderPopulationandDemand.obj
 0001:000469f8       _lms_providerpopanddemand@_fholt_ 1004a9f8 f   ProviderPopulationandDemand.obj
 0001:00046af9       _lms_providerpopanddemand@_fminmaxalpha_ 1004aaf9 f   ProviderPopulationandDemand.obj
 0001:00046b57       _lms_providerpopanddemand@_fminmaxbeta_ 1004ab57 f   ProviderPopulationandDemand.obj
 0001:00046bb4       _lms_providerpopanddemand@_sfindalphabetastart_ 1004abb4 f   ProviderPopulationandDemand.obj
 0001:00046e06       _lms_providerpopanddemand@_slinearregression_ 1004ae06 f   ProviderPopulationandDemand.obj
 0001:00046fc2       _lms_providerpopanddemand@_sfindbetagamma_ 1004afc2 f   ProviderPopulationandDemand.obj
 0001:000472e3       _lms_providerpopanddemand@_ssetgpcd_ 1004b2e3 f   ProviderPopulationandDemand.obj
 0001:00047393       _initializepopanddemand_   1004b393 f   ProviderPopulationandDemand.obj
 0001:000473a7       _readgpcdglobal_           1004b3a7 f   ProviderPopulationandDemand.obj
 0001:000473c6       _readprovidergpcd_         1004b3c6 f   ProviderPopulationandDemand.obj
 0001:000473e5       _foutdoorestimate_         1004b3e5 f   ProviderPopulationandDemand.obj
 0001:0004749a       _fgpcdmethodvalues_        1004b49a f   ProviderPopulationandDemand.obj
 0001:00047512       _punmetdemand_             1004b512 f   ProviderPopulationandDemand.obj
 0001:000476e2       _pdemand_                  1004b6e2 f   ProviderPopulationandDemand.obj
 0001:00047a56       _pglobaldemand_            1004ba56 f   ProviderPopulationandDemand.obj
 0001:00047b4e       _scleardemand_             1004bb4e f   ProviderPopulationandDemand.obj
 0001:00047c5a       _providerarea2012_         1004bc5a f   ProviderPopulationandDemand.obj
 0001:00047ce3       _providerarea2012i_        1004bce3 f   ProviderPopulationandDemand.obj
 0001:00047d82       _providerareaag_2012_      1004bd82 f   ProviderPopulationandDemand.obj
 0001:00047eb7       _providerareaag_2012r_     1004beb7 f   ProviderPopulationandDemand.obj
 0001:00047f90       _typefiveexpsrp_           1004bf90 f   Regressions.obj
 0001:00048273       _typefiveexp_              1004c273 f   Regressions.obj
 0001:00048598       _typefiveexpres_           1004c598 f   Regressions.obj
 0001:00048bed       _typefiveexpcio_           1004cbed f   Regressions.obj
 0001:00049226       _normal_                   1004d226 f   Regressions.obj
 0001:00049900       _zdistribution_            1004d900 f   Regressions.obj
 0001:000499ad       _donormal_                 1004d9ad f   Regressions.obj
 0001:00049aed       _demandnormal_             1004daed f   Regressions.obj
 0001:00049bc7       _nmodifier_                1004dbc7 f   Regressions.obj
 0001:0004a25b       _catchexception_           1004e25b f   Regressions.obj
 0001:0004a4ab       _catchminexception_        1004e4ab f   Regressions.obj
 0001:0004a552       _gm_euler_                 1004e552 f   Regressions.obj
 0001:0004a563       _gm_euler@_seuler_         1004e563 f   Regressions.obj
 0001:0004a72a       _f_                        1004e72a f   Regressions.obj
 0001:0004a754       _ptypefiveexp_             1004e754 f   Regressions.obj
 0001:0004a808       _gaussian_                 1004e808 f   Regressions.obj
 0001:0004a8fe       _gaussianprime_            1004e8fe f   Regressions.obj
 0001:0004aa50       _lms_srpnewrelease_        1004ea50 f   SRPnewRelease.obj
 0001:0004aa61       _lms_srpnewrelease@_initialize_ 1004ea61 f   SRPnewRelease.obj
 0001:0004ab84       _lms_srpnewrelease@_nrelease_ 1004eb84 f   SRPnewRelease.obj
 0001:0004ad7e       _lms_srpnewrelease@_areleaseout_ 1004ed7e f   SRPnewRelease.obj
 0001:0004addb       _lms_srpnewrelease@_updatestate_ 1004eddb f   SRPnewRelease.obj
 0001:0004af1a       _lms_srpnewrelease@_outputstointerface_ 1004ef1a f   SRPnewRelease.obj
 0001:0004afb0       _psrpnewrelease_           1004efb0 f   SRPnewRelease.obj
 0001:0004b0a0       _lms_srpwateroperations_   1004f0a0 f   SRPwaterOperations.obj
 0001:0004b0b1       _lms_srpwateroperations@_classa_ 1004f0b1 f   SRPwaterOperations.obj
 0001:0004b2e7       _lms_srpwateroperations@_ncs_ 1004f2e7 f   SRPwaterOperations.obj
 0001:0004b773       _psrp_newclassa_           1004f773 f   SRPwaterOperations.obj
 0001:0004b973       _psrp_newclassbc_          1004f973 f   SRPwaterOperations.obj
 0001:0004c0b5       _psrp_newncs_              100500b5 f   SRPwaterOperations.obj
 0001:0004c240       _sstrings_                 10050240 f   Strings.obj
 0001:0004c985       _soncethrough_             10050985 f   Strings.obj
 0001:0004cd31       _swrite_                   10050d31 f   Strings.obj
 0001:0004cd9f       _ewrite_                   10050d9f f   Strings.obj
 0001:0004ce20       _gm_typecontrol_           10050e20 f   TypeConstructs.obj
 0001:0004ce30       _lms_watershed_            10050e30 f   WaterShed.obj
 0001:0004ce41       _lms_watershed@_initgroundwater_ 10050e41 f   WaterShed.obj
 0001:0004cea9       _lms_watershed@_initgw_    10050ea9 f   WaterShed.obj
 0001:0004cf7e       _pinitgroundwater_         10050f7e f   WaterShed.obj
 0001:0004d014       _flows_                    10051014 f   WaterShed.obj
 0001:0004d061       _sflowforenvironment_      10051061 f   WaterShed.obj
 0001:0004d419       _sflowssalttontoverde_     10051419 f   WaterShed.obj
 0001:0004d46f       _pdesignate_               1005146f f   WaterShed.obj
 0001:0004d610       _lm_srpsalttonto_          10051610 f   WaterShed_SaltTonto.obj
 0001:0004d621       _lm_srpsalttonto@_initwssalttonto_ 10051621 f   WaterShed_SaltTonto.obj
 0001:0004d63f       _lm_srpsalttonto@_openfiles_st_ 1005163f f   WaterShed_SaltTonto.obj
 0001:0004d731       _lm_srpsalttonto@_readfiles_st_ 10051731 f   WaterShed_SaltTonto.obj
 0001:0004d8d5       _lm_srpsalttonto@_initialstate_st_ 100518d5 f   WaterShed_SaltTonto.obj
 0001:0004d925       _lms_srpsalttonto_         10051925 f   WaterShed_SaltTonto.obj
 0001:0004d936       _lms_srpsalttonto@_ainflow_salttonto_ 10051936 f   WaterShed_SaltTonto.obj
 0001:0004de7b       _lms_srpsalttonto@_countyears_ 10051e7b f   WaterShed_SaltTonto.obj
 0001:0004df26       _lms_srpsalttonto@_monthlyflow_ 10051f26 f   WaterShed_SaltTonto.obj
 0001:0004dfea       _lms_srpsalttonto@_expectedstoragesalt_ 10051fea f   WaterShed_SaltTonto.obj
 0001:0004e1a9       _lms_srpsalttonto@_normalflowavailablemonthly_ 100521a9 f   WaterShed_SaltTonto.obj
 0001:0004e3e0       _lms_srpsalttonto@_monthlybc_ 100523e0 f   WaterShed_SaltTonto.obj
 0001:0004e47b       _lms_srpsalttonto@_storagesaltmonthly_ 1005247b f   WaterShed_SaltTonto.obj
 0001:0004ece4       _lms_srpsalttonto@_storagerooseveltmonthly_ 10052ce4 f   WaterShed_SaltTonto.obj
 0001:0004f09f       _lms_srpsalttonto@_initializeloop_ 1005309f f   WaterShed_SaltTonto.obj
 0001:0004f0e7       _lms_srpsalttonto@_outputstointerface_ 100530e7 f   WaterShed_SaltTonto.obj
 0001:0004f206       _lms_srpsalttonto@_validate_ 10053206 f   WaterShed_SaltTonto.obj
 0001:0004f2a7       _lms_srpsalttonto@_updatestate_ 100532a7 f   WaterShed_SaltTonto.obj
 0001:0004f378       _lms_srpsalttonto@_movingaveage_ 10053378 f   WaterShed_SaltTonto.obj
 0001:0004f4fc       _initializesalttonto_      100534fc f   WaterShed_SaltTonto.obj
 0001:0004f510       _adjustedflowsalttonto_    10053510 f   WaterShed_SaltTonto.obj
 0001:0004f52f       _initializenormalflow_     1005352f f   WaterShed_SaltTonto.obj
 0001:0004f5b3       _normalflowsalttonto_      100535b3 f   WaterShed_SaltTonto.obj
 0001:0004fb10       _lm_river_aa_              10053b10 f   WaterShed_STV.obj
 0001:0004fb21       _lm_river_aa@_initwsa_     10053b21 f   WaterShed_STV.obj
 0001:0004fb5e       _lm_river_aa@_openfiles_a_ 10053b5e f   WaterShed_STV.obj
 0001:0004fcea       _lm_river_aa@_readfiles_a_ 10053cea f   WaterShed_STV.obj
 0001:0004fea9       _lm_river_aa@_readparms_a_ 10053ea9 f   WaterShed_STV.obj
 0001:00050064       _lm_river_aa@_initialstate_a_ 10054064 f   WaterShed_STV.obj
 0001:000501ba       _lms_river_aa_             100541ba f   WaterShed_STV.obj
 0001:000501cb       _lms_river_aa@_outinitiala_ 100541cb f   WaterShed_STV.obj
 0001:000501df       _lms_river_aa@_sunintendedrecharge_ 100541df f   WaterShed_STV.obj
 0001:000502f2       _initializesalttontoverde_ 100542f2 f   WaterShed_STV.obj
 0001:00050306       _psalttontoverde_          10054306 f   WaterShed_STV.obj
 0001:00050340       _lm_srpverde_              10054340 f   WaterShed_Verde.obj
 0001:00050351       _lm_srpverde@_initwsverde_ 10054351 f   WaterShed_Verde.obj
 0001:0005036f       _lm_srpverde@_openfiles_v_ 1005436f f   WaterShed_Verde.obj
 0001:00050443       _lm_srpverde@_readfiles_v_ 10054443 f   WaterShed_Verde.obj
 0001:000505e7       _lm_srpverde@_initialstate_v_ 100545e7 f   WaterShed_Verde.obj
 0001:0005060f       _lms_srpverde_             1005460f f   WaterShed_Verde.obj
 0001:00050620       _lms_srpverde@_ainflow_verde_ 10054620 f   WaterShed_Verde.obj
 0001:00050b58       _lms_srpverde@_countyears_ 10054b58 f   WaterShed_Verde.obj
 0001:00050c03       _lms_srpverde@_monthlyflow_ 10054c03 f   WaterShed_Verde.obj
 0001:00050cc7       _lms_srpverde@_expectedstorageverde_ 10054cc7 f   WaterShed_Verde.obj
 0001:00050e05       _lms_srpverde@_normalflowavailablemonthly_ 10054e05 f   WaterShed_Verde.obj
 0001:00050fd6       _lms_srpverde@_monthlybc_  10054fd6 f   WaterShed_Verde.obj
 0001:00051299       _lms_srpverde@_storageverdemonthly_ 10055299 f   WaterShed_Verde.obj
 0001:0005181e       _lms_srpverde@_initializeloop_ 1005581e f   WaterShed_Verde.obj
 0001:00051894       _lms_srpverde@_transferout_ 10055894 f   WaterShed_Verde.obj
 0001:000518e2       _lms_srpverde@_outputstointerface_ 100558e2 f   WaterShed_Verde.obj
 0001:000519a5       _lms_srpverde@_validate_   100559a5 f   WaterShed_Verde.obj
 0001:00051ac7       _lms_srpverde@_updatestate_ 10055ac7 f   WaterShed_Verde.obj
 0001:00051b17       _initializeverde_          10055b17 f   WaterShed_Verde.obj
 0001:00051b2b       _adjustedflowverde_        10055b2b f   WaterShed_Verde.obj
 0001:00051b4a       _initializeverdemonthly_   10055b4a f   WaterShed_Verde.obj
 0001:00051b88       _normalflowverde_          10055b88 f   WaterShed_Verde.obj
 0001:00051e42       _monthlydemand_            10055e42 f   WaterShed_Verde.obj
 0001:00051f78       _checkclassaflowavailable_ 10055f78 f   WaterShed_Verde.obj
 0001:00052010       _lm_citiwaterbudgets_      10056010 f   Water_CityModel.obj
 0001:00052021       _lm_citiwaterbudgets@_initcitymodel_ 10056021 f   Water_CityModel.obj
 0001:0005203f       _lm_citiwaterbudgets@_openfiles_cm_ 1005603f f   Water_CityModel.obj
 0001:000520c1       _lm_citiwaterbudgets@_readfiles_cm_ 100560c1 f   Water_CityModel.obj
 0001:0005212e       _lms_citiwaterbudgets_     1005612e f   Water_CityModel.obj
 0001:0005213f       _lms_citiwaterbudgets@_saquifer_ 1005613f f   Water_CityModel.obj
 0001:00052a1f       _lms_citiwaterbudgets@_scommercial_ 10056a1f f   Water_CityModel.obj
 0001:000538df       _lms_citiwaterbudgets@_sshowerminutes_ 100578df f   Water_CityModel.obj
 0001:0005393e       _lms_citiwaterbudgets@_sindustrial_ 1005793e f   Water_CityModel.obj
 0001:00054854       _lms_citiwaterbudgets@_sdirectinjection_ 10058854 f   Water_CityModel.obj
 0001:00054a1f       _lms_citiwaterbudgets@_seffluent_ 10058a1f f   Water_CityModel.obj
 0001:0005559c       _lms_citiwaterbudgets@_sgwtreatment_ 1005959c f   Water_CityModel.obj
 0001:00055713       _lms_citiwaterbudgets@_sindustrialreuse_ 10059713 f   Water_CityModel.obj
 0001:000559c4       _lms_citiwaterbudgets@_sreclaimed_ 100599c4 f   Water_CityModel.obj
 0001:00055f03       _lms_citiwaterbudgets@_sresidential_ 10059f03 f   Water_CityModel.obj
 0001:00056ed3       _lms_citiwaterbudgets@_sroprocess_ 1005aed3 f   Water_CityModel.obj
 0001:000571f2       _lms_citiwaterbudgets@_srwwtp_ 1005b1f2 f   Water_CityModel.obj
 0001:000574be       _lms_citiwaterbudgets@_ssurfacewater_ 1005b4be f   Water_CityModel.obj
 0001:000578ca       _lms_citiwaterbudgets@_sswtp_ 1005b8ca f   Water_CityModel.obj
 0001:00057a2d       _lms_citiwaterbudgets@_svadose_ 1005ba2d f   Water_CityModel.obj
 0001:000584c8       _lms_citiwaterbudgets@_slagvadose_ 1005c4c8 f   Water_CityModel.obj
 0001:00058696       _lms_citiwaterbudgets@_storelaggedvadose_ 1005c696 f   Water_CityModel.obj
 0001:0005874b       _lms_citiwaterbudgets@_fvadoseinfiltration_ 1005c74b f   Water_CityModel.obj
 0001:000587d0       _lms_citiwaterbudgets@_fvadoseloss_ 1005c7d0 f   Water_CityModel.obj
 0001:00058849       _lms_citiwaterbudgets@_swsupply_ 1005c849 f   Water_CityModel.obj
 0001:000592d6       _lms_citiwaterbudgets@_swwtp_ 1005d2d6 f   Water_CityModel.obj
 0001:00059832       _lms_citiwaterbudgets@_srampupparameters_ 1005d832 f   Water_CityModel.obj
 0001:00059912       _lms_citiwaterbudgets@_srampdnparameters_ 1005d912 f   Water_CityModel.obj
 0001:000599c6       _lms_citiwaterbudgets@_sagriculture_ 1005d9c6 f   Water_CityModel.obj
 0001:00059bb8       _lms_citiwaterbudgets@_spowerplant_ 1005dbb8 f   Water_CityModel.obj
 0001:00059c57       _lms_citiwaterbudgets@_sbalancews_ 1005dc57 f   Water_CityModel.obj
 0001:0005a042       _lms_citiwaterbudgets@_sproportionnew_ 1005e042 f   Water_CityModel.obj
 0001:0005a2b4       _lms_citiwaterbudgets@_sproportion_ 1005e2b4 f   Water_CityModel.obj
 0001:0005aa69       _lms_citiwaterbudgets@_srangecheck_ 1005ea69 f   Water_CityModel.obj
 0001:0005ab59       _lms_citiwaterbudgets@_swaterfluxtoatmos_ 1005eb59 f   Water_CityModel.obj
 0001:0005abec       _lms_citiwaterbudgets@_supdatestate_ 1005ebec f   Water_CityModel.obj
 0001:0005ad16       _lms_citiwaterbudgets@_sstepupdate_ 1005ed16 f   Water_CityModel.obj
 0001:0005aede       _lms_citiwaterbudgets@_sgraywater_ 1005eede f   Water_CityModel.obj
 0001:0005b35d       _lms_citiwaterbudgets@_sblackwater_ 1005f35d f   Water_CityModel.obj
 0001:0005b6c6       _lms_citiwaterbudgets@_srunoff_ 1005f6c6 f   Water_CityModel.obj
 0001:0005b7b2       _lms_citiwaterbudgets@_fpercolation_ 1005f7b2 f   Water_CityModel.obj
 0001:0005b81e       _lms_citiwaterbudgets@_fstormwaterstorage_ 1005f81e f   Water_CityModel.obj
 0001:0005bb6e       _lms_citiwaterbudgets@_speakrainfall_ 1005fb6e f   Water_CityModel.obj
 0001:0005bbbf       _lms_citiwaterbudgets@_srainfallrunoff_ 1005fbbf f   Water_CityModel.obj
 0001:0005c3db       _lms_citiwaterbudgets@_sconverge_ 100603db f   Water_CityModel.obj
 0001:0005c3ef       _lms_citiwaterbudgets@_svadosecurve_ 100603ef f   Water_CityModel.obj
 0001:0005c45e       _lms_citiwaterbudgets@_sclearvariables_ 1006045e f   Water_CityModel.obj
 0001:0005c4ab       _lms_citiwaterbudgets@_typetransferin_ 100604ab f   Water_CityModel.obj
 0001:0005ced8       _lms_citiwaterbudgets@_typetransferout_ 10060ed8 f   Water_CityModel.obj
 0001:0005d41b       _lms_citiwaterbudgets@_soutputtointerface_ 1006141b f   Water_CityModel.obj
 0001:0005e175       _lms_citiwaterbudgets@_scitymodelwater_ 10062175 f   Water_CityModel.obj
 0001:0005e3a1       _lms_citiwaterbudgets@_screditbalance_ 100623a1 f   Water_CityModel.obj
 0001:0005e5f2       _lms_citiwaterbudgets@_outputs_ 100625f2 f   Water_CityModel.obj
 0001:0005e672       _initializecitymodel_      10062672 f   Water_CityModel.obj
 0001:0005e67e       _loopend_                  1006267e f   Water_CityModel.obj
 0001:0005e6a7       _loopstartend_             100626a7 f   Water_CityModel.obj
 0001:0005e707       _pcitimodel_               10062707 f   Water_CityModel.obj
 0001:0005ea18       _frainevaporationrate_     10062a18 f   Water_CityModel.obj
 0001:0005ea60       _f_dint                    10062a60 f   fj90f:jwe_fdin.obj
 0001:0005ead0       _f_trim                    10062ad0 f   fj90f:jwe_ftrm.obj
 0001:0005eb20       _f_scmov                   10062b20 f   fj90f:jwe_fcmv.obj
 0001:0005eb80       _f_cmove                   10062b80 f   fj90f:jwe_fcmv.obj
 0001:0005ebe0       _f_dnint                   10062be0 f   fj90f:jwe_fdni.obj
 0001:0005ecf0       _f_anint                   10062cf0 f   fj90f:jwe_fani.obj
 0001:0005ed70       _f_aixi                    10062d70 f   fj90f:jwe_fixi.obj
 0001:0005ef20       _f_index                   10062f20 f   fj90f:jwe_fidx.obj
 0001:0005ef90       _f_indexa                  10062f90 f   fj90f:jwe_fidx.obj
 0001:0005f070       _f_indexj                  10063070 f   fj90f:jwe_fidx.obj
 0001:0005f110       _f_indxaj                  10063110 f   fj90f:jwe_fidx.obj
 0001:0005f250       _f_datim                   10063250 f   fj90f:jwe_fdat.obj
 0001:0005f880       _f_cshft                   10063880 f   fj90f:jwe_fcsh.obj
 0001:00062070       _jwe_fcsh1                 10066070 f   fj90f:jwe_fcsh1.obj
 0001:00064350       _jwe_fcsh8                 10068350 f   fj90f:jwe_fcsh8.obj
 0001:00066a50       _jwe_fcsh4                 1006aa50 f   fj90f:jwe_fcsh4.obj
 0001:00068cc0       _jwe_fcsh2                 1006ccc0 f   fj90f:jwe_fcsh2.obj
 0001:0006af40       _g_arxr                    1006ef40 f   fj90g:jwe_grxr.obj
 0001:0006b58a       _jwe_gpow                  1006f58a f   fj90g:jwe_grxr.obj
 0001:0006b720       _g_adxd                    1006f720 f   fj90g:jwe_gdxd.obj
 0001:0006bc00       _jwe_gpwd                  1006fc00 f   fj90g:jwe_gdxd.obj
 0001:0006be60       _g_exp                     1006fe60 f   fj90g:jwe_gexp.obj
 0001:0006bf90       _g_fract                   1006ff90 f   fj90g:jwe_gfrr.obj
 0001:0006bfd0       _g_log                     1006ffd0 f   fj90g:jwe_glog.obj
 0001:0006c0f0       _g_atan                    100700f0 f   fj90g:jwe_gatn.obj
 0001:0006c110       _g_dexp                    10070110 f   fj90g:jwe_gdex.obj
 0001:0006c250       _jwe_gdex                  10070250 f   fj90g:jwe_gdex.obj
 0001:0006c270       _g_dsqrt                   10070270 f   fj90g:jwe_gdsq.obj
 0001:0006c380       _jwe_iocf                  10070380 f   fj90i:jwe_iocf.obj
 0001:0006eb50       _jwe_ifac                  10072b50 f   fj90i:jwe_iocf.obj
 0001:0006ed60       _jwe_ilst                  10072d60 f   fj90i:jwe_ilst.obj
 0001:0006f320       _jwe_iinq                  10073320 f   fj90i:jwe_iinq.obj
 0001:0006f570       _jwe_iiq0                  10073570 f   fj90i:jwe_iinq.obj
 0001:0006f910       _jwe_iiq1                  10073910 f   fj90i:jwe_iinq.obj
 0001:0006fc00       _jwe_iiq2                  10073c00 f   fj90i:jwe_iinq.obj
 0001:0006fee0       _jwe_iiq3                  10073ee0 f   fj90i:jwe_iinq.obj
 0001:00070440       _jwe_iiqs                  10074440 f   fj90i:jwe_iinq.obj
 0001:00071090       _jwe_iiqe                  10075090 f   fj90i:jwe_iinq.obj
 0001:00071340       _jwe_iiq4                  10075340 f   fj90i:jwe_iinq.obj
 0001:00071630       _jwe_iiq5                  10075630 f   fj90i:jwe_iinq.obj
 0001:00071ce0       _jwe_xalc                  10075ce0 f   fj90i:jwe_xalc.obj
 0001:00072140       _jwe_x_alloc_trace         10076140 f   fj90i:jwe_xalc.obj
 0001:00072270       _jwe_xdal                  10076270 f   fj90i:jwe_xdal.obj
 0001:00072620       _jwe_iinf                  10076620 f   fj90i:jwe_iinf.obj
 0001:000730c0       _jwe_xstp                  100770c0 f   fj90i:jwe_xstp.obj
 0001:00073210       _jwe_xadt                  10077210 f   fj90i:jwe_xadt.obj
 0001:000733f0       _jwe_xddt                  100773f0 f   fj90i:jwe_xadt.obj
 0001:00073630       _jwe_xopt                  10077630 f   fj90i:jwe_xopt.obj
 0001:000745f0       _jwe_xcop                  100785f0 f   fj90i:jwe_xopt.obj
 0001:00074850       _jwe_xrcp                  10078850 f   fj90i:jwe_xopt.obj
 0001:00074860       _jwe_isfm                  10078860 f   fj90i:jwe_isfm.obj
 0001:000750f0       _jwe_ipsf                  100790f0 f   fj90i:jwe_ipsf.obj
[...]
 0001:0007b810       _jwe_iidp                  1007f810 f   fj90i:jwe_iedi.obj
 0001:0007ba00       _jwe_idmv                  1007fa00 f   fj90i:jwe_iedi.obj
 0001:0007bad0       _jwe_iiex                  1007fad0 f   fj90i:jwe_iedi.obj
 0001:0007bbe0       _jwe_iexp                  1007fbe0 f   fj90i:jwe_iedi.obj
 0001:0007bd10       _jwe_iied                  1007fd10 f   fj90i:jwe_iedi.obj
 0001:0007be30       _jwe_iiif                  1007fe30 f   fj90i:jwe_iedi.obj
 0001:0007bf00       _jwe_iiec                  1007ff00 f   fj90i:jwe_iedi.obj
 0001:0007bf50       _jwe_iieo                  1007ff50 f   fj90i:jwe_iedi.obj
 0001:0007bff0       _jwe_iiri                  1007fff0 f   fj90i:jwe_iedi.obj
 0001:0007c0f0       _jwe_iini                  100800f0 f   fj90i:jwe_iedi.obj
 0001:0007c250       _jwe_iiie                  10080250 f   fj90i:jwe_iedi.obj
 0001:0007c960       _jwe_iile                  10080960 f   fj90i:jwe_iedi.obj
 0001:0007cc70       _jwe_iize                  10080c70 f   fj90i:jwe_iedi.obj
 0001:0007d090       _jwe_iizs                  10081090 f   fj90i:jwe_iedi.obj
 0001:0007d420       _jwe_iiae                  10081420 f   fj90i:jwe_iedi.obj
 0001:0007d4c0       _jwe_iiaw                  100814c0 f   fj90i:jwe_iedi.obj
 0001:0007d620       _jwe_iire                  10081620 f   fj90i:jwe_iedi.obj
 0001:0007d7a0       _jwe_iibe                  100817a0 f   fj90i:jwe_iedi.obj
 0001:0007db30       _jwe_iibs                  10081b30 f   fj90i:jwe_iedi.obj
 0001:0007de10       _jwe_iioe                  10081e10 f   fj90i:jwe_iedi.obj
 0001:0007e180       _jwe_iios                  10082180 f   fj90i:jwe_iedi.obj
 0001:0007e490       _jwe_iige                  10082490 f   fj90i:jwe_iedi.obj
 0001:0007e4b0       _jwe_iine                  100824b0 f   fj90i:jwe_iedi.obj
 0001:0007e4c0       _jwe_iief                  100824c0 f   fj90i:jwe_iedi.obj
 0001:0007e8b0       _jwe_iiqe                  100828b0 f   fj90i:jwe_iedi.obj
 0001:00079a30       _jwe_ilor                  1007da30 f   fj90i:jwe_ildo.obj
 0001:0007abd0       _jwe_il_c                  1007ebd0 f   fj90i:jwe_ildo.obj
 0001:0007ac90       _jwe_il_r                  1007ec90 f   fj90i:jwe_ildo.obj
 0001:0007afb0       _jwe_iloc                  1007efb0 f   fj90i:jwe_ildo.obj
 0001:0007b160       _jwe_iloe                  1007f160 f   fj90i:jwe_ildo.obj
 0001:00076950       _jwe_iofe                  1007a950 f   fj90i:jwe_iedo.obj
 0001:00076bc0       _jwe_ioed                  1007abc0 f   fj90i:jwe_iedo.obj
 0001:00077540       _jwe_ior0                  1007b540 f   fj90i:jwe_iedo.obj
 0001:000776d0       _jwe_ioni                  1007b6d0 f   fj90i:jwe_iedo.obj
 0001:00077790       _jwe_ioic                  1007b790 f   fj90i:jwe_iedo.obj
 0001:000779b0       _jwe_ioge                  1007b9b0 f   fj90i:jwe_iedo.obj
 0001:000779f0       _jwe_iocl                  1007b9f0 f   fj90i:jwe_iedo.obj
 0001:00077a20       _jwe_ioie                  1007ba20 f   fj90i:jwe_iedo.obj
 0001:00077ce0       _jwe_ioig                  1007bce0 f   fj90i:jwe_iedo.obj
 0001:00077f80       _jwe_iole                  1007bf80 f   fj90i:jwe_iedo.obj
 0001:00078060       _jwe_ioaw                  1007c060 f   fj90i:jwe_iedo.obj
 0001:000780f0       _jwe_ioae                  1007c0f0 f   fj90i:jwe_iedo.obj
 0001:00078120       _jwe_iozs                  1007c120 f   fj90i:jwe_iedo.obj
 0001:00078370       _jwe_ioze                  1007c370 f   fj90i:jwe_iedo.obj
 0001:00078570       _jwe_ioen                  1007c570 f   fj90i:jwe_iedo.obj
 0001:00078a20       _jwe_ioes                  1007ca20 f   fj90i:jwe_iedo.obj
 0001:00078dc0       _jwe_iore                  1007cdc0 f   fj90i:jwe_iedo.obj
 0001:00078e50       _jwe_iobs                  1007ce50 f   fj90i:jwe_iedo.obj
 0001:00079140       _jwe_iobe                  1007d140 f   fj90i:jwe_iedo.obj
 0001:000793f0       _jwe_ioos                  1007d3f0 f   fj90i:jwe_iedo.obj
 0001:000797a0       _jwe_iooe                  1007d7a0 f   fj90i:jwe_iedo.obj
 0001:000799b0       _jwe_ione                  1007d9b0 f   fj90i:jwe_iedo.obj
 0001:00076040       _jwe_errproc               1007a040 f   fj90i:jwe_iflc.obj
 0001:00075360       _jwe_ipse                  10079360 f   fj90i:jwe_ipsf.obj
 0001:00075060       _jwe_iser                  10079060 f   fj90i:jwe_isfm.obj
 0001:00073840       _jwe_xsch                  10077840 f   fj90i:jwe_xopt.obj
 0001:000734f0       _err_end                   100774f0 f   fj90i:jwe_xadt.obj
 0001:00072ef0       _jwe_iifg                  10076ef0 f   fj90i:jwe_iinf.obj
 0001:00072fb0       _jwe_iifp                  10076fb0 f   fj90i:jwe_iinf.obj
 0001:000724b0       _jwe_error_call            100764b0 f   fj90i:jwe_xdal.obj
 0001:00071ef0       _jwe_error_call            10075ef0 f   fj90i:jwe_xalc.obj
 0001:000707f0       _jwe_iiqc                  100747f0 f   fj90i:jwe_iinq.obj
 0001:00070eb0       _jwe_iiqn                  10074eb0 f   fj90i:jwe_iinq.obj
 0001:00070fb0       _jwe_iiqt                  10074fb0 f   fj90i:jwe_iinq.obj
 0001:00071210       _jwe_iiqi                  10075210 f   fj90i:jwe_iinq.obj
 0001:00071280       _jwe_wiqt                  10075280 f   fj90i:jwe_iinq.obj
 0001:000712e0       _jwe_wiqf                  100752e0 f   fj90i:jwe_iinq.obj
 0001:00071b90       _jwe_ifls                  10075b90 f   fj90i:jwe_iinq.obj
 0001:00071c70       _jwe_ifse                  10075c70 f   fj90i:jwe_iinq.obj
 0001:00071cb0       _jwe_ifst                  10075cb0 f   fj90i:jwe_iinq.obj
 0001:0006c9f0       _jwe_iop0                  100709f0 f   fj90i:jwe_iocf.obj
 0001:0006cec0       _jwe_iocl                  10070ec0 f   fj90i:jwe_iocf.obj
 0001:0006d0e0       _jwe_iop1                  100710e0 f   fj90i:jwe_iocf.obj
 0001:0006dbb0       _jwe_iop2                  10071bb0 f   fj90i:jwe_iocf.obj
 0001:0006dd80       _jwe_iop3                  10071d80 f   fj90i:jwe_iocf.obj
 0001:0006ddf0       _jwe_iop5                  10071df0 f   fj90i:jwe_iocf.obj
 0001:0006dea0       _jwe_iop4                  10071ea0 f   fj90i:jwe_iocf.obj
 0001:0006df60       _jwe_iop6                  10071f60 f   fj90i:jwe_iocf.obj
 0001:0006dfe0       _jwe_iop7                  10071fe0 f   fj90i:jwe_iocf.obj
 0001:0006e1e0       _jwe_iopc                  100721e0 f   fj90i:jwe_iocf.obj
 0001:0006e2b0       _jwe_iopw                  100722b0 f   fj90i:jwe_iocf.obj
 0001:0006e530       _jwe_iope                  10072530 f   fj90i:jwe_iocf.obj
 0001:0006e750       _jwe_iops                  10072750 f   fj90i:jwe_iocf.obj
 0001:0006e800       _jwe_iop8                  10072800 f   fj90i:jwe_iocf.obj
 0001:000bedce       _xtoa                      100c2dce f   libc:xtoa.obj
 0001:000beea0       _x64toa@20                 100c2ea0 f   libc:xtoa.obj
 0001:000bebdd       __stripquote               100c2bdd f   libc:tempnam.obj
 0001:000be271       _output                    100c2271 f   libc:cprintf.obj
 0001:000be99e       _write_char                100c299e f   libc:cprintf.obj
 0001:000be9b8       _write_multi_char          100c29b8 f   libc:cprintf.obj
 0001:000be9e4       _write_string              100c29e4 f   libc:cprintf.obj
 0001:000bea17       _get_int_arg               100c2a17 f   libc:cprintf.obj
 0001:000bea24       _get_int64_arg             100c2a24 f   libc:cprintf.obj
 0001:000bea34       _get_short_arg             100c2a34 f   libc:cprintf.obj
 0001:000bcd59       __get_fname                100c0d59 f   libc:fpexcept.obj
 0001:000ba454       label0                     100be454 f   libc:adj_fdiv.obj
 0001:000ba45a       label1                     100be45a f   libc:adj_fdiv.obj
 0001:000ba45f       label2                     100be45f f   libc:adj_fdiv.obj
 0001:000ba465       label3                     100be465 f   libc:adj_fdiv.obj
 0001:000ba46a       label4                     100be46a f   libc:adj_fdiv.obj
 0001:000ba470       label5                     100be470 f   libc:adj_fdiv.obj
 0001:000ba476       label6                     100be476 f   libc:adj_fdiv.obj
 0001:000ba47c       label7                     100be47c f   libc:adj_fdiv.obj
 0001:000ba482       label8                     100be482 f   libc:adj_fdiv.obj
 0001:000ba49e       label9                     100be49e f   libc:adj_fdiv.obj
 0001:000ba4a3       label10                    100be4a3 f   libc:adj_fdiv.obj
 0001:000ba4b9       label11                    100be4b9 f   libc:adj_fdiv.obj
 0001:000ba4be       label12                    100be4be f   libc:adj_fdiv.obj
 0001:000ba4da       label13                    100be4da f   libc:adj_fdiv.obj
 0001:000ba4ea       label14                    100be4ea f   libc:adj_fdiv.obj
 0001:000ba4fe       label15                    100be4fe f   libc:adj_fdiv.obj
 0001:000ba50e       label16                    100be50e f   libc:adj_fdiv.obj
 0001:000ba52e       label17                    100be52e f   libc:adj_fdiv.obj
 0001:000ba533       label18                    100be533 f   libc:adj_fdiv.obj
 0001:000ba54d       label19                    100be54d f   libc:adj_fdiv.obj
 0001:000ba552       label20                    100be552 f   libc:adj_fdiv.obj
 0001:000ba572       label21                    100be572 f   libc:adj_fdiv.obj
 0001:000ba586       label22                    100be586 f   libc:adj_fdiv.obj
 0001:000ba59e       label23                    100be59e f   libc:adj_fdiv.obj
 0001:000ba5b2       label24                    100be5b2 f   libc:adj_fdiv.obj
 0001:000ba5d2       label25                    100be5d2 f   libc:adj_fdiv.obj
 0001:000ba5d7       label26                    100be5d7 f   libc:adj_fdiv.obj
 0001:000ba5f1       label27                    100be5f1 f   libc:adj_fdiv.obj
 0001:000ba5f6       label28                    100be5f6 f   libc:adj_fdiv.obj
 0001:000ba616       label29                    100be616 f   libc:adj_fdiv.obj
 0001:000ba62a       label30                    100be62a f   libc:adj_fdiv.obj
 0001:000ba642       label31                    100be642 f   libc:adj_fdiv.obj
 0001:000ba656       label32                    100be656 f   libc:adj_fdiv.obj
 0001:000ba676       label33                    100be676 f   libc:adj_fdiv.obj
 0001:000ba67b       label34                    100be67b f   libc:adj_fdiv.obj
 0001:000ba695       label35                    100be695 f   libc:adj_fdiv.obj
 0001:000ba69a       label36                    100be69a f   libc:adj_fdiv.obj
 0001:000ba6ba       label37                    100be6ba f   libc:adj_fdiv.obj
 0001:000ba6ce       label38                    100be6ce f   libc:adj_fdiv.obj
 0001:000ba6e6       label39                    100be6e6 f   libc:adj_fdiv.obj
 0001:000ba6fa       label40                    100be6fa f   libc:adj_fdiv.obj
 0001:000ba71a       label41                    100be71a f   libc:adj_fdiv.obj
 0001:000ba71f       label42                    100be71f f   libc:adj_fdiv.obj
 0001:000ba739       label43                    100be739 f   libc:adj_fdiv.obj
 0001:000ba73e       label44                    100be73e f   libc:adj_fdiv.obj
 0001:000ba75e       label45                    100be75e f   libc:adj_fdiv.obj
 0001:000ba772       label46                    100be772 f   libc:adj_fdiv.obj
 0001:000ba78a       label47                    100be78a f   libc:adj_fdiv.obj
 0001:000ba79e       label48                    100be79e f   libc:adj_fdiv.obj
 0001:000ba7be       label49                    100be7be f   libc:adj_fdiv.obj
 0001:000ba7c3       label50                    100be7c3 f   libc:adj_fdiv.obj
 0001:000ba7dd       label51                    100be7dd f   libc:adj_fdiv.obj
 0001:000ba7e2       label52                    100be7e2 f   libc:adj_fdiv.obj
 0001:000ba802       label53                    100be802 f   libc:adj_fdiv.obj
 0001:000ba816       label54                    100be816 f   libc:adj_fdiv.obj
 0001:000ba82e       label55                    100be82e f   libc:adj_fdiv.obj
 0001:000ba842       label56                    100be842 f   libc:adj_fdiv.obj
 0001:000ba862       label57                    100be862 f   libc:adj_fdiv.obj
 0001:000ba867       label58                    100be867 f   libc:adj_fdiv.obj
 0001:000ba881       label59                    100be881 f   libc:adj_fdiv.obj
 0001:000ba886       label60                    100be886 f   libc:adj_fdiv.obj
 0001:000ba8a6       label61                    100be8a6 f   libc:adj_fdiv.obj
 0001:000ba8ba       label62                    100be8ba f   libc:adj_fdiv.obj
 0001:000ba8d2       label63                    100be8d2 f   libc:adj_fdiv.obj
 0001:000ba16c       _gu_return                 100be16c f   libc:exsup.obj
 0001:000ba174       __unwind_handler           100be174 f   libc:exsup.obj
 0001:000ba094       _findenv                   100be094 f   libc:setenv.obj
 0001:000ba0ec       _copy_environ              100be0ec f   libc:setenv.obj
 0001:000b9ee2       _strncnt                   100bdee2 f   libc:a_cmp.obj
 0001:000b986e       _cvtdate                   100bd86e f   libc:tzset.obj
 0001:000b8919       _getSystemCP               100bc919 f   libc:mbctype.obj
 0001:000b8963       _CPtoLCID                  100bc963 f   libc:mbctype.obj
 0001:000b8996       _setSBCS                   100bc996 f   libc:mbctype.obj
 0001:000b89bf       _setSBUpLow                100bc9bf f   libc:mbctype.obj
 0001:000b7e3a       _ctrlevent_capture@4       100bbe3a f   libc:winsig.obj
 0001:000b7f9f       _siglookup                 100bbf9f f   libc:winsig.obj
 0001:000b5a81       fFEXP                      100b9a81 f   libc:87tran.obj
 0001:000b5bc1       _rtforexpinf               100b9bc1 f   libc:87tran.obj
 0001:000b595e       _strncnt                   100b995e f   libc:a_map.obj
 0001:000b547b       _write_char                100b947b f   libc:output.obj
 0001:000b54b0       _write_multi_char          100b94b0 f   libc:output.obj
 0001:000b54e1       _write_string              100b94e1 f   libc:output.obj
 0001:000b5519       _get_int_arg               100b9519 f   libc:output.obj
 0001:000b5526       _get_int64_arg             100b9526 f   libc:output.obj
 0001:000b5536       _get_short_arg             100b9536 f   libc:output.obj
 0001:000b4a29       _xcptlookup                100b8a29 f   libc:winxfltr.obj
 0001:000b44fb       _IsRootUNCName             100b84fb f   libc:stat.obj
 0001:000b3f60       __cftoe_g                  100b7f60 f   libc:cvt.obj
 0001:000b3f87       __cftof_g                  100b7f87 f   libc:cvt.obj
 0001:000b3ffb       __shift                    100b7ffb f   libc:cvt.obj
 0001:000b36a9       _parse_cmdline             100b76a9 f   libc:stdargv.obj
 0001:000b1e2f       _doexit                    100b5e2f f   libc:crt0dat.obj
 0001:000b1ec8       __initterm                 100b5ec8 f   libc:crt0dat.obj
 0001:000b1550       LeadUp1                    100b5550 f   libc:memmove.obj
 0001:000b157c       LeadUp2                    100b557c f   libc:memmove.obj
 0001:000b15a0       LeadUp3                    100b55a0 f   libc:memmove.obj
 0001:000b161f       UnwindUp0                  100b561f f   libc:memmove.obj
 0001:000b160c       UnwindUp1                  100b560c f   libc:memmove.obj
 0001:000b1604       UnwindUp2                  100b5604 f   libc:memmove.obj
 0001:000b15fc       UnwindUp3                  100b55fc f   libc:memmove.obj
 0001:000b15f4       UnwindUp4                  100b55f4 f   libc:memmove.obj
 0001:000b15ec       UnwindUp5                  100b55ec f   libc:memmove.obj
 0001:000b15e4       UnwindUp6                  100b55e4 f   libc:memmove.obj
 0001:000b15dc       UnwindUp7                  100b55dc f   libc:memmove.obj
 0001:000b1638       TrailUp0                   100b5638 f   libc:memmove.obj
 0001:000b1640       TrailUp1                   100b5640 f   libc:memmove.obj
 0001:000b164c       TrailUp2                   100b564c f   libc:memmove.obj
 0001:000b1660       TrailUp3                   100b5660 f   libc:memmove.obj
 0001:000b16d8       LeadDown1                  100b56d8 f   libc:memmove.obj
 0001:000b16f8       LeadDown2                  100b56f8 f   libc:memmove.obj
 0001:000b1720       LeadDown3                  100b5720 f   libc:memmove.obj
 0001:000b1774       UnwindDown7                100b5774 f   libc:memmove.obj
 0001:000b177c       UnwindDown6                100b577c f   libc:memmove.obj
 0001:000b1784       UnwindDown5                100b5784 f   libc:memmove.obj
 0001:000b178c       UnwindDown4                100b578c f   libc:memmove.obj
 0001:000b1794       UnwindDown3                100b5794 f   libc:memmove.obj
 0001:000b179c       UnwindDown2                100b579c f   libc:memmove.obj
 0001:000b17a4       UnwindDown1                100b57a4 f   libc:memmove.obj
 0001:000b17b7       UnwindDown0                100b57b7 f   libc:memmove.obj
 0001:000b17d0       TrailDown0                 100b57d0 f   libc:memmove.obj
 0001:000b17d8       TrailDown1                 100b57d8 f   libc:memmove.obj
 0001:000b17e8       TrailDown2                 100b57e8 f   libc:memmove.obj
 0001:000b17fc       TrailDown3                 100b57fc f   libc:memmove.obj
 0001:000b1092       _strtoxl                   100b5092 f   libc:strtol.obj
 0001:000b0e56       _flsall                    100b4e56 f   libc:fflush.obj
 0001:000b0c66       __abstract_cw              100b4c66 f   libc:ieee87.obj
 0001:000b0cf8       __hw_cw                    100b4cf8 f   libc:ieee87.obj
 0001:000b0d81       __abstract_sw              100b4d81 f   libc:ieee87.obj
 0001:000b0b5a       _IsRootUNCName             100b4b5a f   libc:stati64.obj
 0001:000b0270       LeadUp1                    100b4270 f   libc:memcpy.obj
 0001:000b029c       LeadUp2                    100b429c f   libc:memcpy.obj
 0001:000b02c0       LeadUp3                    100b42c0 f   libc:memcpy.obj
 0001:000b033f       UnwindUp0                  100b433f f   libc:memcpy.obj
 0001:000b032c       UnwindUp1                  100b432c f   libc:memcpy.obj
 0001:000b0324       UnwindUp2                  100b4324 f   libc:memcpy.obj
 0001:000b031c       UnwindUp3                  100b431c f   libc:memcpy.obj
 0001:000b0314       UnwindUp4                  100b4314 f   libc:memcpy.obj
 0001:000b030c       UnwindUp5                  100b430c f   libc:memcpy.obj
 0001:000b0304       UnwindUp6                  100b4304 f   libc:memcpy.obj
 0001:000b02fc       UnwindUp7                  100b42fc f   libc:memcpy.obj
 0001:000b0358       TrailUp0                   100b4358 f   libc:memcpy.obj
 0001:000b0360       TrailUp1                   100b4360 f   libc:memcpy.obj
 0001:000b036c       TrailUp2                   100b436c f   libc:memcpy.obj
 0001:000b0380       TrailUp3                   100b4380 f   libc:memcpy.obj
 0001:000b03f8       LeadDown1                  100b43f8 f   libc:memcpy.obj
 0001:000b0418       LeadDown2                  100b4418 f   libc:memcpy.obj
 0001:000b0440       LeadDown3                  100b4440 f   libc:memcpy.obj
 0001:000b0494       UnwindDown7                100b4494 f   libc:memcpy.obj
 0001:000b049c       UnwindDown6                100b449c f   libc:memcpy.obj
 0001:000b04a4       UnwindDown5                100b44a4 f   libc:memcpy.obj
 0001:000b04ac       UnwindDown4                100b44ac f   libc:memcpy.obj
 0001:000b04b4       UnwindDown3                100b44b4 f   libc:memcpy.obj
 0001:000b04bc       UnwindDown2                100b44bc f   libc:memcpy.obj
 0001:000b04c4       UnwindDown1                100b44c4 f   libc:memcpy.obj
 0001:000b04d7       UnwindDown0                100b44d7 f   libc:memcpy.obj
 0001:000b04f0       TrailDown0                 100b44f0 f   libc:memcpy.obj
 0001:000b04f8       TrailDown1                 100b44f8 f   libc:memcpy.obj
 0001:000b0508       TrailDown2                 100b4508 f   libc:memcpy.obj
 0001:000b051c       TrailDown3                 100b451c f   libc:memcpy.obj
